Copyright 1986-2022 Xilinx, Inc. All Rights Reserved. Copyright 2022-2024 Advanced Micro Devices, Inc. All Rights Reserved.
----------------------------------------------------------------------------------------------------------------------------------------------------------------------------------------------------
| Tool Version : Vivado v.2024.1 (lin64) Build 5076996 Wed May 22 18:36:09 MDT 2024
| Date         : Tue May 19 16:51:49 2026
| Host         : Venus running 64-bit Ubuntu 22.04.5 LTS
| Command      : report_timing -sort_by group -max_paths 100 -path_type summary -file /home/sanghun/RVX/rvx-tutorials/platform/tip_hello/imp_genesys2-eb_2026-05-19/imp_result/route_timing_max.rpt
| Design       : TIP_HELLO_FPGA
| Device       : 7k325t-ffg900
| Speed File   : -2  PRODUCTION 1.12 2017-02-17
| Design State : Routed
----------------------------------------------------------------------------------------------------------------------------------------------------------------------------------------------------

Timing Report

Startpoint                     Endpoint                       Slack(ns)     
----------------------------------------------------------------------------
i_platform/i_rtl/platform_controller/i_rvx_instance_3/rvx_signal_05_reg[1]/C
                               i_platform/i_rtl/i_snim_external_peri_group_no_name/i_munoc_instance_1/i_munoc_instance_3/i_munoc_instance_1/i_rvx_instance_1/i_rvx_instance_0/rvx_port_10_reg[0]/CLR
                                                              7.984         
i_platform/i_rtl/platform_controller/i_rvx_instance_3/rvx_signal_05_reg[1]/C
                               i_platform/i_rtl/i_snim_external_peri_group_no_name/i_munoc_instance_0/i_munoc_instance_2/i_munoc_instance_0/i_gen_buffer[0].i_munoc_instance_0/rvx_signal_6_reg[6][16]/CLR
                                                              8.067         
i_platform/i_rtl/platform_controller/i_rvx_instance_3/rvx_signal_05_reg[1]/C
                               i_platform/i_rtl/i_snim_external_peri_group_no_name/i_munoc_instance_0/i_munoc_instance_2/i_munoc_instance_0/i_gen_buffer[0].i_munoc_instance_0/rvx_signal_6_reg[6][17]/CLR
                                                              8.067         
i_platform/i_rtl/platform_controller/i_rvx_instance_3/rvx_signal_05_reg[1]/C
                               i_platform/i_rtl/i_snim_external_peri_group_no_name/i_munoc_instance_1/i_munoc_instance_3/i_munoc_instance_1/i_rvx_instance_0/i_rvx_instance_1/rvx_signal_8_reg[1]/CLR
                                                              8.081         
i_platform/i_rtl/platform_controller/i_rvx_instance_3/rvx_signal_05_reg[1]/C
                               i_platform/i_rtl/i_snim_external_peri_group_no_name/i_munoc_instance_0/i_munoc_instance_2/i_munoc_instance_0/i_gen_buffer[0].i_munoc_instance_0/rvx_signal_6_reg[0][14]/CLR
                                                              8.083         
i_platform/i_rtl/platform_controller/i_rvx_instance_3/rvx_signal_05_reg[1]/C
                               i_platform/i_rtl/i_snim_external_peri_group_no_name/i_munoc_instance_0/i_munoc_instance_2/i_munoc_instance_0/i_gen_buffer[0].i_munoc_instance_0/rvx_signal_6_reg[0][16]/CLR
                                                              8.083         
i_platform/i_rtl/platform_controller/i_rvx_instance_3/rvx_signal_05_reg[1]/C
                               i_platform/i_rtl/i_snim_external_peri_group_no_name/i_munoc_instance_0/i_munoc_instance_2/i_munoc_instance_0/i_gen_buffer[0].i_munoc_instance_0/rvx_signal_6_reg[0][51]/CLR
                                                              8.083         
i_platform/i_rtl/platform_controller/i_rvx_instance_3/rvx_signal_05_reg[1]/C
                               i_platform/i_rtl/i_snim_external_peri_group_no_name/i_munoc_instance_1/i_munoc_instance_3/i_munoc_instance_1/i_rvx_instance_1/i_rvx_instance_0/i_rvx_instance_0/rvx_signal_06_reg[7]/CLR
                                                              8.111         
i_platform/i_rtl/platform_controller/i_rvx_instance_3/rvx_signal_05_reg[1]/C
                               i_platform/i_rtl/i_snim_external_peri_group_no_name/i_munoc_instance_1/i_munoc_instance_3/i_munoc_instance_1/i_rvx_instance_0/i_rvx_instance_1/rvx_signal_8_reg[0]/PRE
                                                              8.115         
i_platform/i_rtl/platform_controller/i_rvx_instance_3/rvx_signal_05_reg[1]/C
                               i_platform/i_rtl/i_snim_external_peri_group_no_name/i_munoc_instance_0/i_munoc_instance_2/i_munoc_instance_0/i_gen_buffer[0].i_munoc_instance_0/rvx_signal_6_reg[0][18]/CLR
                                                              8.125         
i_platform/i_rtl/platform_controller/i_rvx_instance_3/rvx_signal_05_reg[1]/C
                               i_platform/i_rtl/i_snim_external_peri_group_no_name/i_munoc_instance_0/i_munoc_instance_2/i_munoc_instance_0/i_gen_buffer[0].i_munoc_instance_0/rvx_signal_6_reg[0][19]/CLR
                                                              8.125         
i_platform/i_rtl/platform_controller/i_rvx_instance_3/rvx_signal_05_reg[1]/C
                               i_platform/i_rtl/i_snim_external_peri_group_no_name/i_munoc_instance_0/i_munoc_instance_2/i_munoc_instance_0/i_gen_buffer[0].i_munoc_instance_0/i_rvx_instance_1/value_reg[5]/CLR
                                                              8.128         
i_platform/i_rtl/platform_controller/i_rvx_instance_3/rvx_signal_05_reg[1]/C
                               i_platform/i_rtl/i_snim_external_peri_group_no_name/i_munoc_instance_0/i_munoc_instance_2/i_munoc_instance_0/i_gen_buffer[0].i_munoc_instance_0/i_rvx_instance_1/value_reg[6]/CLR
                                                              8.128         
i_platform/i_rtl/platform_controller/i_rvx_instance_3/rvx_signal_05_reg[1]/C
                               i_platform/i_rtl/i_snim_external_peri_group_no_name/i_munoc_instance_0/i_munoc_instance_2/i_munoc_instance_0/i_gen_buffer[0].i_munoc_instance_0/i_rvx_instance_1/value_reg[7]/CLR
                                                              8.128         
i_platform/i_rtl/platform_controller/i_rvx_instance_3/rvx_signal_05_reg[1]/C
                               i_platform/i_rtl/i_snim_external_peri_group_no_name/i_munoc_instance_1/i_munoc_instance_3/i_munoc_instance_1/i_rvx_instance_1/i_rvx_instance_0/i_rvx_instance_0/rvx_signal_06_reg[6]/CLR
                                                              8.144         
i_platform/i_rtl/platform_controller/i_rvx_instance_3/rvx_signal_05_reg[1]/C
                               i_platform/i_rtl/i_snim_external_peri_group_no_name/i_munoc_instance_0/i_munoc_instance_2/i_munoc_instance_0/i_gen_buffer[0].i_munoc_instance_0/i_rvx_instance_1/value_reg[0]/CLR
                                                              8.156         
i_platform/i_rtl/platform_controller/i_rvx_instance_3/rvx_signal_05_reg[1]/C
                               i_platform/i_rtl/i_snim_external_peri_group_no_name/i_munoc_instance_0/i_munoc_instance_2/i_munoc_instance_0/i_gen_buffer[0].i_munoc_instance_0/i_rvx_instance_1/value_reg[1]/CLR
                                                              8.156         
i_platform/i_rtl/platform_controller/i_rvx_instance_3/rvx_signal_05_reg[1]/C
                               i_platform/i_rtl/i_snim_external_peri_group_no_name/i_munoc_instance_0/i_munoc_instance_2/i_munoc_instance_0/i_gen_buffer[0].i_munoc_instance_0/i_rvx_instance_1/value_reg[2]/CLR
                                                              8.156         
i_platform/i_rtl/platform_controller/i_rvx_instance_3/rvx_signal_05_reg[1]/C
                               i_platform/i_rtl/i_snim_external_peri_group_no_name/i_munoc_instance_0/i_munoc_instance_0/i_munoc_instance_1/munoc_port_08_reg[0]/CLR
                                                              8.161         
i_platform/i_rtl/platform_controller/i_rvx_instance_3/rvx_signal_05_reg[1]/C
                               i_platform/i_rtl/i_snim_external_peri_group_no_name/i_munoc_instance_0/i_munoc_instance_0/i_munoc_instance_1/munoc_port_08_reg[4]/CLR
                                                              8.161         
i_platform/i_rtl/platform_controller/i_rvx_instance_3/rvx_signal_05_reg[1]/C
                               i_platform/i_rtl/i_snim_external_peri_group_no_name/i_munoc_instance_0/i_munoc_instance_2/i_munoc_instance_0/i_gen_buffer[0].i_munoc_instance_0/rvx_signal_6_reg[7][13]/CLR
                                                              8.161         
i_platform/i_rtl/platform_controller/i_rvx_instance_3/rvx_signal_05_reg[1]/C
                               i_platform/i_rtl/i_snim_external_peri_group_no_name/i_munoc_instance_0/i_munoc_instance_2/i_munoc_instance_0/i_gen_buffer[0].i_munoc_instance_0/rvx_signal_6_reg[7][51]/CLR
                                                              8.161         
i_platform/i_rtl/platform_controller/i_rvx_instance_3/rvx_signal_05_reg[1]/C
                               i_platform/i_rtl/i_snim_external_peri_group_no_name/i_munoc_instance_0/i_munoc_instance_0/i_munoc_instance_1/munoc_port_20_reg[0]/CLR
                                                              8.163         
i_platform/i_rtl/platform_controller/i_rvx_instance_3/rvx_signal_05_reg[1]/C
                               i_platform/i_rtl/i_snim_external_peri_group_no_name/i_munoc_instance_0/i_munoc_instance_0/i_munoc_instance_1/munoc_port_20_reg[1]/CLR
                                                              8.163         
i_platform/i_rtl/platform_controller/i_rvx_instance_3/rvx_signal_05_reg[1]/C
                               i_platform/i_rtl/i_snim_external_peri_group_no_name/i_munoc_instance_0/i_munoc_instance_0/i_munoc_instance_1/munoc_port_20_reg[2]/CLR
                                                              8.163         
i_platform/i_rtl/platform_controller/i_rvx_instance_3/rvx_signal_05_reg[1]/C
                               i_platform/i_rtl/i_snim_external_peri_group_no_name/i_munoc_instance_0/i_munoc_instance_0/i_munoc_instance_1/munoc_port_20_reg[3]/CLR
                                                              8.163         
i_platform/i_rtl/platform_controller/i_rvx_instance_3/rvx_signal_05_reg[1]/C
                               i_platform/i_rtl/i_snim_external_peri_group_no_name/i_munoc_instance_0/i_munoc_instance_2/i_munoc_instance_0/i_gen_buffer[0].i_munoc_instance_0/rvx_signal_6_reg[3][13]/CLR
                                                              8.163         
i_platform/i_rtl/platform_controller/i_rvx_instance_3/rvx_signal_05_reg[1]/C
                               i_platform/i_rtl/i_snim_external_peri_group_no_name/i_munoc_instance_0/i_munoc_instance_2/i_munoc_instance_0/i_gen_buffer[0].i_munoc_instance_0/rvx_signal_6_reg[3][14]/CLR
                                                              8.163         
i_platform/i_rtl/platform_controller/i_rvx_instance_3/rvx_signal_05_reg[1]/C
                               i_platform/i_rtl/i_snim_external_peri_group_no_name/i_munoc_instance_0/i_munoc_instance_2/i_munoc_instance_0/i_gen_buffer[0].i_munoc_instance_0/rvx_signal_6_reg[3][16]/CLR
                                                              8.163         
i_platform/i_rtl/platform_controller/i_rvx_instance_3/rvx_signal_05_reg[1]/C
                               i_platform/i_rtl/i_snim_external_peri_group_no_name/i_munoc_instance_0/i_munoc_instance_2/i_munoc_instance_0/i_gen_buffer[0].i_munoc_instance_0/rvx_signal_6_reg[3][17]/CLR
                                                              8.163         
i_platform/i_rtl/platform_controller/i_rvx_instance_3/rvx_signal_05_reg[1]/C
                               i_platform/i_rtl/i_snim_external_peri_group_no_name/i_munoc_instance_0/i_munoc_instance_2/i_munoc_instance_0/i_gen_buffer[0].i_munoc_instance_0/rvx_signal_6_reg[3][18]/CLR
                                                              8.163         
i_platform/i_rtl/platform_controller/i_rvx_instance_3/rvx_signal_05_reg[1]/C
                               i_platform/i_rtl/i_snim_external_peri_group_no_name/i_munoc_instance_0/i_munoc_instance_2/i_munoc_instance_0/i_gen_buffer[0].i_munoc_instance_0/rvx_signal_6_reg[3][19]/CLR
                                                              8.163         
i_platform/i_rtl/platform_controller/i_rvx_instance_3/rvx_signal_05_reg[1]/C
                               i_platform/i_rtl/i_snim_external_peri_group_no_name/i_munoc_instance_0/i_munoc_instance_2/i_munoc_instance_0/i_gen_buffer[0].i_munoc_instance_0/rvx_signal_6_reg[3][23]/CLR
                                                              8.163         
i_platform/i_rtl/platform_controller/i_rvx_instance_3/rvx_signal_05_reg[1]/C
                               i_platform/i_rtl/i_snim_external_peri_group_no_name/i_munoc_instance_0/i_munoc_instance_2/i_munoc_instance_0/i_gen_buffer[0].i_munoc_instance_0/rvx_signal_6_reg[3][51]/CLR
                                                              8.163         
i_platform/i_rtl/platform_controller/i_rvx_instance_3/rvx_signal_05_reg[1]/C
                               i_platform/i_rtl/i_snim_external_peri_group_no_name/i_munoc_instance_0/i_munoc_instance_2/i_munoc_instance_0/i_gen_buffer[0].i_munoc_instance_0/rvx_signal_6_reg[5][51]/CLR
                                                              8.188         
i_platform/i_rtl/platform_controller/i_rvx_instance_3/rvx_signal_05_reg[1]/C
                               i_platform/i_rtl/i_snim_external_peri_group_no_name/i_munoc_instance_0/i_munoc_instance_2/i_munoc_instance_0/i_gen_buffer[0].i_munoc_instance_0/i_rvx_instance_1/value_reg[3]/CLR
                                                              8.214         
i_platform/i_rtl/platform_controller/i_rvx_instance_3/rvx_signal_05_reg[1]/C
                               i_platform/i_rtl/i_snim_external_peri_group_no_name/i_munoc_instance_0/i_munoc_instance_2/i_munoc_instance_0/i_gen_buffer[0].i_munoc_instance_0/i_rvx_instance_1/value_reg[4]/CLR
                                                              8.214         
i_platform/i_rtl/platform_controller/i_rvx_instance_3/rvx_signal_05_reg[1]/C
                               i_platform/i_rtl/i_snim_external_peri_group_no_name/i_munoc_instance_0/i_munoc_instance_0/FSM_sequential_munoc_signal_21_reg[0]/CLR
                                                              8.219         
i_platform/i_rtl/platform_controller/i_rvx_instance_3/rvx_signal_05_reg[1]/C
                               i_platform/i_rtl/i_snim_external_peri_group_no_name/i_munoc_instance_0/i_munoc_instance_0/FSM_sequential_munoc_signal_21_reg[1]/CLR
                                                              8.219         
i_platform/i_rtl/platform_controller/i_rvx_instance_3/rvx_signal_05_reg[1]/C
                               i_platform/i_rtl/i_snim_external_peri_group_no_name/i_munoc_instance_0/i_munoc_instance_0/i_munoc_instance_0/FSM_sequential_munoc_signal_04_reg[1]/CLR
                                                              8.219         
i_platform/i_rtl/platform_controller/i_rvx_instance_3/rvx_signal_05_reg[1]/C
                               i_platform/i_rtl/i_snim_external_peri_group_no_name/i_munoc_instance_0/i_munoc_instance_2/i_munoc_instance_0/i_gen_buffer[0].i_munoc_instance_0/rvx_signal_6_reg[5][13]/CLR
                                                              8.221         
i_platform/i_rtl/platform_controller/i_rvx_instance_3/rvx_signal_05_reg[1]/C
                               i_platform/i_rtl/i_snim_external_peri_group_no_name/i_munoc_instance_0/i_munoc_instance_2/i_munoc_instance_0/i_gen_buffer[0].i_munoc_instance_0/rvx_signal_6_reg[5][14]/CLR
                                                              8.221         
i_platform/i_rtl/platform_controller/i_rvx_instance_3/rvx_signal_05_reg[1]/C
                               i_platform/i_rtl/i_snim_external_peri_group_no_name/i_munoc_instance_0/i_munoc_instance_2/i_munoc_instance_0/i_gen_buffer[0].i_munoc_instance_0/rvx_signal_6_reg[5][17]/CLR
                                                              8.221         
i_platform/i_rtl/platform_controller/i_rvx_instance_3/rvx_signal_05_reg[1]/C
                               i_platform/i_rtl/i_snim_external_peri_group_no_name/i_munoc_instance_0/i_munoc_instance_2/i_munoc_instance_0/i_gen_buffer[0].i_munoc_instance_0/rvx_signal_6_reg[5][3]/CLR
                                                              8.221         
i_platform/i_rtl/platform_controller/i_rvx_instance_3/rvx_signal_05_reg[1]/C
                               i_platform/i_rtl/i_snim_external_peri_group_no_name/i_munoc_instance_1/i_munoc_instance_3/i_munoc_instance_1/i_rvx_instance_1/i_rvx_instance_0/i_rvx_instance_0/rvx_signal_06_reg[0]/CLR
                                                              8.238         
i_platform/i_rtl/platform_controller/i_rvx_instance_3/rvx_signal_05_reg[1]/C
                               i_platform/i_rtl/i_snim_external_peri_group_no_name/i_munoc_instance_1/i_munoc_instance_3/i_munoc_instance_1/i_rvx_instance_1/i_rvx_instance_0/i_rvx_instance_0/rvx_signal_06_reg[1]/CLR
                                                              8.238         
i_platform/i_rtl/platform_controller/i_rvx_instance_3/rvx_signal_05_reg[1]/C
                               i_platform/i_rtl/i_snim_external_peri_group_no_name/i_munoc_instance_1/i_munoc_instance_3/i_munoc_instance_1/i_rvx_instance_1/i_rvx_instance_0/i_rvx_instance_0/rvx_signal_06_reg[2]/CLR
                                                              8.238         
i_platform/i_rtl/platform_controller/i_rvx_instance_3/rvx_signal_05_reg[1]/C
                               i_platform/i_rtl/i_snim_external_peri_group_no_name/i_munoc_instance_1/i_munoc_instance_3/i_munoc_instance_1/i_rvx_instance_1/i_rvx_instance_0/i_rvx_instance_0/rvx_signal_06_reg[3]/CLR
                                                              8.238         
i_platform/i_rtl/platform_controller/i_rvx_instance_3/rvx_signal_05_reg[1]/C
                               i_platform/i_rtl/i_snim_external_peri_group_no_name/i_munoc_instance_0/i_munoc_instance_2/i_munoc_instance_0/i_gen_buffer[0].i_munoc_instance_0/rvx_signal_6_reg[4][0]/CLR
                                                              8.240         
i_platform/i_rtl/platform_controller/i_rvx_instance_3/rvx_signal_05_reg[1]/C
                               i_platform/i_rtl/i_snim_external_peri_group_no_name/i_munoc_instance_0/i_munoc_instance_2/i_munoc_instance_0/i_gen_buffer[0].i_munoc_instance_0/rvx_signal_6_reg[4][47]/CLR
                                                              8.240         
i_platform/i_rtl/platform_controller/i_rvx_instance_3/rvx_signal_05_reg[1]/C
                               i_platform/i_rtl/i_snim_external_peri_group_no_name/i_munoc_instance_1/i_munoc_instance_3/i_munoc_instance_1/i_rvx_instance_1/i_rvx_instance_0/i_rvx_instance_0/rvx_signal_06_reg[4]/CLR
                                                              8.240         
i_platform/i_rtl/platform_controller/i_rvx_instance_3/rvx_signal_05_reg[1]/C
                               i_platform/i_rtl/i_snim_external_peri_group_no_name/i_munoc_instance_1/i_munoc_instance_3/i_munoc_instance_1/i_rvx_instance_1/i_rvx_instance_0/i_rvx_instance_0/rvx_signal_06_reg[5]/CLR
                                                              8.240         
i_platform/i_rtl/platform_controller/i_rvx_instance_3/rvx_signal_05_reg[1]/C
                               i_platform/i_rtl/i_snim_external_peri_group_no_name/i_munoc_instance_0/i_munoc_instance_2/i_munoc_instance_0/i_gen_buffer[0].i_munoc_instance_0/rvx_signal_6_reg[1][3]/CLR
                                                              8.247         
i_platform/i_rtl/platform_controller/i_rvx_instance_3/rvx_signal_05_reg[1]/C
                               i_platform/i_rtl/i_snim_external_peri_group_no_name/i_munoc_instance_0/i_munoc_instance_2/i_munoc_instance_0/i_gen_buffer[0].i_munoc_instance_0/rvx_signal_6_reg[1][47]/CLR
                                                              8.247         
i_platform/i_rtl/platform_controller/i_rvx_instance_3/rvx_signal_05_reg[1]/C
                               i_platform/i_rtl/i_snim_external_peri_group_no_name/i_munoc_instance_0/i_munoc_instance_2/i_munoc_instance_0/i_gen_buffer[0].i_munoc_instance_0/rvx_signal_6_reg[1][48]/CLR
                                                              8.247         
i_platform/i_rtl/platform_controller/i_rvx_instance_3/rvx_signal_05_reg[1]/C
                               i_platform/i_rtl/i_snim_external_peri_group_no_name/i_munoc_instance_0/i_munoc_instance_2/i_munoc_instance_0/i_gen_buffer[0].i_munoc_instance_0/rvx_signal_6_reg[1][13]/CLR
                                                              8.250         
i_platform/i_rtl/platform_controller/i_rvx_instance_3/rvx_signal_05_reg[1]/C
                               i_platform/i_rtl/i_snim_external_peri_group_no_name/i_munoc_instance_0/i_munoc_instance_2/i_munoc_instance_0/i_gen_buffer[0].i_munoc_instance_0/rvx_signal_6_reg[1][14]/CLR
                                                              8.250         
i_platform/i_rtl/platform_controller/i_rvx_instance_3/rvx_signal_05_reg[1]/C
                               i_platform/i_rtl/i_snim_external_peri_group_no_name/i_munoc_instance_0/i_munoc_instance_2/i_munoc_instance_0/i_gen_buffer[0].i_munoc_instance_0/rvx_signal_6_reg[1][16]/CLR
                                                              8.250         
i_platform/i_rtl/platform_controller/i_rvx_instance_3/rvx_signal_05_reg[1]/C
                               i_platform/i_rtl/i_snim_external_peri_group_no_name/i_munoc_instance_0/i_munoc_instance_2/i_munoc_instance_0/i_gen_buffer[0].i_munoc_instance_0/rvx_signal_6_reg[1][17]/CLR
                                                              8.250         
i_platform/i_rtl/platform_controller/i_rvx_instance_3/rvx_signal_05_reg[1]/C
                               i_platform/i_rtl/i_snim_external_peri_group_no_name/i_munoc_instance_0/i_munoc_instance_2/i_munoc_instance_0/i_gen_buffer[0].i_munoc_instance_0/rvx_signal_6_reg[1][51]/CLR
                                                              8.250         
i_platform/i_rtl/platform_controller/i_rvx_instance_3/rvx_signal_05_reg[1]/C
                               i_platform/i_rtl/i_snim_external_peri_group_no_name/i_munoc_instance_0/i_munoc_instance_2/i_munoc_instance_0/i_gen_buffer[0].i_munoc_instance_0/rvx_signal_6_reg[1][0]/CLR
                                                              8.298         
i_platform/i_rtl/platform_controller/i_rvx_instance_3/rvx_signal_05_reg[1]/C
                               i_platform/i_rtl/i_snim_external_peri_group_no_name/i_munoc_instance_0/i_munoc_instance_2/i_munoc_instance_0/i_gen_buffer[0].i_munoc_instance_0/i_rvx_instance_2/value_reg[4]/CLR
                                                              8.305         
i_platform/i_rtl/platform_controller/i_rvx_instance_3/rvx_signal_05_reg[1]/C
                               i_platform/i_rtl/i_snim_external_peri_group_no_name/i_munoc_instance_0/i_munoc_instance_2/i_munoc_instance_0/i_gen_buffer[0].i_munoc_instance_0/i_rvx_instance_2/value_reg[5]/CLR
                                                              8.305         
i_platform/i_rtl/platform_controller/i_rvx_instance_3/rvx_signal_05_reg[1]/C
                               i_platform/i_rtl/i_snim_external_peri_group_no_name/i_munoc_instance_0/i_munoc_instance_0/i_munoc_instance_1/munoc_port_08_reg[1]/CLR
                                                              8.308         
i_platform/i_rtl/platform_controller/i_rvx_instance_3/rvx_signal_05_reg[1]/C
                               i_platform/i_rtl/i_snim_external_peri_group_no_name/i_munoc_instance_0/i_munoc_instance_2/i_munoc_instance_0/i_gen_buffer[0].i_munoc_instance_0/rvx_signal_6_reg[3][3]/CLR
                                                              8.327         
i_platform/i_rtl/platform_controller/i_rvx_instance_3/rvx_signal_05_reg[1]/C
                               i_platform/i_rtl/i_snim_external_peri_group_no_name/i_munoc_instance_0/i_munoc_instance_0/i_munoc_instance_1/munoc_signal_19_reg[0]/CLR
                                                              8.329         
i_platform/i_rtl/platform_controller/i_rvx_instance_3/rvx_signal_05_reg[1]/C
                               i_platform/i_rtl/i_snim_external_peri_group_no_name/i_munoc_instance_0/i_munoc_instance_0/i_munoc_instance_1/munoc_signal_19_reg[1]/CLR
                                                              8.329         
i_platform/i_rtl/platform_controller/i_rvx_instance_3/rvx_signal_05_reg[1]/C
                               i_platform/i_rtl/i_snim_external_peri_group_no_name/i_munoc_instance_0/i_munoc_instance_0/i_munoc_instance_1/munoc_signal_19_reg[2]/CLR
                                                              8.329         
i_platform/i_rtl/platform_controller/i_rvx_instance_3/rvx_signal_05_reg[1]/C
                               i_platform/i_rtl/i_snim_external_peri_group_no_name/i_munoc_instance_0/i_munoc_instance_0/i_munoc_instance_1/munoc_signal_19_reg[3]/CLR
                                                              8.329         
i_platform/i_rtl/platform_controller/i_rvx_instance_3/rvx_signal_05_reg[1]/C
                               i_platform/i_rtl/i_snim_external_peri_group_no_name/i_munoc_instance_0/i_munoc_instance_2/i_munoc_instance_0/i_gen_buffer[0].i_munoc_instance_0/rvx_signal_6_reg[2][0]/CLR
                                                              8.334         
i_platform/i_rtl/platform_controller/i_rvx_instance_3/rvx_signal_05_reg[1]/C
                               i_platform/i_rtl/i_snim_external_peri_group_no_name/i_munoc_instance_0/i_munoc_instance_2/i_munoc_instance_0/i_gen_buffer[0].i_munoc_instance_0/rvx_signal_6_reg[2][47]/CLR
                                                              8.334         
i_platform/i_rtl/platform_controller/i_rvx_instance_3/rvx_signal_05_reg[1]/C
                               i_platform/i_rtl/i_snim_external_peri_group_no_name/i_munoc_instance_0/i_munoc_instance_2/i_munoc_instance_0/i_gen_buffer[0].i_munoc_instance_0/rvx_signal_6_reg[2][48]/CLR
                                                              8.334         
i_platform/i_rtl/platform_controller/i_rvx_instance_3/rvx_signal_05_reg[1]/C
                               i_platform/i_rtl/i_snim_external_peri_group_no_name/i_munoc_instance_0/i_munoc_instance_2/i_munoc_instance_0/i_gen_buffer[0].i_munoc_instance_0/rvx_signal_6_reg[2][49]/CLR
                                                              8.334         
i_platform/i_rtl/platform_controller/i_rvx_instance_3/rvx_signal_05_reg[1]/C
                               i_platform/i_rtl/i_snim_external_peri_group_no_name/i_munoc_instance_0/i_munoc_instance_2/i_munoc_instance_0/i_gen_buffer[0].i_munoc_instance_0/rvx_signal_6_reg[2][13]/CLR
                                                              8.338         
i_platform/i_rtl/platform_controller/i_rvx_instance_3/rvx_signal_05_reg[1]/C
                               i_platform/i_rtl/i_snim_external_peri_group_no_name/i_munoc_instance_0/i_munoc_instance_2/i_munoc_instance_0/i_gen_buffer[0].i_munoc_instance_0/rvx_signal_6_reg[2][14]/CLR
                                                              8.338         
i_platform/i_rtl/platform_controller/i_rvx_instance_3/rvx_signal_05_reg[1]/C
                               i_platform/i_rtl/i_snim_external_peri_group_no_name/i_munoc_instance_0/i_munoc_instance_2/i_munoc_instance_0/i_gen_buffer[0].i_munoc_instance_0/rvx_signal_6_reg[2][17]/CLR
                                                              8.338         
i_platform/i_rtl/platform_controller/i_rvx_instance_3/rvx_signal_05_reg[1]/C
                               i_platform/i_rtl/i_snim_external_peri_group_no_name/i_munoc_instance_0/i_munoc_instance_2/i_munoc_instance_0/i_gen_buffer[0].i_munoc_instance_0/rvx_signal_6_reg[2][51]/CLR
                                                              8.338         
i_platform/i_rtl/platform_controller/i_rvx_instance_3/rvx_signal_05_reg[1]/C
                               i_platform/i_rtl/i_snim_external_peri_group_no_name/i_munoc_instance_0/i_munoc_instance_2/i_munoc_instance_0/i_gen_buffer[0].i_munoc_instance_0/rvx_signal_6_reg[3][48]/CLR
                                                              8.359         
i_platform/i_rtl/platform_controller/i_rvx_instance_3/rvx_signal_05_reg[1]/C
                               i_platform/i_rtl/i_snim_external_peri_group_no_name/i_munoc_instance_0/i_munoc_instance_2/i_munoc_instance_0/i_gen_buffer[0].i_munoc_instance_0/rvx_signal_6_reg[4][51]/CLR
                                                              8.363         
i_platform/i_rtl/platform_controller/i_rvx_instance_3/rvx_signal_05_reg[1]/C
                               i_platform/i_rtl/i_snim_external_peri_group_no_name/i_munoc_instance_0/i_munoc_instance_2/i_munoc_instance_0/i_gen_buffer[0].i_munoc_instance_0/rvx_signal_6_reg[3][0]/CLR
                                                              8.392         
i_platform/i_rtl/platform_controller/i_rvx_instance_3/rvx_signal_05_reg[1]/C
                               i_platform/i_rtl/i_snim_external_peri_group_no_name/i_munoc_instance_0/i_munoc_instance_2/i_munoc_instance_0/i_gen_buffer[0].i_munoc_instance_0/rvx_signal_6_reg[3][15]/CLR
                                                              8.392         
i_platform/i_rtl/platform_controller/i_rvx_instance_3/rvx_signal_05_reg[1]/C
                               i_platform/i_rtl/i_snim_external_peri_group_no_name/i_munoc_instance_0/i_munoc_instance_2/i_munoc_instance_0/i_gen_buffer[0].i_munoc_instance_0/rvx_signal_6_reg[3][46]/CLR
                                                              8.392         
i_platform/i_rtl/platform_controller/i_rvx_instance_3/rvx_signal_05_reg[1]/C
                               i_platform/i_rtl/i_snim_external_peri_group_no_name/i_munoc_instance_0/i_munoc_instance_2/i_munoc_instance_0/i_gen_buffer[0].i_munoc_instance_0/rvx_signal_6_reg[3][47]/CLR
                                                              8.392         
i_platform/i_rtl/platform_controller/i_rvx_instance_3/rvx_signal_05_reg[1]/C
                               i_platform/i_rtl/i_snim_external_peri_group_no_name/i_munoc_instance_0/i_munoc_instance_2/i_munoc_instance_0/i_gen_buffer[0].i_munoc_instance_0/rvx_signal_6_reg[4][13]/CLR
                                                              8.396         
i_platform/i_rtl/platform_controller/i_rvx_instance_3/rvx_signal_05_reg[1]/C
                               i_platform/i_rtl/i_snim_external_peri_group_no_name/i_munoc_instance_0/i_munoc_instance_2/i_munoc_instance_0/i_gen_buffer[0].i_munoc_instance_0/rvx_signal_6_reg[4][14]/CLR
                                                              8.396         
i_platform/i_rtl/platform_controller/i_rvx_instance_3/rvx_signal_05_reg[1]/C
                               i_platform/i_rtl/i_snim_external_peri_group_no_name/i_munoc_instance_0/i_munoc_instance_2/i_munoc_instance_0/i_gen_buffer[0].i_munoc_instance_0/rvx_signal_6_reg[4][16]/CLR
                                                              8.396         
i_platform/i_rtl/platform_controller/i_rvx_instance_3/rvx_signal_05_reg[1]/C
                               i_platform/i_rtl/i_snim_external_peri_group_no_name/i_munoc_instance_0/i_munoc_instance_2/i_munoc_instance_0/i_gen_buffer[0].i_munoc_instance_0/rvx_signal_6_reg[4][17]/CLR
                                                              8.396         
i_platform/i_rtl/platform_controller/i_rvx_instance_3/rvx_signal_05_reg[1]/C
                               i_platform/i_rtl/i_snim_external_peri_group_no_name/i_munoc_instance_0/i_munoc_instance_0/i_munoc_instance_0/munoc_signal_18_reg[0]/CLR
                                                              8.415         
i_platform/i_rtl/platform_controller/i_rvx_instance_3/rvx_signal_05_reg[1]/C
                               i_platform/i_rtl/i_snim_external_peri_group_no_name/i_munoc_instance_0/i_munoc_instance_0/i_munoc_instance_0/munoc_signal_18_reg[6]/CLR
                                                              8.415         
i_platform/i_rtl/platform_controller/i_rvx_instance_3/rvx_signal_05_reg[1]/C
                               i_platform/i_rtl/i_snim_external_peri_group_no_name/i_munoc_instance_0/i_munoc_instance_0/i_munoc_instance_0/munoc_signal_18_reg[7]/CLR
                                                              8.415         
i_platform/i_rtl/platform_controller/i_rvx_instance_3/rvx_signal_05_reg[1]/C
                               i_platform/i_rtl/i_snim_external_peri_group_no_name/i_munoc_instance_0/i_munoc_instance_0/i_munoc_instance_0/munoc_signal_18_reg[1]/CLR
                                                              8.417         
i_platform/i_rtl/platform_controller/i_rvx_instance_3/rvx_signal_05_reg[1]/C
                               i_platform/i_rtl/i_snim_external_peri_group_no_name/i_munoc_instance_0/i_munoc_instance_0/i_munoc_instance_0/munoc_signal_18_reg[2]/CLR
                                                              8.417         
i_platform/i_rtl/platform_controller/i_rvx_instance_3/rvx_signal_05_reg[1]/C
                               i_platform/i_rtl/i_snim_external_peri_group_no_name/i_munoc_instance_0/i_munoc_instance_0/i_munoc_instance_0/munoc_signal_18_reg[3]/CLR
                                                              8.417         
i_platform/i_rtl/platform_controller/i_rvx_instance_3/rvx_signal_05_reg[1]/C
                               i_platform/i_rtl/i_snim_external_peri_group_no_name/i_munoc_instance_0/i_munoc_instance_0/i_munoc_instance_0/munoc_signal_18_reg[4]/CLR
                                                              8.417         
i_platform/i_rtl/platform_controller/i_rvx_instance_3/rvx_signal_05_reg[1]/C
                               i_platform/i_rtl/i_snim_external_peri_group_no_name/i_munoc_instance_0/i_munoc_instance_0/i_munoc_instance_0/munoc_signal_18_reg[5]/CLR
                                                              8.417         
i_platform/i_rtl/platform_controller/i_rvx_instance_3/rvx_signal_05_reg[1]/C
                               i_platform/i_rtl/i_snim_external_peri_group_no_name/i_munoc_instance_0/i_munoc_instance_2/i_munoc_instance_0/i_gen_buffer[0].i_munoc_instance_0/rvx_signal_6_reg[5][0]/CLR
                                                              8.430         
i_platform/i_rtl/platform_controller/i_rvx_instance_3/rvx_signal_05_reg[1]/C
                               i_platform/i_rtl/i_snim_external_peri_group_no_name/i_munoc_instance_0/i_munoc_instance_2/i_munoc_instance_0/i_gen_buffer[0].i_munoc_instance_0/rvx_signal_6_reg[5][23]/CLR
                                                              8.430         
i_platform/i_rtl/platform_controller/i_rvx_instance_3/rvx_signal_05_reg[1]/C
                               i_platform/i_rtl/i_snim_external_peri_group_no_name/i_munoc_instance_0/i_munoc_instance_2/i_munoc_instance_0/i_gen_buffer[0].i_munoc_instance_0/rvx_signal_6_reg[5][45]/CLR
                                                              8.430         
i_platform/i_rtl/platform_controller/i_rvx_instance_3/rvx_signal_05_reg[1]/C
                               i_platform/i_rtl/i_snim_external_peri_group_no_name/i_munoc_instance_0/i_munoc_instance_2/i_munoc_instance_0/i_gen_buffer[0].i_munoc_instance_0/rvx_signal_6_reg[5][47]/CLR
                                                              8.430         
i_platform/i_rtl/platform_controller/i_rvx_instance_3/rvx_signal_05_reg[1]/C
                               i_platform/i_rtl/i_snim_external_peri_group_no_name/i_munoc_instance_0/i_munoc_instance_2/i_munoc_instance_0/i_gen_buffer[0].i_munoc_instance_0/rvx_signal_6_reg[5][48]/CLR
                                                              8.430         
i_platform/i_rtl/i_main_core/i_orca/core/D__0/two_cycle.from_decode_instruction_signal_reg[30]/C
                               i_platform/i_rtl/i_main_core/i_orca/core/D__0/the_register_file/bypass_gen.out1_reg[13]/D
                                                              11.370        
i_platform/i_rtl/i_main_core/i_orca/core/D__0/two_cycle.from_decode_instruction_signal_reg[30]/C
                               i_platform/i_rtl/i_main_core/i_orca/core/D__0/the_register_file/bypass_gen.out1_reg[24]/D
                                                              11.485        
i_platform/i_rtl/i_main_core/i_orca/core/D__0/two_cycle.from_decode_instruction_signal_reg[30]/C
                               i_platform/i_rtl/i_main_core/i_orca/core/D__0/the_register_file/bypass_gen.out1_reg[6]/D
                                                              11.574        
i_platform/i_rtl/i_main_core/i_orca/core/D__0/two_cycle.from_decode_instruction_signal_reg[30]/C
                               i_platform/i_rtl/i_main_core/i_orca/core/D__0/the_register_file/bypass_gen.out1_reg[2]/D
                                                              11.646        
i_platform/i_rtl/i_main_core/i_orca/core/D__0/two_cycle.from_decode_instruction_signal_reg[30]/C
                               i_platform/i_rtl/i_main_core/i_orca/core/D__0/the_register_file/bypass_gen.out1_reg[7]/D
                                                              11.658        
i_platform/i_rtl/i_main_core/i_orca/core/D__0/two_cycle.from_decode_instruction_signal_reg[30]/C
                               i_platform/i_rtl/i_main_core/i_orca/core/D__0/the_register_file/bypass_gen.out1_reg[14]/D
                                                              11.668        
i_platform/i_rtl/i_main_core/i_orca/core/D__0/two_cycle.from_decode_instruction_signal_reg[30]/C
                               i_platform/i_rtl/i_main_core/i_orca/core/D__0/the_register_file/bypass_gen.out1_reg[3]/D
                                                              11.678        
i_platform/i_rtl/i_main_core/i_orca/core/D__0/two_cycle.from_decode_instruction_signal_reg[30]/C
                               i_platform/i_rtl/i_main_core/i_orca/core/D__0/the_register_file/bypass_gen.out2_reg[28]/D
                                                              11.698        
i_platform/i_rtl/i_main_core/i_orca/core/D__0/two_cycle.from_decode_instruction_signal_reg[30]/C
                               i_platform/i_rtl/i_main_core/i_orca/core/D__0/the_register_file/bypass_gen.out1_reg[28]/D
                                                              11.741        
i_platform/i_rtl/i_main_core/i_orca/core/D__0/two_cycle.from_decode_instruction_signal_reg[30]/C
                               i_platform/i_rtl/i_main_core/i_orca/core/D__0/the_register_file/bypass_gen.out1_reg[10]/D
                                                              11.781        
i_platform/i_rtl/i_main_core/i_orca/core/D__0/two_cycle.from_decode_instruction_signal_reg[30]/C
                               i_platform/i_rtl/i_main_core/i_orca/core/D__0/the_register_file/bypass_gen.out2_reg[24]/D
                                                              11.798        
i_platform/i_rtl/i_main_core/i_orca/core/D__0/two_cycle.from_decode_instruction_signal_reg[30]/C
                               i_platform/i_rtl/i_main_core/i_orca/core/D__0/the_register_file/bypass_gen.out2_reg[31]/D
                                                              11.798        
i_platform/i_rtl/i_main_core/i_orca/core/D__0/two_cycle.from_decode_instruction_signal_reg[30]/C
                               i_platform/i_rtl/i_main_core/i_orca/core/D__0/the_register_file/bypass_gen.out1_reg[8]/D
                                                              11.813        
i_platform/i_rtl/i_main_core/i_orca/core/D__0/two_cycle.from_decode_instruction_signal_reg[30]/C
                               i_platform/i_rtl/i_main_core/i_orca/core/D__0/the_register_file/bypass_gen.out1_reg[31]/D
                                                              11.815        
i_platform/i_rtl/i_main_core/i_orca/core/D__0/two_cycle.from_decode_instruction_signal_reg[30]/C
                               i_platform/i_rtl/i_main_core/i_orca/core/D__0/the_register_file/bypass_gen.out1_reg[21]/D
                                                              11.817        
i_platform/i_rtl/i_main_core/i_orca/core/D__0/two_cycle.from_decode_instruction_signal_reg[30]/C
                               i_platform/i_rtl/i_main_core/i_orca/core/D__0/the_register_file/bypass_gen.out2_reg[26]/D
                                                              11.827        
i_platform/i_rtl/i_main_core/i_orca/core/D__0/two_cycle.from_decode_instruction_signal_reg[30]/C
                               i_platform/i_rtl/i_main_core/i_orca/core/D__0/the_register_file/bypass_gen.out1_reg[5]/D
                                                              11.828        
i_platform/i_rtl/i_main_core/i_orca/core/D__0/two_cycle.from_decode_instruction_signal_reg[30]/C
                               i_platform/i_rtl/i_main_core/i_orca/core/D__0/the_register_file/bypass_gen.out1_reg[29]/D
                                                              11.835        
i_platform/i_rtl/i_main_core/i_orca/core/D__0/two_cycle.from_decode_instruction_signal_reg[30]/C
                               i_platform/i_rtl/i_main_core/i_orca/core/D__0/the_register_file/bypass_gen.out1_reg[26]/D
                                                              11.838        
i_platform/i_rtl/i_main_core/i_orca/core/D__0/two_cycle.from_decode_instruction_signal_reg[30]/C
                               i_platform/i_rtl/i_main_core/i_orca/core/D__0/the_register_file/bypass_gen.out2_reg[2]/D
                                                              11.847        
i_platform/i_rtl/i_main_core/i_orca/core/D__0/two_cycle.from_decode_instruction_signal_reg[30]/C
                               i_platform/i_rtl/i_main_core/i_orca/core/D__0/the_register_file/bypass_gen.out1_reg[12]/D
                                                              11.875        
i_platform/i_rtl/i_main_core/i_orca/core/D__0/two_cycle.from_decode_instruction_signal_reg[30]/C
                               i_platform/i_rtl/i_main_core/i_orca/core/D__0/the_register_file/bypass_gen.out1_reg[20]/D
                                                              11.893        
i_platform/i_rtl/i_main_core/i_orca/core/D__0/two_cycle.from_decode_instruction_signal_reg[30]/C
                               i_platform/i_rtl/i_main_core/i_orca/core/D__0/the_register_file/bypass_gen.out1_reg[11]/D
                                                              11.900        
i_platform/i_rtl/i_main_core/i_orca/core/D__0/two_cycle.from_decode_instruction_signal_reg[30]/C
                               i_platform/i_rtl/i_main_core/i_orca/core/D__0/the_register_file/bypass_gen.out2_reg[25]/D
                                                              11.957        
i_platform/i_rtl/i_main_core/i_orca/core/D__0/two_cycle.from_decode_instruction_signal_reg[30]/C
                               i_platform/i_rtl/i_main_core/i_orca/core/D__0/the_register_file/bypass_gen.out2_reg[13]/D
                                                              11.962        
i_platform/i_rtl/i_main_core/i_orca/core/D__0/two_cycle.from_decode_instruction_signal_reg[30]/C
                               i_platform/i_rtl/i_main_core/i_orca/core/D__0/the_register_file/bypass_gen.out2_reg[3]/D
                                                              11.965        
i_platform/i_rtl/i_main_core/i_orca/core/D__0/two_cycle.from_decode_instruction_signal_reg[30]/C
                               i_platform/i_rtl/i_main_core/i_orca/core/D__0/the_register_file/bypass_gen.out1_reg[0]/D
                                                              11.995        
i_platform/i_rtl/i_main_core/i_orca/core/D__0/two_cycle.from_decode_instruction_signal_reg[30]/C
                               i_platform/i_rtl/i_main_core/i_orca/core/D__0/the_register_file/bypass_gen.out1_reg[15]/D
                                                              12.009        
i_platform/i_rtl/i_main_core/i_orca/core/D__0/two_cycle.from_decode_instruction_signal_reg[30]/C
                               i_platform/i_rtl/i_main_core/i_orca/core/D__0/the_register_file/bypass_gen.out2_reg[20]/D
                                                              12.024        
i_platform/i_rtl/i_main_core/i_orca/core/D__0/two_cycle.from_decode_instruction_signal_reg[30]/C
                               i_platform/i_rtl/i_main_core/i_orca/core/D__0/the_register_file/bypass_gen.out1_reg[25]/D
                                                              12.053        
i_platform/i_rtl/i_main_core/i_orca/core/D__0/two_cycle.from_decode_instruction_signal_reg[30]/C
                               i_platform/i_rtl/i_main_core/i_orca/core/D__0/the_register_file/bypass_gen.out2_reg[11]/D
                                                              12.075        
i_platform/i_rtl/i_main_core/i_orca/core/D__0/two_cycle.from_decode_instruction_signal_reg[30]/C
                               i_platform/i_rtl/i_main_core/i_orca/core/D__0/the_register_file/bypass_gen.out2_reg[6]/D
                                                              12.086        
i_platform/i_rtl/i_main_core/i_orca/core/D__0/two_cycle.from_decode_instruction_signal_reg[30]/C
                               i_platform/i_rtl/i_main_core/i_orca/core/D__0/the_register_file/bypass_gen.out2_reg[29]/D
                                                              12.097        
i_platform/i_rtl/i_main_core/i_orca/core/D__0/two_cycle.from_decode_instruction_signal_reg[30]/C
                               i_platform/i_rtl/i_main_core/i_orca/core/D__0/the_register_file/bypass_gen.out1_reg[27]/D
                                                              12.099        
i_platform/i_rtl/i_main_core/i_orca/core/D__0/two_cycle.from_decode_instruction_signal_reg[30]/C
                               i_platform/i_rtl/i_main_core/i_orca/core/D__0/the_register_file/bypass_gen.out2_reg[14]/D
                                                              12.109        
i_platform/i_rtl/i_main_core/i_orca/core/D__0/two_cycle.from_decode_instruction_signal_reg[30]/C
                               i_platform/i_rtl/i_main_core/i_orca/core/D__0/the_register_file/bypass_gen.out2_reg[17]/D
                                                              12.122        
i_platform/i_rtl/i_main_core/i_orca/core/D__0/two_cycle.from_decode_instruction_signal_reg[30]/C
                               i_platform/i_rtl/i_main_core/i_orca/core/D__0/the_register_file/bypass_gen.out2_reg[8]/D
                                                              12.122        
i_platform/i_rtl/i_main_core/i_orca/core/D__0/two_cycle.from_decode_instruction_signal_reg[30]/C
                               i_platform/i_rtl/i_main_core/i_orca/core/D__0/the_register_file/bypass_gen.out1_reg[1]/D
                                                              12.125        
i_platform/i_rtl/i_main_core/i_orca/core/D__0/two_cycle.from_decode_instruction_signal_reg[30]/C
                               i_platform/i_rtl/i_main_core/i_orca/core/D__0/the_register_file/bypass_gen.out1_reg[9]/D
                                                              12.142        
i_platform/i_rtl/i_main_core/i_orca/core/D__0/two_cycle.from_decode_instruction_signal_reg[30]/C
                               i_platform/i_rtl/i_main_core/i_orca/core/D__0/the_register_file/bypass_gen.out2_reg[19]/D
                                                              12.174        
i_platform/i_rtl/i_main_core/i_orca/core/D__0/two_cycle.from_decode_instruction_signal_reg[30]/C
                               i_platform/i_rtl/i_main_core/i_orca/core/D__0/the_register_file/bypass_gen.out2_reg[10]/D
                                                              12.184        
i_platform/i_rtl/i_main_core/i_orca/core/D__0/two_cycle.from_decode_instruction_signal_reg[30]/C
                               i_platform/i_rtl/i_main_core/i_orca/core/D__0/the_register_file/bypass_gen.out2_reg[21]/D
                                                              12.232        
i_platform/i_rtl/i_main_core/i_orca/core/D__0/two_cycle.from_decode_instruction_signal_reg[30]/C
                               i_platform/i_rtl/i_main_core/i_orca/core/D__0/the_register_file/bypass_gen.out2_reg[12]/D
                                                              12.232        
i_platform/i_rtl/i_main_core/i_orca/core/D__0/two_cycle.from_decode_instruction_signal_reg[30]/C
                               i_platform/i_rtl/i_main_core/i_orca/core/D__0/the_register_file/bypass_gen.out2_reg[1]/D
                                                              12.237        
i_platform/i_rtl/i_main_core/i_orca/core/D__0/two_cycle.from_decode_instruction_signal_reg[30]/C
                               i_platform/i_rtl/i_main_core/i_orca/core/D__0/the_register_file/bypass_gen.out2_reg[15]/D
                                                              12.238        
i_platform/i_rtl/i_main_core/i_orca/core/D__0/two_cycle.from_decode_instruction_signal_reg[30]/C
                               i_platform/i_rtl/i_main_core/i_orca/core/D__0/the_register_file/bypass_gen.out2_reg[7]/D
                                                              12.251        
i_platform/i_rtl/i_main_core/i_orca/core/D__0/two_cycle.from_decode_instruction_signal_reg[30]/C
                               i_platform/i_rtl/i_main_core/i_orca/core/D__0/the_register_file/bypass_gen.out1_reg[22]/D
                                                              12.255        
i_platform/i_rtl/i_main_core/i_orca/core/D__0/two_cycle.from_decode_instruction_signal_reg[30]/C
                               i_platform/i_rtl/i_main_core/i_orca/core/D__0/the_register_file/bypass_gen.out1_reg[19]/D
                                                              12.257        
i_platform/i_rtl/i_main_core/i_orca/core/D__0/two_cycle.from_decode_instruction_signal_reg[30]/C
                               i_platform/i_rtl/i_main_core/i_orca/core/D__0/the_register_file/bypass_gen.out1_reg[4]/D
                                                              12.272        
i_platform/i_rtl/i_main_core/i_orca/core/D__0/two_cycle.from_decode_instruction_signal_reg[30]/C
                               i_platform/i_rtl/i_main_core/i_orca/core/D__0/the_register_file/bypass_gen.out2_reg[5]/D
                                                              12.285        
i_platform/i_rtl/i_main_core/i_orca/core/D__0/two_cycle.from_decode_instruction_signal_reg[30]/C
                               i_platform/i_rtl/i_main_core/i_orca/core/D__0/the_register_file/bypass_gen.out2_reg[27]/D
                                                              12.303        
i_platform/i_rtl/i_main_core/i_orca/core/D__0/two_cycle.from_decode_instruction_signal_reg[30]/C
                               i_platform/i_rtl/i_main_core/i_orca/core/D__0/the_register_file/bypass_gen.out1_reg[17]/D
                                                              12.328        
i_platform/i_rtl/i_main_core/i_orca/core/D__0/two_cycle.from_decode_instruction_signal_reg[30]/C
                               i_platform/i_rtl/i_main_core/i_orca/core/D__0/the_register_file/bypass_gen.out2_reg[0]/D
                                                              12.350        
i_platform/i_rtl/i_main_core/i_orca/core/D__0/two_cycle.from_decode_instruction_signal_reg[30]/C
                               i_platform/i_rtl/i_main_core/i_orca/core/D__0/the_register_file/bypass_gen.out2_reg[23]/D
                                                              12.389        
i_platform/i_rtl/i_main_core/i_orca/core/D__0/two_cycle.from_decode_instruction_signal_reg[30]/C
                               i_platform/i_rtl/i_main_core/i_orca/core/D__0/the_register_file/bypass_gen.out2_reg[16]/D
                                                              12.401        
i_platform/i_rtl/i_main_core/i_orca/core/D__0/two_cycle.from_decode_instruction_signal_reg[21]/C
                               i_platform/i_rtl/i_main_core/i_orca/core/X/syscall/memory_region_registers_gen[0].umr_gen.writeable_umr_gen.mumr_base_reg[0][17]/CE
                                                              12.437        
i_platform/i_rtl/i_main_core/i_orca/core/D__0/two_cycle.from_decode_instruction_signal_reg[21]/C
                               i_platform/i_rtl/i_main_core/i_orca/core/X/syscall/memory_region_registers_gen[0].umr_gen.writeable_umr_gen.mumr_base_reg[0][19]/CE
                                                              12.437        
i_platform/i_rtl/i_main_core/i_orca/core/D__0/two_cycle.from_decode_instruction_signal_reg[30]/C
                               i_platform/i_rtl/i_main_core/i_orca/core/D__0/the_register_file/bypass_gen.out2_reg[22]/D
                                                              12.457        
i_platform/i_rtl/i_main_core/i_orca/core/D__0/two_cycle.from_decode_instruction_signal_reg[30]/C
                               i_platform/i_rtl/i_main_core/i_orca/core/D__0/the_register_file/bypass_gen.out1_reg[16]/D
                                                              12.462        
i_platform/i_rtl/i_main_core/i_orca/core/D__0/two_cycle.from_decode_instruction_signal_reg[21]/C
                               i_platform/i_rtl/i_main_core/i_orca/core/X/syscall/memory_region_registers_gen[0].umr_gen.writeable_umr_gen.mumr_base_reg[0][22]/CE
                                                              12.468        
i_platform/i_rtl/i_main_core/i_orca/core/D__0/two_cycle.from_decode_instruction_signal_reg[21]/C
                               i_platform/i_rtl/i_main_core/i_orca/core/X/syscall/memory_region_registers_gen[0].umr_gen.writeable_umr_gen.mumr_base_reg[0][23]/CE
                                                              12.468        
i_platform/i_rtl/i_main_core/i_orca/core/D__0/two_cycle.from_decode_instruction_signal_reg[21]/C
                               i_platform/i_rtl/i_main_core/i_orca/core/X/syscall/memory_region_registers_gen[0].umr_gen.writeable_umr_gen.mumr_base_reg[0][24]/CE
                                                              12.468        
i_platform/i_rtl/i_main_core/i_orca/core/D__0/two_cycle.from_decode_instruction_signal_reg[21]/C
                               i_platform/i_rtl/i_main_core/i_orca/core/X/syscall/memory_region_registers_gen[0].umr_gen.writeable_umr_gen.mumr_base_reg[0][25]/CE
                                                              12.468        
i_platform/i_rtl/i_main_core/i_orca/core/D__0/two_cycle.from_decode_instruction_signal_reg[21]/C
                               i_platform/i_rtl/i_main_core/i_orca/core/X/syscall/memory_region_registers_gen[0].umr_gen.writeable_umr_gen.mumr_base_reg[0][27]/CE
                                                              12.468        
i_platform/i_rtl/i_main_core/i_orca/core/D__0/two_cycle.from_decode_instruction_signal_reg[21]/C
                               i_platform/i_rtl/i_main_core/i_orca/core/X/syscall/memory_region_registers_gen[0].umr_gen.writeable_umr_gen.mumr_base_reg[0][31]/CE
                                                              12.468        
i_platform/i_rtl/i_main_core/i_orca/core/D__0/two_cycle.from_decode_instruction_signal_reg[30]/C
                               i_platform/i_rtl/i_main_core/i_orca/core/D__0/the_register_file/bypass_gen.out2_reg[30]/D
                                                              12.474        
i_platform/i_rtl/i_main_core/i_orca/core/D__0/two_cycle.from_decode_instruction_signal_reg[30]/C
                               i_platform/i_rtl/i_main_core/i_orca/core/D__0/the_register_file/bypass_gen.read_during_write1_reg/D
                                                              12.482        
i_platform/i_rtl/i_main_core/i_orca/core/D__0/two_cycle.from_decode_instruction_signal_reg[30]/C
                               i_platform/i_rtl/i_main_core/i_orca/core/D__0/the_register_file/bypass_gen.out2_reg[18]/D
                                                              12.522        
i_platform/i_rtl/i_main_core/i_orca/core/D__0/two_cycle.from_decode_instruction_signal_reg[21]/C
                               i_platform/i_rtl/i_main_core/i_orca/core/X/syscall/memory_region_registers_gen[0].umr_gen.writeable_umr_gen.mumr_last_reg[0][16]/CE
                                                              12.525        
i_platform/i_rtl/i_main_core/i_orca/core/D__0/two_cycle.from_decode_instruction_signal_reg[21]/C
                               i_platform/i_rtl/i_main_core/i_orca/core/X/syscall/memory_region_registers_gen[0].umr_gen.writeable_umr_gen.mumr_last_reg[0][17]/CE
                                                              12.525        
i_platform/i_rtl/i_main_core/i_orca/core/D__0/two_cycle.from_decode_instruction_signal_reg[21]/C
                               i_platform/i_rtl/i_main_core/i_orca/core/X/syscall/memory_region_registers_gen[0].umr_gen.writeable_umr_gen.mumr_base_reg[0][16]/CE
                                                              12.534        
i_platform/i_rtl/i_main_core/i_orca/core/D__0/two_cycle.from_decode_instruction_signal_reg[21]/C
                               i_platform/i_rtl/i_main_core/i_orca/core/X/syscall/memory_region_registers_gen[0].umr_gen.writeable_umr_gen.mumr_base_reg[0][18]/CE
                                                              12.534        
i_platform/i_rtl/i_main_core/i_orca/core/D__0/two_cycle.from_decode_instruction_signal_reg[21]/C
                               i_platform/i_rtl/i_main_core/i_orca/core/X/syscall/memory_region_registers_gen[0].umr_gen.writeable_umr_gen.mumr_base_reg[0][28]/CE
                                                              12.539        
i_platform/i_rtl/i_main_core/i_orca/core/D__0/two_cycle.from_decode_instruction_signal_reg[21]/C
                               i_platform/i_rtl/i_main_core/i_orca/core/X/syscall/memory_region_registers_gen[0].umr_gen.writeable_umr_gen.mumr_base_reg[0][29]/CE
                                                              12.539        
i_platform/i_rtl/i_main_core/i_orca/core/D__0/two_cycle.from_decode_instruction_signal_reg[30]/C
                               i_platform/i_rtl/i_main_core/i_orca/core/D__0/the_register_file/bypass_gen.out1_reg[18]/D
                                                              12.554        
i_platform/i_rtl/i_main_core/i_orca/core/D__0/two_cycle.from_decode_instruction_signal_reg[21]/C
                               i_platform/i_rtl/i_main_core/i_orca/core/X/syscall/memory_region_registers_gen[0].umr_gen.writeable_umr_gen.mumr_base_reg[0][26]/CE
                                                              12.557        
i_platform/i_rtl/i_main_core/i_orca/core/D__0/two_cycle.from_decode_instruction_signal_reg[30]/C
                               i_platform/i_rtl/i_main_core/i_orca/core/D__0/the_register_file/bypass_gen.out2_reg[9]/D
                                                              12.557        
i_platform/i_rtl/i_main_core/i_orca/core/D__0/two_cycle.from_decode_instruction_signal_reg[30]/C
                               i_platform/i_rtl/i_main_core/i_orca/core/D__0/the_register_file/bypass_gen.out2_reg[4]/D
                                                              12.585        
i_platform/i_rtl/i_main_core/i_orca/core/D__0/two_cycle.from_decode_instruction_signal_reg[30]/C
                               i_platform/i_rtl/i_main_core/i_orca/core/D__0/the_register_file/bypass_gen.out1_reg[23]/D
                                                              12.586        
i_platform/i_rtl/i_main_core/i_orca/core/D__0/two_cycle.from_decode_instruction_signal_reg[30]/C
                               i_platform/i_rtl/i_main_core/i_orca/core/D__0/the_register_file/bypass_gen.out1_reg[30]/D
                                                              12.587        
i_platform/i_rtl/i_main_core/i_orca/core/D__0/two_cycle.from_decode_instruction_signal_reg[21]/C
                               i_platform/i_rtl/i_main_core/i_orca/core/X/syscall/memory_region_registers_gen[0].umr_gen.writeable_umr_gen.mumr_last_reg[0][18]/CE
                                                              12.602        
i_platform/i_rtl/i_main_core/i_orca/core/D__0/two_cycle.from_decode_instruction_signal_reg[21]/C
                               i_platform/i_rtl/i_main_core/i_orca/core/X/syscall/memory_region_registers_gen[0].umr_gen.writeable_umr_gen.mumr_base_reg[0][21]/CE
                                                              12.615        
i_platform/i_rtl/i_main_core/i_orca/core/D__0/two_cycle.from_decode_instruction_signal_reg[21]/C
                               i_platform/i_rtl/i_main_core/i_orca/core/X/syscall/memory_region_registers_gen[0].umr_gen.writeable_umr_gen.mumr_base_reg[0][30]/CE
                                                              12.615        
i_platform/i_rtl/i_main_core/i_orca/core/D__0/two_cycle.from_decode_instruction_signal_reg[21]/C
                               i_platform/i_rtl/i_main_core/i_orca/core/X/syscall/memory_region_registers_gen[0].umr_gen.writeable_umr_gen.mumr_last_reg[0][19]/CE
                                                              12.620        
i_platform/i_rtl/i_main_core/i_orca/core/D__0/two_cycle.from_decode_instruction_signal_reg[21]/C
                               i_platform/i_rtl/i_main_core/i_orca/core/X/syscall/memory_region_registers_gen[0].umr_gen.writeable_umr_gen.mumr_base_reg[0][20]/CE
                                                              12.651        
i_platform/i_rtl/i_main_core/i_orca/core/D__0/two_cycle.from_decode_instruction_signal_reg[21]/C
                               i_platform/i_rtl/i_main_core/i_orca/core/X/syscall/memory_region_registers_gen[0].umr_gen.writeable_umr_gen.mumr_last_reg[0][26]/CE
                                                              12.655        
i_platform/i_rtl/platform_controller/i_rvx_instance_3/rvx_signal_05_reg[4]/C
                               i_platform/i_rtl/i_main_core/i_orca/core/X/syscall/from_syscall_data_reg[22]/R
                                                              12.668        
i_platform/i_rtl/platform_controller/i_rvx_instance_3/rvx_signal_05_reg[4]/C
                               i_platform/i_rtl/i_main_core/i_orca/core/X/syscall/from_syscall_data_reg[25]/R
                                                              12.668        
i_platform/i_rtl/platform_controller/i_rvx_instance_3/rvx_signal_05_reg[4]/C
                               i_platform/i_rtl/i_main_core/i_orca/core/X/syscall/from_syscall_data_reg[29]/R
                                                              12.668        
i_platform/i_rtl/i_main_core/i_orca/core/D__0/two_cycle.from_decode_instruction_signal_reg[21]/C
                               i_platform/i_rtl/i_main_core/i_orca/core/X/syscall/memory_region_registers_gen[0].umr_gen.writeable_umr_gen.mumr_last_reg[0][22]/CE
                                                              12.672        
i_platform/i_rtl/i_main_core/i_orca/core/D__0/two_cycle.from_decode_instruction_signal_reg[21]/C
                               i_platform/i_rtl/i_main_core/i_orca/core/X/syscall/memory_region_registers_gen[0].umr_gen.writeable_umr_gen.mumr_last_reg[0][23]/CE
                                                              12.672        
i_platform/i_rtl/i_main_core/i_orca/core/D__0/two_cycle.from_decode_instruction_signal_reg[21]/C
                               i_platform/i_rtl/i_main_core/i_orca/core/X/syscall/memory_region_registers_gen[0].umr_gen.writeable_umr_gen.mumr_last_reg[0][24]/CE
                                                              12.672        
i_platform/i_rtl/i_main_core/i_orca/core/D__0/two_cycle.from_decode_instruction_signal_reg[21]/C
                               i_platform/i_rtl/i_main_core/i_orca/core/X/syscall/memory_region_registers_gen[0].umr_gen.writeable_umr_gen.mumr_last_reg[0][25]/CE
                                                              12.672        
i_platform/i_rtl/i_main_core/i_orca/core/D__0/two_cycle.from_decode_instruction_signal_reg[21]/C
                               i_platform/i_rtl/i_main_core/i_orca/core/X/syscall/memory_region_registers_gen[0].umr_gen.writeable_umr_gen.mumr_last_reg[0][27]/CE
                                                              12.672        
i_platform/i_rtl/i_main_core/i_orca/core/D__0/two_cycle.from_decode_instruction_signal_reg[21]/C
                               i_platform/i_rtl/i_main_core/i_orca/core/X/syscall/memory_region_registers_gen[0].umr_gen.writeable_umr_gen.mumr_last_reg[0][28]/CE
                                                              12.672        
i_platform/i_rtl/i_main_core/i_orca/core/D__0/two_cycle.from_decode_instruction_signal_reg[21]/C
                               i_platform/i_rtl/i_main_core/i_orca/core/X/syscall/memory_region_registers_gen[0].umr_gen.writeable_umr_gen.mumr_last_reg[0][29]/CE
                                                              12.672        
i_platform/i_rtl/i_main_core/i_orca/core/D__0/two_cycle.from_decode_instruction_signal_reg[21]/C
                               i_platform/i_rtl/i_main_core/i_orca/core/X/syscall/memory_region_registers_gen[0].umr_gen.writeable_umr_gen.mumr_last_reg[0][31]/CE
                                                              12.672        
i_platform/i_rtl/i_main_core/i_orca/core/D__0/two_cycle.from_decode_instruction_signal_reg[21]/C
                               i_platform/i_rtl/i_main_core/i_orca/core/X/syscall/memory_region_registers_gen[0].umr_gen.writeable_umr_gen.mumr_base_reg[0][15]/CE
                                                              12.731        
i_platform/i_rtl/platform_controller/i_rvx_instance_3/rvx_signal_05_reg[4]/C
                               i_platform/i_rtl/i_main_core/i_orca/core/X/syscall/from_syscall_data_reg[19]/R
                                                              12.755        
i_platform/i_rtl/i_main_core/i_orca/core/D__0/two_cycle.from_decode_instruction_signal_reg[21]/C
                               i_platform/i_rtl/i_main_core/i_orca/core/X/syscall/memory_region_registers_gen[0].umr_gen.writeable_umr_gen.mumr_base_reg[0][2]/CE
                                                              12.774        
i_platform/i_rtl/platform_controller/i_rvx_instance_4/i_rvx_instance_0/rvx_port_09_reg/C
                               pjtag_rtdo                     14.954        
pjtag_rtms                     i_platform/i_rtl/platform_controller/i_rvx_instance_4/i_rvx_instance_0/i_rvx_instance_1/rvx_signal_0_reg[3]/CE
                                                              25.213        
pjtag_rtms                     i_platform/i_rtl/platform_controller/i_rvx_instance_4/i_rvx_instance_0/i_rvx_instance_1/rvx_signal_0_reg[4]/CE
                                                              25.213        
pjtag_rtms                     i_platform/i_rtl/platform_controller/i_rvx_instance_4/i_rvx_instance_0/i_rvx_instance_1/rvx_signal_0_reg[5]/CE
                                                              25.213        
pjtag_rtms                     i_platform/i_rtl/platform_controller/i_rvx_instance_4/i_rvx_instance_0/i_rvx_instance_1/rvx_signal_0_reg[6]/CE
                                                              25.213        
pjtag_rtms                     i_platform/i_rtl/platform_controller/i_rvx_instance_4/i_rvx_instance_0/i_rvx_instance_1/rvx_signal_0_reg[0]/CE
                                                              25.269        
pjtag_rtms                     i_platform/i_rtl/platform_controller/i_rvx_instance_4/i_rvx_instance_0/i_rvx_instance_1/rvx_signal_0_reg[1]/CE
                                                              25.269        
pjtag_rtms                     i_platform/i_rtl/platform_controller/i_rvx_instance_4/i_rvx_instance_0/i_rvx_instance_1/rvx_signal_0_reg[2]/CE
                                                              25.269        
pjtag_rtms                     i_platform/i_rtl/platform_controller/i_rvx_instance_4/i_rvx_instance_0/i_rvx_instance_1/rvx_signal_0_reg[7]/CE
                                                              25.269        
pjtag_rtms                     i_platform/i_rtl/platform_controller/i_rvx_instance_4/i_rvx_instance_0/rvx_port_09_reg/CE
                                                              25.272        
pjtag_rtms                     i_platform/i_rtl/platform_controller/i_rvx_instance_4/i_rvx_instance_0/i_rvx_instance_1/rvx_signal_0_reg[5]/D
                                                              25.609        
pjtag_rtms                     i_platform/i_rtl/platform_controller/i_rvx_instance_4/i_rvx_instance_0/i_rvx_instance_1/rvx_signal_0_reg[6]/D
                                                              25.621        
pjtag_rtms                     i_platform/i_rtl/platform_controller/i_rvx_instance_4/i_rvx_instance_0/rvx_port_09_reg/D
                                                              25.670        
pjtag_rtms                     i_platform/i_rtl/platform_controller/i_rvx_instance_4/i_rvx_instance_0/i_rvx_instance_1/rvx_signal_0_reg[3]/D
                                                              25.788        
pjtag_rtms                     i_platform/i_rtl/platform_controller/i_rvx_instance_4/i_rvx_instance_0/i_rvx_instance_1/rvx_signal_0_reg[7]/D
                                                              25.790        
pjtag_rtms                     i_platform/i_rtl/platform_controller/i_rvx_instance_4/i_rvx_instance_0/i_rvx_instance_1/rvx_signal_0_reg[4]/D
                                                              25.804        
pjtag_rtms                     i_platform/i_rtl/platform_controller/i_rvx_instance_4/i_rvx_instance_0/i_rvx_instance_1/rvx_signal_0_reg[0]/D
                                                              25.844        
pjtag_rtms                     i_platform/i_rtl/platform_controller/i_rvx_instance_4/i_rvx_instance_0/i_rvx_instance_1/rvx_signal_0_reg[2]/D
                                                              25.860        
pjtag_rtms                     i_platform/i_rtl/platform_controller/i_rvx_instance_4/i_rvx_instance_0/i_rvx_instance_1/rvx_signal_0_reg[1]/D
                                                              25.947        
i_platform/i_rtl/platform_controller/i_rvx_instance_4/i_rvx_instance_0/i_rvx_instance_1/rvx_signal_0_reg[7]/C
                               i_platform/i_rtl/platform_controller/i_rvx_instance_4/i_rvx_instance_3/rvx_signal_07_reg[0]/CE
                                                              46.344        
i_platform/i_rtl/platform_controller/i_rvx_instance_4/i_rvx_instance_0/i_rvx_instance_1/rvx_signal_0_reg[7]/C
                               i_platform/i_rtl/platform_controller/i_rvx_instance_4/i_rvx_instance_3/rvx_signal_07_reg[11]/CE
                                                              46.344        
i_platform/i_rtl/platform_controller/i_rvx_instance_4/i_rvx_instance_0/i_rvx_instance_1/rvx_signal_0_reg[7]/C
                               i_platform/i_rtl/platform_controller/i_rvx_instance_4/i_rvx_instance_3/rvx_signal_07_reg[1]/CE
                                                              46.344        
i_platform/i_rtl/platform_controller/i_rvx_instance_4/i_rvx_instance_0/i_rvx_instance_1/rvx_signal_0_reg[7]/C
                               i_platform/i_rtl/platform_controller/i_rvx_instance_4/i_rvx_instance_3/rvx_signal_07_reg[2]/CE
                                                              46.344        
i_platform/i_rtl/platform_controller/i_rvx_instance_4/i_rvx_instance_0/i_rvx_instance_1/rvx_signal_0_reg[7]/C
                               i_platform/i_rtl/platform_controller/i_rvx_instance_4/i_rvx_instance_3/rvx_signal_07_reg[3]/CE
                                                              46.344        
i_platform/i_rtl/platform_controller/i_rvx_instance_4/i_rvx_instance_0/i_rvx_instance_1/rvx_signal_0_reg[7]/C
                               i_platform/i_rtl/platform_controller/i_rvx_instance_4/i_rvx_instance_3/rvx_signal_07_reg[6]/CE
                                                              46.344        
i_platform/i_rtl/platform_controller/i_rvx_instance_4/i_rvx_instance_0/i_rvx_instance_1/rvx_signal_0_reg[7]/C
                               i_platform/i_rtl/platform_controller/i_rvx_instance_4/i_rvx_instance_3/rvx_signal_07_reg[7]/CE
                                                              46.344        
i_platform/i_rtl/platform_controller/i_rvx_instance_4/i_rvx_instance_0/i_rvx_instance_1/rvx_signal_0_reg[7]/C
                               i_platform/i_rtl/platform_controller/i_rvx_instance_4/i_rvx_instance_3/rvx_signal_07_reg[9]/CE
                                                              46.344        
i_platform/i_rtl/platform_controller/i_rvx_instance_4/i_rvx_instance_0/i_rvx_instance_1/rvx_signal_0_reg[7]/C
                               i_platform/i_rtl/platform_controller/i_rvx_instance_4/i_rvx_instance_3/rvx_signal_07_reg[27]/CE
                                                              46.430        
i_platform/i_rtl/platform_controller/i_rvx_instance_4/i_rvx_instance_0/i_rvx_instance_1/rvx_signal_0_reg[7]/C
                               i_platform/i_rtl/platform_controller/i_rvx_instance_4/i_rvx_instance_3/rvx_signal_07_reg[28]/CE
                                                              46.430        
i_platform/i_rtl/platform_controller/i_rvx_instance_4/i_rvx_instance_0/i_rvx_instance_1/rvx_signal_0_reg[7]/C
                               i_platform/i_rtl/platform_controller/i_rvx_instance_4/i_rvx_instance_3/rvx_signal_07_reg[30]/CE
                                                              46.430        
i_platform/i_rtl/platform_controller/i_rvx_instance_4/i_rvx_instance_0/i_rvx_instance_1/rvx_signal_0_reg[7]/C
                               i_platform/i_rtl/platform_controller/i_rvx_instance_4/i_rvx_instance_3/rvx_signal_07_reg[10]/CE
                                                              46.438        
i_platform/i_rtl/platform_controller/i_rvx_instance_4/i_rvx_instance_0/i_rvx_instance_1/rvx_signal_0_reg[7]/C
                               i_platform/i_rtl/platform_controller/i_rvx_instance_4/i_rvx_instance_3/rvx_signal_07_reg[22]/CE
                                                              46.438        
i_platform/i_rtl/platform_controller/i_rvx_instance_4/i_rvx_instance_0/i_rvx_instance_1/rvx_signal_0_reg[7]/C
                               i_platform/i_rtl/platform_controller/i_rvx_instance_4/i_rvx_instance_3/rvx_signal_07_reg[25]/CE
                                                              46.438        
i_platform/i_rtl/platform_controller/i_rvx_instance_4/i_rvx_instance_0/i_rvx_instance_1/rvx_signal_0_reg[7]/C
                               i_platform/i_rtl/platform_controller/i_rvx_instance_4/i_rvx_instance_3/rvx_signal_07_reg[31]/CE
                                                              46.438        
i_platform/i_rtl/platform_controller/i_rvx_instance_4/i_rvx_instance_0/i_rvx_instance_1/rvx_signal_0_reg[7]/C
                               i_platform/i_rtl/platform_controller/i_rvx_instance_4/i_rvx_instance_3/rvx_signal_07_reg[4]/CE
                                                              46.438        
i_platform/i_rtl/platform_controller/i_rvx_instance_4/i_rvx_instance_0/i_rvx_instance_1/rvx_signal_0_reg[7]/C
                               i_platform/i_rtl/platform_controller/i_rvx_instance_4/i_rvx_instance_3/rvx_signal_07_reg[5]/CE
                                                              46.438        
i_platform/i_rtl/platform_controller/i_rvx_instance_4/i_rvx_instance_0/i_rvx_instance_1/rvx_signal_0_reg[7]/C
                               i_platform/i_rtl/platform_controller/i_rvx_instance_4/i_rvx_instance_3/rvx_signal_07_reg[24]/CE
                                                              46.530        
i_platform/i_rtl/platform_controller/i_rvx_instance_4/i_rvx_instance_0/i_rvx_instance_1/rvx_signal_0_reg[7]/C
                               i_platform/i_rtl/platform_controller/i_rvx_instance_4/i_rvx_instance_3/rvx_signal_07_reg[17]/CE
                                                              46.551        
i_platform/i_rtl/platform_controller/i_rvx_instance_4/i_rvx_instance_0/i_rvx_instance_1/rvx_signal_0_reg[7]/C
                               i_platform/i_rtl/platform_controller/i_rvx_instance_4/i_rvx_instance_3/rvx_signal_07_reg[21]/CE
                                                              46.551        
i_platform/i_rtl/platform_controller/i_rvx_instance_4/i_rvx_instance_0/i_rvx_instance_1/rvx_signal_0_reg[7]/C
                               i_platform/i_rtl/platform_controller/i_rvx_instance_4/i_rvx_instance_3/rvx_signal_07_reg[23]/CE
                                                              46.551        
i_platform/i_rtl/platform_controller/i_rvx_instance_4/i_rvx_instance_0/i_rvx_instance_1/rvx_signal_0_reg[7]/C
                               i_platform/i_rtl/platform_controller/i_rvx_instance_4/i_rvx_instance_3/rvx_signal_07_reg[29]/CE
                                                              46.551        
i_platform/i_rtl/platform_controller/i_rvx_instance_4/i_rvx_instance_0/i_rvx_instance_1/rvx_signal_0_reg[7]/C
                               i_platform/i_rtl/platform_controller/i_rvx_instance_4/i_rvx_instance_3/rvx_signal_07_reg[16]/CE
                                                              46.566        
i_platform/i_rtl/platform_controller/i_rvx_instance_4/i_rvx_instance_0/i_rvx_instance_1/rvx_signal_0_reg[7]/C
                               i_platform/i_rtl/platform_controller/i_rvx_instance_4/i_rvx_instance_3/rvx_signal_07_reg[18]/CE
                                                              46.566        
i_platform/i_rtl/platform_controller/i_rvx_instance_4/i_rvx_instance_0/i_rvx_instance_1/rvx_signal_0_reg[7]/C
                               i_platform/i_rtl/platform_controller/i_rvx_instance_4/i_rvx_instance_3/rvx_signal_07_reg[19]/CE
                                                              46.566        
i_platform/i_rtl/platform_controller/i_rvx_instance_4/i_rvx_instance_0/i_rvx_instance_1/rvx_signal_0_reg[7]/C
                               i_platform/i_rtl/platform_controller/i_rvx_instance_4/i_rvx_instance_3/rvx_signal_07_reg[20]/CE
                                                              46.566        
i_platform/i_rtl/platform_controller/i_rvx_instance_4/i_rvx_instance_0/i_rvx_instance_1/rvx_signal_0_reg[7]/C
                               i_platform/i_rtl/platform_controller/i_rvx_instance_4/i_rvx_instance_3/rvx_signal_07_reg[12]/CE
                                                              46.630        
i_platform/i_rtl/platform_controller/i_rvx_instance_4/i_rvx_instance_0/i_rvx_instance_1/rvx_signal_0_reg[7]/C
                               i_platform/i_rtl/platform_controller/i_rvx_instance_4/i_rvx_instance_3/rvx_signal_07_reg[13]/CE
                                                              46.630        
i_platform/i_rtl/platform_controller/i_rvx_instance_4/i_rvx_instance_0/i_rvx_instance_1/rvx_signal_0_reg[7]/C
                               i_platform/i_rtl/platform_controller/i_rvx_instance_4/i_rvx_instance_3/rvx_signal_07_reg[26]/CE
                                                              46.630        
i_platform/i_rtl/platform_controller/i_rvx_instance_4/i_rvx_instance_0/i_rvx_instance_1/rvx_signal_0_reg[7]/C
                               i_platform/i_rtl/platform_controller/i_rvx_instance_4/i_rvx_instance_3/rvx_signal_07_reg[8]/CE
                                                              46.630        
i_platform/i_rtl/platform_controller/i_rvx_instance_4/i_rvx_instance_0/i_rvx_instance_1/rvx_signal_0_reg[7]/C
                               i_platform/i_rtl/platform_controller/i_rvx_instance_4/i_rvx_instance_3/rvx_signal_07_reg[14]/CE
                                                              46.725        
i_platform/i_rtl/platform_controller/i_rvx_instance_4/i_rvx_instance_0/i_rvx_instance_1/rvx_signal_0_reg[7]/C
                               i_platform/i_rtl/platform_controller/i_rvx_instance_4/i_rvx_instance_3/rvx_signal_07_reg[15]/CE
                                                              46.725        
i_platform/i_rtl/platform_controller/i_rvx_instance_4/i_rvx_instance_0/i_rvx_instance_1/rvx_signal_0_reg[7]/C
                               i_platform/i_rtl/platform_controller/i_rvx_instance_4/i_rvx_instance_0/i_rvx_instance_0/rvx_signal_1_reg[16]/CE
                                                              46.870        
i_platform/i_rtl/platform_controller/i_rvx_instance_4/i_rvx_instance_0/i_rvx_instance_1/rvx_signal_0_reg[7]/C
                               i_platform/i_rtl/platform_controller/i_rvx_instance_4/i_rvx_instance_0/i_rvx_instance_0/rvx_signal_1_reg[17]/CE
                                                              46.870        
i_platform/i_rtl/platform_controller/i_rvx_instance_4/i_rvx_instance_0/i_rvx_instance_1/rvx_signal_0_reg[7]/C
                               i_platform/i_rtl/platform_controller/i_rvx_instance_4/i_rvx_instance_0/i_rvx_instance_0/rvx_signal_1_reg[18]/CE
                                                              46.870        
i_platform/i_rtl/platform_controller/i_rvx_instance_4/i_rvx_instance_0/i_rvx_instance_1/rvx_signal_0_reg[7]/C
                               i_platform/i_rtl/platform_controller/i_rvx_instance_4/i_rvx_instance_0/i_rvx_instance_0/rvx_signal_1_reg[19]/CE
                                                              46.870        
i_platform/i_rtl/platform_controller/i_rvx_instance_4/i_rvx_instance_0/i_rvx_instance_1/rvx_signal_0_reg[7]/C
                               i_platform/i_rtl/platform_controller/i_rvx_instance_4/i_rvx_instance_0/i_rvx_instance_0/rvx_signal_1_reg[13]/CE
                                                              46.951        
i_platform/i_rtl/platform_controller/i_rvx_instance_4/i_rvx_instance_0/i_rvx_instance_1/rvx_signal_0_reg[7]/C
                               i_platform/i_rtl/platform_controller/i_rvx_instance_4/i_rvx_instance_0/i_rvx_instance_0/rvx_signal_1_reg[14]/CE
                                                              46.951        
i_platform/i_rtl/platform_controller/i_rvx_instance_4/i_rvx_instance_0/i_rvx_instance_1/rvx_signal_0_reg[7]/C
                               i_platform/i_rtl/platform_controller/i_rvx_instance_4/i_rvx_instance_0/i_rvx_instance_0/rvx_signal_1_reg[15]/CE
                                                              46.951        
i_platform/i_rtl/platform_controller/i_rvx_instance_4/i_rvx_instance_0/i_rvx_instance_1/rvx_signal_0_reg[7]/C
                               i_platform/i_rtl/platform_controller/i_rvx_instance_4/i_rvx_instance_0/i_rvx_instance_0/rvx_signal_1_reg[11]/CE
                                                              46.954        
i_platform/i_rtl/platform_controller/i_rvx_instance_4/i_rvx_instance_0/i_rvx_instance_1/rvx_signal_0_reg[7]/C
                               i_platform/i_rtl/platform_controller/i_rvx_instance_4/i_rvx_instance_0/i_rvx_instance_0/rvx_signal_1_reg[27]/CE
                                                              46.954        
i_platform/i_rtl/platform_controller/i_rvx_instance_4/i_rvx_instance_0/i_rvx_instance_1/rvx_signal_0_reg[7]/C
                               i_platform/i_rtl/platform_controller/i_rvx_instance_4/i_rvx_instance_0/i_rvx_instance_0/rvx_signal_1_reg[28]/CE
                                                              46.954        
i_platform/i_rtl/platform_controller/i_rvx_instance_4/i_rvx_instance_0/i_rvx_instance_1/rvx_signal_0_reg[7]/C
                               i_platform/i_rtl/platform_controller/i_rvx_instance_4/i_rvx_instance_0/rvx_signal_13_reg[28]/CE
                                                              46.988        
i_platform/i_rtl/platform_controller/i_rvx_instance_4/i_rvx_instance_0/i_rvx_instance_1/rvx_signal_0_reg[7]/C
                               i_platform/i_rtl/platform_controller/i_rvx_instance_4/i_rvx_instance_0/rvx_signal_13_reg[29]/CE
                                                              46.988        
i_platform/i_rtl/platform_controller/i_rvx_instance_4/i_rvx_instance_0/i_rvx_instance_1/rvx_signal_0_reg[7]/C
                               i_platform/i_rtl/platform_controller/i_rvx_instance_4/i_rvx_instance_0/rvx_signal_13_reg[3]/CE
                                                              46.988        
i_platform/i_rtl/platform_controller/i_rvx_instance_4/i_rvx_instance_0/i_rvx_instance_1/rvx_signal_0_reg[7]/C
                               i_platform/i_rtl/platform_controller/i_rvx_instance_4/i_rvx_instance_0/rvx_signal_13_reg[4]/CE
                                                              46.988        
i_platform/i_rtl/platform_controller/i_rvx_instance_4/i_rvx_instance_0/i_rvx_instance_1/rvx_signal_0_reg[7]/C
                               i_platform/i_rtl/platform_controller/i_rvx_instance_4/i_rvx_instance_0/rvx_signal_13_reg[15]/CE
                                                              47.015        
i_platform/i_rtl/platform_controller/i_rvx_instance_4/i_rvx_instance_0/i_rvx_instance_1/rvx_signal_0_reg[7]/C
                               i_platform/i_rtl/platform_controller/i_rvx_instance_4/i_rvx_instance_0/rvx_signal_13_reg[16]/CE
                                                              47.015        
i_platform/i_rtl/platform_controller/i_rvx_instance_4/i_rvx_instance_0/i_rvx_instance_1/rvx_signal_0_reg[7]/C
                               i_platform/i_rtl/platform_controller/i_rvx_instance_4/i_rvx_instance_0/rvx_signal_13_reg[5]/CE
                                                              47.015        
i_platform/i_rtl/platform_controller/i_rvx_instance_4/i_rvx_instance_0/i_rvx_instance_1/rvx_signal_0_reg[7]/C
                               i_platform/i_rtl/platform_controller/i_rvx_instance_4/i_rvx_instance_0/rvx_signal_13_reg[6]/CE
                                                              47.015        
i_platform/i_rtl/platform_controller/i_rvx_instance_4/i_rvx_instance_0/i_rvx_instance_1/rvx_signal_0_reg[7]/C
                               i_platform/i_rtl/platform_controller/i_rvx_instance_4/i_rvx_instance_0/i_rvx_instance_0/rvx_signal_1_reg[20]/CE
                                                              47.038        
i_platform/i_rtl/platform_controller/i_rvx_instance_4/i_rvx_instance_0/i_rvx_instance_1/rvx_signal_0_reg[7]/C
                               i_platform/i_rtl/platform_controller/i_rvx_instance_4/i_rvx_instance_0/i_rvx_instance_0/rvx_signal_1_reg[21]/CE
                                                              47.038        
i_platform/i_rtl/platform_controller/i_rvx_instance_4/i_rvx_instance_0/i_rvx_instance_1/rvx_signal_0_reg[7]/C
                               i_platform/i_rtl/platform_controller/i_rvx_instance_4/i_rvx_instance_0/i_rvx_instance_0/rvx_signal_1_reg[12]/CE
                                                              47.065        
i_platform/i_rtl/platform_controller/i_rvx_instance_4/i_rvx_instance_0/i_rvx_instance_1/rvx_signal_0_reg[7]/C
                               i_platform/i_rtl/platform_controller/i_rvx_instance_4/i_rvx_instance_0/i_rvx_instance_0/rvx_signal_1_reg[22]/CE
                                                              47.065        
i_platform/i_rtl/platform_controller/i_rvx_instance_4/i_rvx_instance_0/i_rvx_instance_1/rvx_signal_0_reg[7]/C
                               i_platform/i_rtl/platform_controller/i_rvx_instance_4/i_rvx_instance_0/i_rvx_instance_0/rvx_signal_1_reg[23]/CE
                                                              47.065        
i_platform/i_rtl/platform_controller/i_rvx_instance_4/i_rvx_instance_0/i_rvx_instance_1/rvx_signal_0_reg[7]/C
                               i_platform/i_rtl/platform_controller/i_rvx_instance_4/i_rvx_instance_3/rvx_signal_02_reg/D
                                                              47.098        
i_platform/i_rtl/platform_controller/i_rvx_instance_4/i_rvx_instance_0/i_rvx_instance_1/rvx_signal_0_reg[7]/C
                               i_platform/i_rtl/platform_controller/i_rvx_instance_4/i_rvx_instance_0/rvx_signal_13_reg[14]/CE
                                                              47.103        
i_platform/i_rtl/platform_controller/i_rvx_instance_4/i_rvx_instance_0/i_rvx_instance_1/rvx_signal_0_reg[7]/C
                               i_platform/i_rtl/platform_controller/i_rvx_instance_4/i_rvx_instance_0/rvx_signal_13_reg[22]/CE
                                                              47.103        
i_platform/i_rtl/platform_controller/i_rvx_instance_4/i_rvx_instance_0/i_rvx_instance_1/rvx_signal_0_reg[7]/C
                               i_platform/i_rtl/platform_controller/i_rvx_instance_4/i_rvx_instance_0/rvx_signal_13_reg[23]/CE
                                                              47.103        
i_platform/i_rtl/platform_controller/i_rvx_instance_4/i_rvx_instance_0/i_rvx_instance_1/rvx_signal_0_reg[7]/C
                               i_platform/i_rtl/platform_controller/i_rvx_instance_4/i_rvx_instance_0/rvx_signal_13_reg[24]/CE
                                                              47.103        
i_platform/i_rtl/platform_controller/i_rvx_instance_4/i_rvx_instance_0/i_rvx_instance_1/rvx_signal_0_reg[7]/C
                               i_platform/i_rtl/platform_controller/i_rvx_instance_4/i_rvx_instance_0/rvx_signal_13_reg[17]/CE
                                                              47.121        
i_platform/i_rtl/platform_controller/i_rvx_instance_4/i_rvx_instance_0/i_rvx_instance_1/rvx_signal_0_reg[7]/C
                               i_platform/i_rtl/platform_controller/i_rvx_instance_4/i_rvx_instance_0/rvx_signal_13_reg[18]/CE
                                                              47.121        
i_platform/i_rtl/platform_controller/i_rvx_instance_4/i_rvx_instance_0/i_rvx_instance_1/rvx_signal_0_reg[7]/C
                               i_platform/i_rtl/platform_controller/i_rvx_instance_4/i_rvx_instance_0/rvx_signal_13_reg[19]/CE
                                                              47.121        
i_platform/i_rtl/platform_controller/i_rvx_instance_4/i_rvx_instance_0/i_rvx_instance_1/rvx_signal_0_reg[7]/C
                               i_platform/i_rtl/platform_controller/i_rvx_instance_4/i_rvx_instance_0/i_rvx_instance_0/rvx_signal_1_reg[24]/CE
                                                              47.162        
i_platform/i_rtl/platform_controller/i_rvx_instance_4/i_rvx_instance_0/i_rvx_instance_1/rvx_signal_0_reg[7]/C
                               i_platform/i_rtl/platform_controller/i_rvx_instance_4/i_rvx_instance_0/i_rvx_instance_0/rvx_signal_1_reg[25]/CE
                                                              47.162        
i_platform/i_rtl/platform_controller/i_rvx_instance_4/i_rvx_instance_0/i_rvx_instance_1/rvx_signal_0_reg[7]/C
                               i_platform/i_rtl/platform_controller/i_rvx_instance_4/i_rvx_instance_0/i_rvx_instance_0/rvx_signal_1_reg[26]/CE
                                                              47.162        
i_platform/i_rtl/platform_controller/i_rvx_instance_4/i_rvx_instance_0/i_rvx_instance_1/rvx_signal_0_reg[7]/C
                               i_platform/i_rtl/platform_controller/i_rvx_instance_4/i_rvx_instance_0/i_rvx_instance_0/rvx_signal_1_reg[5]/CE
                                                              47.162        
i_platform/i_rtl/platform_controller/i_rvx_instance_4/i_rvx_instance_0/i_rvx_instance_1/rvx_signal_0_reg[7]/C
                               i_platform/i_rtl/platform_controller/i_rvx_instance_4/i_rvx_instance_0/i_rvx_instance_0/rvx_signal_1_reg[0]/CE
                                                              47.172        
i_platform/i_rtl/platform_controller/i_rvx_instance_4/i_rvx_instance_0/i_rvx_instance_1/rvx_signal_0_reg[7]/C
                               i_platform/i_rtl/platform_controller/i_rvx_instance_4/i_rvx_instance_0/i_rvx_instance_0/rvx_signal_1_reg[1]/CE
                                                              47.172        
i_platform/i_rtl/platform_controller/i_rvx_instance_4/i_rvx_instance_0/i_rvx_instance_1/rvx_signal_0_reg[7]/C
                               i_platform/i_rtl/platform_controller/i_rvx_instance_4/i_rvx_instance_0/i_rvx_instance_0/rvx_signal_1_reg[2]/CE
                                                              47.172        
i_platform/i_rtl/platform_controller/i_rvx_instance_4/i_rvx_instance_0/i_rvx_instance_1/rvx_signal_0_reg[7]/C
                               i_platform/i_rtl/platform_controller/i_rvx_instance_4/i_rvx_instance_0/i_rvx_instance_0/rvx_signal_1_reg[3]/CE
                                                              47.172        
i_platform/i_rtl/platform_controller/i_rvx_instance_4/i_rvx_instance_0/i_rvx_instance_1/rvx_signal_0_reg[7]/C
                               i_platform/i_rtl/platform_controller/i_rvx_instance_4/i_rvx_instance_0/i_rvx_instance_0/rvx_signal_1_reg[18]/D
                                                              47.205        
i_platform/i_rtl/platform_controller/i_rvx_instance_4/i_rvx_instance_0/i_rvx_instance_1/rvx_signal_0_reg[7]/C
                               i_platform/i_rtl/platform_controller/i_rvx_instance_4/i_rvx_instance_0/rvx_signal_13_reg[0]/CE
                                                              47.209        
i_platform/i_rtl/platform_controller/i_rvx_instance_4/i_rvx_instance_0/i_rvx_instance_1/rvx_signal_0_reg[7]/C
                               i_platform/i_rtl/platform_controller/i_rvx_instance_4/i_rvx_instance_0/rvx_signal_13_reg[1]/CE
                                                              47.209        
i_platform/i_rtl/platform_controller/i_rvx_instance_4/i_rvx_instance_0/i_rvx_instance_1/rvx_signal_0_reg[7]/C
                               i_platform/i_rtl/platform_controller/i_rvx_instance_4/i_rvx_instance_0/rvx_signal_13_reg[20]/CE
                                                              47.209        
i_platform/i_rtl/platform_controller/i_rvx_instance_4/i_rvx_instance_0/i_rvx_instance_1/rvx_signal_0_reg[7]/C
                               i_platform/i_rtl/platform_controller/i_rvx_instance_4/i_rvx_instance_0/rvx_signal_13_reg[2]/CE
                                                              47.209        
i_platform/i_rtl/platform_controller/i_rvx_instance_4/i_rvx_instance_0/i_rvx_instance_1/rvx_signal_0_reg[7]/C
                               i_platform/i_rtl/platform_controller/i_rvx_instance_4/i_rvx_instance_0/i_rvx_instance_0/rvx_signal_1_reg[19]/D
                                                              47.231        
i_platform/i_rtl/platform_controller/i_rvx_instance_4/i_rvx_instance_0/i_rvx_instance_1/rvx_signal_0_reg[7]/C
                               i_platform/i_rtl/platform_controller/i_rvx_instance_4/i_rvx_instance_0/i_rvx_instance_0/rvx_signal_1_reg[29]/CE
                                                              47.254        
i_platform/i_rtl/platform_controller/i_rvx_instance_4/i_rvx_instance_0/i_rvx_instance_1/rvx_signal_0_reg[7]/C
                               i_platform/i_rtl/platform_controller/i_rvx_instance_4/i_rvx_instance_0/i_rvx_instance_0/rvx_signal_1_reg[30]/CE
                                                              47.254        
i_platform/i_rtl/platform_controller/i_rvx_instance_4/i_rvx_instance_0/i_rvx_instance_1/rvx_signal_0_reg[7]/C
                               i_platform/i_rtl/platform_controller/i_rvx_instance_4/i_rvx_instance_0/i_rvx_instance_0/rvx_signal_1_reg[31]/CE
                                                              47.254        
i_platform/i_rtl/platform_controller/i_rvx_instance_4/i_rvx_instance_0/i_rvx_instance_1/rvx_signal_0_reg[7]/C
                               i_platform/i_rtl/platform_controller/i_rvx_instance_4/i_rvx_instance_0/i_rvx_instance_0/rvx_signal_1_reg[4]/CE
                                                              47.254        



