Copyright 1986-2022 Xilinx, Inc. All Rights Reserved. Copyright 2022-2024 Advanced Micro Devices, Inc. All Rights Reserved.
---------------------------------------------------------------------------------------------------------------------------------------------------------------
| Tool Version : Vivado v.2024.1 (lin64) Build 5076996 Wed May 22 18:36:09 MDT 2024
| Date         : Tue May 19 16:51:49 2026
| Host         : Venus running 64-bit Ubuntu 22.04.5 LTS
| Command      : report_timing_summary -file /home/sanghun/RVX/rvx-tutorials/platform/tip_hello/imp_genesys2-eb_2026-05-19/imp_result/route_timing_summary.rpt
| Design       : TIP_HELLO_FPGA
| Device       : 7k325t-ffg900
| Speed File   : -2  PRODUCTION 1.12 2017-02-17
| Design State : Routed
---------------------------------------------------------------------------------------------------------------------------------------------------------------

Timing Summary Report

------------------------------------------------------------------------------------------------
| Timer Settings
| --------------
------------------------------------------------------------------------------------------------

  Enable Multi Corner Analysis               :  Yes
  Enable Pessimism Removal                   :  Yes
  Pessimism Removal Resolution               :  Nearest Common Node
  Enable Input Delay Default Clock           :  No
  Enable Preset / Clear Arcs                 :  No
  Disable Flight Delays                      :  No
  Ignore I/O Paths                           :  No
  Timing Early Launch at Borrowing Latches   :  No
  Borrow Time for Max Delay Exceptions       :  Yes
  Merge Timing Exceptions                    :  Yes
  Inter-SLR Compensation                     :  Conservative

  Corner  Analyze    Analyze    
  Name    Max Paths  Min Paths  
  ------  ---------  ---------  
  Slow    Yes        Yes        
  Fast    Yes        Yes        


------------------------------------------------------------------------------------------------
| Report Methodology
| ------------------
------------------------------------------------------------------------------------------------

No report available as report_methodology has not been run prior. Run report_methodology on the current design for the summary of methodology violations.



check_timing report

Table of Contents
-----------------
1. checking no_clock (0)
2. checking constant_clock (0)
3. checking pulse_width_clock (0)
4. checking unconstrained_internal_endpoints (0)
5. checking no_input_delay (3)
6. checking no_output_delay (1)
7. checking multiple_clock (0)
8. checking generated_clocks (0)
9. checking loops (0)
10. checking partial_input_delay (0)
11. checking partial_output_delay (0)
12. checking latch_loops (0)

1. checking no_clock (0)
------------------------
 There are 0 register/latch pins with no clock.


2. checking constant_clock (0)
------------------------------
 There are 0 register/latch pins with constant_clock.


3. checking pulse_width_clock (0)
---------------------------------
 There are 0 register/latch pins which need pulse_width check


4. checking unconstrained_internal_endpoints (0)
------------------------------------------------
 There are 0 pins that are not constrained for maximum delay.

 There are 0 pins that are not constrained for maximum delay due to constant clock.


5. checking no_input_delay (3)
------------------------------
 There are 3 input ports with no input delay specified. (HIGH)

 There are 0 input ports with no input delay but user has a false path constraint.


6. checking no_output_delay (1)
-------------------------------
 There is 1 port with no output delay specified. (HIGH)

 There are 0 ports with no output delay but user has a false path constraint

 There are 0 ports with no output delay but with a timing clock defined on it or propagating through it


7. checking multiple_clock (0)
------------------------------
 There are 0 register/latch pins with multiple clocks.


8. checking generated_clocks (0)
--------------------------------
 There are 0 generated clocks that are not connected to a clock source.


9. checking loops (0)
---------------------
 There are 0 combinational loops in the design.


10. checking partial_input_delay (0)
------------------------------------
 There are 0 input ports with partial input delay specified.


11. checking partial_output_delay (0)
-------------------------------------
 There are 0 ports with partial output delay specified.


12. checking latch_loops (0)
----------------------------
 There are 0 combinational latch loops in the design through latch input



------------------------------------------------------------------------------------------------
| Design Timing Summary
| ---------------------
------------------------------------------------------------------------------------------------

    WNS(ns)      TNS(ns)  TNS Failing Endpoints  TNS Total Endpoints      WHS(ns)      THS(ns)  THS Failing Endpoints  THS Total Endpoints     WPWS(ns)     TPWS(ns)  TPWS Failing Endpoints  TPWS Total Endpoints  
    -------      -------  ---------------------  -------------------      -------      -------  ---------------------  -------------------     --------     --------  ----------------------  --------------------  
      7.984        0.000                      0                38411        0.053        0.000                      0                38411        1.100        0.000                       0                 14801  


All user specified timing constraints are met.


------------------------------------------------------------------------------------------------
| Clock Summary
| -------------
------------------------------------------------------------------------------------------------

Clock                              Waveform(ns)         Period(ns)      Frequency(MHz)
-----                              ------------         ----------      --------------
external_clk_0                     {0.000 2.500}        5.000           200.000         
  clk_50000000_xilinx_clock_pll_0  {0.000 10.000}       20.000          50.000          
  clkfbout_xilinx_clock_pll_0      {0.000 2.500}        5.000           200.000         
pjtag_rclk                         {0.000 50.000}       100.000         10.000          


------------------------------------------------------------------------------------------------
| Intra Clock Table
| -----------------
------------------------------------------------------------------------------------------------

Clock                                  WNS(ns)      TNS(ns)  TNS Failing Endpoints  TNS Total Endpoints      WHS(ns)      THS(ns)  THS Failing Endpoints  THS Total Endpoints     WPWS(ns)     TPWS(ns)  TPWS Failing Endpoints  TPWS Total Endpoints  
-----                                  -------      -------  ---------------------  -------------------      -------      -------  ---------------------  -------------------     --------     --------  ----------------------  --------------------  
external_clk_0                                                                                                                                                                       1.100        0.000                       0                     1  
  clk_50000000_xilinx_clock_pll_0       11.370        0.000                      0                28752        0.053        0.000                      0                28752        9.232        0.000                       0                 14543  
  clkfbout_xilinx_clock_pll_0                                                                                                                                                        3.592        0.000                       0                     3  
pjtag_rclk                              14.954        0.000                      0                  351        0.108        0.000                      0                  351       49.600        0.000                       0                   254  


------------------------------------------------------------------------------------------------
| Inter Clock Table
| -----------------
------------------------------------------------------------------------------------------------

From Clock    To Clock          WNS(ns)      TNS(ns)  TNS Failing Endpoints  TNS Total Endpoints      WHS(ns)      THS(ns)  THS Failing Endpoints  THS Total Endpoints  
----------    --------          -------      -------  ---------------------  -------------------      -------      -------  ---------------------  -------------------  


------------------------------------------------------------------------------------------------
| Other Path Groups Table
| -----------------------
------------------------------------------------------------------------------------------------

Path Group                       From Clock                       To Clock                             WNS(ns)      TNS(ns)  TNS Failing Endpoints  TNS Total Endpoints      WHS(ns)      THS(ns)  THS Failing Endpoints  THS Total Endpoints  
----------                       ----------                       --------                             -------      -------  ---------------------  -------------------      -------      -------  ---------------------  -------------------  
**async_default**                clk_50000000_xilinx_clock_pll_0  clk_50000000_xilinx_clock_pll_0        7.984        0.000                      0                 9308        0.508        0.000                      0                 9308  


------------------------------------------------------------------------------------------------
| Timing Details
| --------------
------------------------------------------------------------------------------------------------


---------------------------------------------------------------------------------------------------
From Clock:  external_clk_0
  To Clock:  external_clk_0

Setup :           NA  Failing Endpoints,  Worst Slack           NA  ,  Total Violation           NA
Hold  :           NA  Failing Endpoints,  Worst Slack           NA  ,  Total Violation           NA
PW    :            0  Failing Endpoints,  Worst Slack        1.100ns,  Total Violation        0.000ns
---------------------------------------------------------------------------------------------------


Pulse Width Checks
--------------------------------------------------------------------------------------
Clock Name:         external_clk_0
Waveform(ns):       { 0.000 2.500 }
Period(ns):         5.000
Sources:            { external_clk_0 }

Check Type        Corner  Lib Pin            Reference Pin  Required(ns)  Actual(ns)  Slack(ns)  Location         Pin
Min Period        n/a     MMCME2_ADV/CLKIN1  n/a            1.071         5.000       3.929      MMCME2_ADV_X1Y1  i_platform/i_pll0/i_xilinx_clock_pll_0/inst/mmcm_adv_inst/CLKIN1
Max Period        n/a     MMCME2_ADV/CLKIN1  n/a            100.000       5.000       95.000     MMCME2_ADV_X1Y1  i_platform/i_pll0/i_xilinx_clock_pll_0/inst/mmcm_adv_inst/CLKIN1
Low Pulse Width   Slow    MMCME2_ADV/CLKIN1  n/a            1.400         2.500       1.100      MMCME2_ADV_X1Y1  i_platform/i_pll0/i_xilinx_clock_pll_0/inst/mmcm_adv_inst/CLKIN1
High Pulse Width  Slow    MMCME2_ADV/CLKIN1  n/a            1.400         2.500       1.100      MMCME2_ADV_X1Y1  i_platform/i_pll0/i_xilinx_clock_pll_0/inst/mmcm_adv_inst/CLKIN1



---------------------------------------------------------------------------------------------------
From Clock:  clk_50000000_xilinx_clock_pll_0
  To Clock:  clk_50000000_xilinx_clock_pll_0

Setup :            0  Failing Endpoints,  Worst Slack       11.370ns,  Total Violation        0.000ns
Hold  :            0  Failing Endpoints,  Worst Slack        0.053ns,  Total Violation        0.000ns
PW    :            0  Failing Endpoints,  Worst Slack        9.232ns,  Total Violation        0.000ns
---------------------------------------------------------------------------------------------------


Max Delay Paths
--------------------------------------------------------------------------------------
Slack (MET) :             11.370ns  (required time - arrival time)
  Source:                 i_platform/i_rtl/i_main_core/i_orca/core/D__0/two_cycle.from_decode_instruction_signal_reg[30]/C
                            (rising edge-triggered cell FDCE clocked by clk_50000000_xilinx_clock_pll_0  {rise@0.000ns fall@10.000ns period=20.000ns})
  Destination:            i_platform/i_rtl/i_main_core/i_orca/core/D__0/the_register_file/bypass_gen.out1_reg[13]/D
                            (rising edge-triggered cell FDCE clocked by clk_50000000_xilinx_clock_pll_0  {rise@0.000ns fall@10.000ns period=20.000ns})
  Path Group:             clk_50000000_xilinx_clock_pll_0
  Path Type:              Setup (Max at Slow Process Corner)
  Requirement:            20.000ns  (clk_50000000_xilinx_clock_pll_0 rise@20.000ns - clk_50000000_xilinx_clock_pll_0 rise@0.000ns)
  Data Path Delay:        8.497ns  (logic 0.749ns (8.815%)  route 7.748ns (91.185%))
  Logic Levels:           8  (LUT4=1 LUT6=6 MUXF7=1)
  Clock Path Skew:        -0.092ns (DCD - SCD + CPR)
    Destination Clock Delay (DCD):    -1.793ns = ( 18.207 - 20.000 ) 
    Source Clock Delay      (SCD):    -2.382ns
    Clock Pessimism Removal (CPR):    -0.682ns
  Clock Uncertainty:      0.075ns  ((TSJ^2 + DJ^2)^1/2) / 2 + PE
    Total System Jitter     (TSJ):    0.071ns
    Discrete Jitter          (DJ):    0.132ns
    Phase Error              (PE):    0.000ns

    Location             Delay type                Incr(ns)  Path(ns)    Netlist Resource(s)
  -------------------------------------------------------------------    -------------------
                         (clock clk_50000000_xilinx_clock_pll_0 rise edge)
                                                      0.000     0.000 r  
    AD12                                              0.000     0.000 r  external_clk_0 (IN)
                         net (fo=0)                   0.000     0.000    i_platform/i_pll0/i_xilinx_clock_pll_0/inst/clk_in1_p
    AD12                 IBUFDS (Prop_ibufds_I_O)     0.906     0.906 r  i_platform/i_pll0/i_xilinx_clock_pll_0/inst/clkin1_ibufgds/O
                         net (fo=1, routed)           1.081     1.987    i_platform/i_pll0/i_xilinx_clock_pll_0/inst/clk_in1_xilinx_clock_pll_0
    MMCME2_ADV_X1Y1      MMCME2_ADV (Prop_mmcme2_adv_CLKIN1_CLKOUT0)
                                                     -7.786    -5.799 r  i_platform/i_pll0/i_xilinx_clock_pll_0/inst/mmcm_adv_inst/CLKOUT0
                         net (fo=1, routed)           2.130    -3.669    i_platform/i_pll0/i_xilinx_clock_pll_0/inst/clk_50000000_xilinx_clock_pll_0
    BUFGCTRL_X0Y0        BUFG (Prop_bufg_I_O)         0.093    -3.576 r  i_platform/i_pll0/i_xilinx_clock_pll_0/inst/clkout1_buf/O
                         net (fo=14543, routed)       1.194    -2.382    i_platform/i_rtl/i_main_core/i_orca/core/D__0/clk_50000000
    SLICE_X54Y225        FDCE                                         r  i_platform/i_rtl/i_main_core/i_orca/core/D__0/two_cycle.from_decode_instruction_signal_reg[30]/C
  -------------------------------------------------------------------    -------------------
    SLICE_X54Y225        FDCE (Prop_fdce_C_Q)         0.259    -2.123 r  i_platform/i_rtl/i_main_core/i_orca/core/D__0/two_cycle.from_decode_instruction_signal_reg[30]/Q
                         net (fo=27, routed)          2.624     0.500    i_platform/i_rtl/i_main_core/i_orca/core/D__0/decode_to_execute_instruction[29]
    SLICE_X98Y233        LUT4 (Prop_lut4_I1_O)        0.043     0.543 r  i_platform/i_rtl/i_main_core/i_orca/core/D__0/div_proc.R[31]_i_7/O
                         net (fo=4, routed)           0.434     0.978    i_platform/i_rtl/i_main_core/i_orca/core/D__0/div_proc.R[31]_i_7_n_0
    SLICE_X95Y230        LUT6 (Prop_lut6_I0_O)        0.043     1.021 f  i_platform/i_rtl/i_main_core/i_orca/core/D__0/div_proc.R[31]_i_3/O
                         net (fo=34, routed)          0.519     1.540    i_platform/i_rtl/i_main_core/i_orca/core/D__0/div_proc.R[31]_i_3_n_0
    SLICE_X99Y233        LUT6 (Prop_lut6_I2_O)        0.043     1.583 r  i_platform/i_rtl/i_main_core/i_orca/core/D__0/two_cycle.from_decode_instruction_signal[30]_i_3/O
                         net (fo=5, routed)           0.595     2.177    i_platform/i_rtl/i_main_core/i_orca/core/D__0/the_register_file/two_cycle.from_decode_program_counter_reg[0]
    SLICE_X96Y228        LUT6 (Prop_lut6_I2_O)        0.043     2.220 r  i_platform/i_rtl/i_main_core/i_orca/core/D__0/the_register_file/two_cycle.from_decode_instruction_signal[30]_i_1/O
                         net (fo=153, routed)         1.502     3.722    i_platform/i_rtl/i_main_core/i_orca/core/D__0/the_register_file/E[0]
    SLICE_X67Y236        LUT6 (Prop_lut6_I3_O)        0.043     3.765 r  i_platform/i_rtl/i_main_core/i_orca/core/D__0/the_register_file/bypass_gen.out1[15]_i_14/O
                         net (fo=128, routed)         1.450     5.215    i_platform/i_rtl/i_main_core/i_orca/core/D__0/the_register_file/bypass_gen.out1[15]_i_14_n_0
    SLICE_X101Y249       LUT6 (Prop_lut6_I2_O)        0.043     5.258 r  i_platform/i_rtl/i_main_core/i_orca/core/D__0/the_register_file/bypass_gen.out1[13]_i_13/O
                         net (fo=1, routed)           0.000     5.258    i_platform/i_rtl/i_main_core/i_orca/core/D__0/the_register_file/bypass_gen.out1[13]_i_13_n_0
    SLICE_X101Y249       MUXF7 (Prop_muxf7_I1_O)      0.108     5.366 r  i_platform/i_rtl/i_main_core/i_orca/core/D__0/the_register_file/bypass_gen.out1_reg[13]_i_5/O
                         net (fo=1, routed)           0.624     5.990    i_platform/i_rtl/i_main_core/i_orca/core/D__0/the_register_file/bypass_gen.out1_reg[13]_i_5_n_0
    SLICE_X96Y247        LUT6 (Prop_lut6_I5_O)        0.124     6.114 r  i_platform/i_rtl/i_main_core/i_orca/core/D__0/the_register_file/bypass_gen.out1[13]_i_1/O
                         net (fo=1, routed)           0.000     6.114    i_platform/i_rtl/i_main_core/i_orca/core/D__0/the_register_file/registers[31]_69[13]
    SLICE_X96Y247        FDCE                                         r  i_platform/i_rtl/i_main_core/i_orca/core/D__0/the_register_file/bypass_gen.out1_reg[13]/D
  -------------------------------------------------------------------    -------------------

                         (clock clk_50000000_xilinx_clock_pll_0 rise edge)
                                                     20.000    20.000 r  
    AD12                                              0.000    20.000 r  external_clk_0 (IN)
                         net (fo=0)                   0.000    20.000    i_platform/i_pll0/i_xilinx_clock_pll_0/inst/clk_in1_p
    AD12                 IBUFDS (Prop_ibufds_I_O)     0.803    20.803 r  i_platform/i_pll0/i_xilinx_clock_pll_0/inst/clkin1_ibufgds/O
                         net (fo=1, routed)           0.986    21.789    i_platform/i_pll0/i_xilinx_clock_pll_0/inst/clk_in1_xilinx_clock_pll_0
    MMCME2_ADV_X1Y1      MMCME2_ADV (Prop_mmcme2_adv_CLKIN1_CLKOUT0)
                                                     -6.759    15.030 r  i_platform/i_pll0/i_xilinx_clock_pll_0/inst/mmcm_adv_inst/CLKOUT0
                         net (fo=1, routed)           2.005    17.035    i_platform/i_pll0/i_xilinx_clock_pll_0/inst/clk_50000000_xilinx_clock_pll_0
    BUFGCTRL_X0Y0        BUFG (Prop_bufg_I_O)         0.083    17.118 r  i_platform/i_pll0/i_xilinx_clock_pll_0/inst/clkout1_buf/O
                         net (fo=14543, routed)       1.089    18.207    i_platform/i_rtl/i_main_core/i_orca/core/D__0/the_register_file/clk_50000000
    SLICE_X96Y247        FDCE                                         r  i_platform/i_rtl/i_main_core/i_orca/core/D__0/the_register_file/bypass_gen.out1_reg[13]/C
                         clock pessimism             -0.682    17.526    
                         clock uncertainty           -0.075    17.451    
    SLICE_X96Y247        FDCE (Setup_fdce_C_D)        0.034    17.485    i_platform/i_rtl/i_main_core/i_orca/core/D__0/the_register_file/bypass_gen.out1_reg[13]
  -------------------------------------------------------------------
                         required time                         17.485    
                         arrival time                          -6.114    
  -------------------------------------------------------------------
                         slack                                 11.370    





Min Delay Paths
--------------------------------------------------------------------------------------
Slack (MET) :             0.053ns  (arrival time - required time)
  Source:                 i_platform/i_rtl/external_peri_group/i_gen_valid_uart[0].i_rvx_instance_05/i_rvx_instance_0/rvx_signal_005_reg[1]/C
                            (rising edge-triggered cell FDCE clocked by clk_50000000_xilinx_clock_pll_0  {rise@0.000ns fall@10.000ns period=20.000ns})
  Destination:            i_platform/i_rtl/external_peri_group/i_gen_valid_uart[0].i_rvx_instance_05/i_rvx_instance_0/i_rvx_instance_1/i_rvx_instance_0/i_rvx_instance_0/rvx_signal_0_reg_0_63_0_2/RAMB/I
                            (rising edge-triggered cell RAMD64E clocked by clk_50000000_xilinx_clock_pll_0  {rise@0.000ns fall@10.000ns period=20.000ns})
  Path Group:             clk_50000000_xilinx_clock_pll_0
  Path Type:              Hold (Min at Fast Process Corner)
  Requirement:            0.000ns  (clk_50000000_xilinx_clock_pll_0 rise@0.000ns - clk_50000000_xilinx_clock_pll_0 rise@0.000ns)
  Data Path Delay:        0.199ns  (logic 0.100ns (50.295%)  route 0.099ns (49.705%))
  Logic Levels:           0  
  Clock Path Skew:        0.014ns (DCD - SCD - CPR)
    Destination Clock Delay (DCD):    -0.701ns
    Source Clock Delay      (SCD):    -0.656ns
    Clock Pessimism Removal (CPR):    -0.060ns

    Location             Delay type                Incr(ns)  Path(ns)    Netlist Resource(s)
  -------------------------------------------------------------------    -------------------
                         (clock clk_50000000_xilinx_clock_pll_0 rise edge)
                                                      0.000     0.000 r  
    AD12                                              0.000     0.000 r  external_clk_0 (IN)
                         net (fo=0)                   0.000     0.000    i_platform/i_pll0/i_xilinx_clock_pll_0/inst/clk_in1_p
    AD12                 IBUFDS (Prop_ibufds_I_O)     0.388     0.388 r  i_platform/i_pll0/i_xilinx_clock_pll_0/inst/clkin1_ibufgds/O
                         net (fo=1, routed)           0.503     0.891    i_platform/i_pll0/i_xilinx_clock_pll_0/inst/clk_in1_xilinx_clock_pll_0
    MMCME2_ADV_X1Y1      MMCME2_ADV (Prop_mmcme2_adv_CLKIN1_CLKOUT0)
                                                     -3.040    -2.149 r  i_platform/i_pll0/i_xilinx_clock_pll_0/inst/mmcm_adv_inst/CLKOUT0
                         net (fo=1, routed)           0.940    -1.209    i_platform/i_pll0/i_xilinx_clock_pll_0/inst/clk_50000000_xilinx_clock_pll_0
    BUFGCTRL_X0Y0        BUFG (Prop_bufg_I_O)         0.026    -1.183 r  i_platform/i_pll0/i_xilinx_clock_pll_0/inst/clkout1_buf/O
                         net (fo=14543, routed)       0.527    -0.656    i_platform/i_rtl/external_peri_group/i_gen_valid_uart[0].i_rvx_instance_05/i_rvx_instance_0/clk_50000000
    SLICE_X67Y204        FDCE                                         r  i_platform/i_rtl/external_peri_group/i_gen_valid_uart[0].i_rvx_instance_05/i_rvx_instance_0/rvx_signal_005_reg[1]/C
  -------------------------------------------------------------------    -------------------
    SLICE_X67Y204        FDCE (Prop_fdce_C_Q)         0.100    -0.556 r  i_platform/i_rtl/external_peri_group/i_gen_valid_uart[0].i_rvx_instance_05/i_rvx_instance_0/rvx_signal_005_reg[1]/Q
                         net (fo=2, routed)           0.099    -0.457    i_platform/i_rtl/external_peri_group/i_gen_valid_uart[0].i_rvx_instance_05/i_rvx_instance_0/i_rvx_instance_1/i_rvx_instance_0/i_rvx_instance_0/rvx_signal_0_reg_0_63_0_2/DIB
    SLICE_X66Y203        RAMD64E                                      r  i_platform/i_rtl/external_peri_group/i_gen_valid_uart[0].i_rvx_instance_05/i_rvx_instance_0/i_rvx_instance_1/i_rvx_instance_0/i_rvx_instance_0/rvx_signal_0_reg_0_63_0_2/RAMB/I
  -------------------------------------------------------------------    -------------------

                         (clock clk_50000000_xilinx_clock_pll_0 rise edge)
                                                      0.000     0.000 r  
    AD12                                              0.000     0.000 r  external_clk_0 (IN)
                         net (fo=0)                   0.000     0.000    i_platform/i_pll0/i_xilinx_clock_pll_0/inst/clk_in1_p
    AD12                 IBUFDS (Prop_ibufds_I_O)     0.470     0.470 r  i_platform/i_pll0/i_xilinx_clock_pll_0/inst/clkin1_ibufgds/O
                         net (fo=1, routed)           0.553     1.023    i_platform/i_pll0/i_xilinx_clock_pll_0/inst/clk_in1_xilinx_clock_pll_0
    MMCME2_ADV_X1Y1      MMCME2_ADV (Prop_mmcme2_adv_CLKIN1_CLKOUT0)
                                                     -3.493    -2.470 r  i_platform/i_pll0/i_xilinx_clock_pll_0/inst/mmcm_adv_inst/CLKOUT0
                         net (fo=1, routed)           1.007    -1.463    i_platform/i_pll0/i_xilinx_clock_pll_0/inst/clk_50000000_xilinx_clock_pll_0
    BUFGCTRL_X0Y0        BUFG (Prop_bufg_I_O)         0.030    -1.433 r  i_platform/i_pll0/i_xilinx_clock_pll_0/inst/clkout1_buf/O
                         net (fo=14543, routed)       0.732    -0.701    i_platform/i_rtl/external_peri_group/i_gen_valid_uart[0].i_rvx_instance_05/i_rvx_instance_0/i_rvx_instance_1/i_rvx_instance_0/i_rvx_instance_0/rvx_signal_0_reg_0_63_0_2/WCLK
    SLICE_X66Y203        RAMD64E                                      r  i_platform/i_rtl/external_peri_group/i_gen_valid_uart[0].i_rvx_instance_05/i_rvx_instance_0/i_rvx_instance_1/i_rvx_instance_0/i_rvx_instance_0/rvx_signal_0_reg_0_63_0_2/RAMB/CLK
                         clock pessimism              0.060    -0.642    
    SLICE_X66Y203        RAMD64E (Hold_ramd64e_CLK_I)
                                                      0.132    -0.510    i_platform/i_rtl/external_peri_group/i_gen_valid_uart[0].i_rvx_instance_05/i_rvx_instance_0/i_rvx_instance_1/i_rvx_instance_0/i_rvx_instance_0/rvx_signal_0_reg_0_63_0_2/RAMB
  -------------------------------------------------------------------
                         required time                          0.510    
                         arrival time                          -0.457    
  -------------------------------------------------------------------
                         slack                                  0.053    





Pulse Width Checks
--------------------------------------------------------------------------------------
Clock Name:         clk_50000000_xilinx_clock_pll_0
Waveform(ns):       { 0.000 10.000 }
Period(ns):         20.000
Sources:            { i_platform/i_pll0/i_xilinx_clock_pll_0/inst/mmcm_adv_inst/CLKOUT0 }

Check Type        Corner  Lib Pin             Reference Pin  Required(ns)  Actual(ns)  Slack(ns)  Location         Pin
Min Period        n/a     DSP48E1/CLK         n/a            2.772         20.000      17.228     DSP48_X2Y95      i_platform/i_rtl/i_main_core/i_orca/core/X/alu/mul_gen.default_mul_gen.mul_dest_reg/CLK
Max Period        n/a     MMCME2_ADV/CLKOUT0  n/a            213.360       20.000      193.360    MMCME2_ADV_X1Y1  i_platform/i_pll0/i_xilinx_clock_pll_0/inst/mmcm_adv_inst/CLKOUT0
Low Pulse Width   Slow    RAMD64E/CLK         n/a            0.768         10.000      9.232      SLICE_X66Y203    i_platform/i_rtl/external_peri_group/i_gen_valid_uart[0].i_rvx_instance_05/i_rvx_instance_0/i_rvx_instance_1/i_rvx_instance_0/i_rvx_instance_0/rvx_signal_0_reg_0_63_0_2/RAMA/CLK
High Pulse Width  Slow    RAMD64E/CLK         n/a            0.768         10.000      9.232      SLICE_X66Y203    i_platform/i_rtl/external_peri_group/i_gen_valid_uart[0].i_rvx_instance_05/i_rvx_instance_0/i_rvx_instance_1/i_rvx_instance_0/i_rvx_instance_0/rvx_signal_0_reg_0_63_0_2/RAMA/CLK



---------------------------------------------------------------------------------------------------
From Clock:  clkfbout_xilinx_clock_pll_0
  To Clock:  clkfbout_xilinx_clock_pll_0

Setup :           NA  Failing Endpoints,  Worst Slack           NA  ,  Total Violation           NA
Hold  :           NA  Failing Endpoints,  Worst Slack           NA  ,  Total Violation           NA
PW    :            0  Failing Endpoints,  Worst Slack        3.592ns,  Total Violation        0.000ns
---------------------------------------------------------------------------------------------------


Pulse Width Checks
--------------------------------------------------------------------------------------
Clock Name:         clkfbout_xilinx_clock_pll_0
Waveform(ns):       { 0.000 2.500 }
Period(ns):         5.000
Sources:            { i_platform/i_pll0/i_xilinx_clock_pll_0/inst/mmcm_adv_inst/CLKFBOUT }

Check Type  Corner  Lib Pin             Reference Pin  Required(ns)  Actual(ns)  Slack(ns)  Location         Pin
Min Period  n/a     BUFG/I              n/a            1.408         5.000       3.591      BUFGCTRL_X0Y2    i_platform/i_pll0/i_xilinx_clock_pll_0/inst/clkf_buf/I
Max Period  n/a     MMCME2_ADV/CLKFBIN  n/a            100.000       5.000       95.000     MMCME2_ADV_X1Y1  i_platform/i_pll0/i_xilinx_clock_pll_0/inst/mmcm_adv_inst/CLKFBIN



---------------------------------------------------------------------------------------------------
From Clock:  pjtag_rclk
  To Clock:  pjtag_rclk

Setup :            0  Failing Endpoints,  Worst Slack       14.954ns,  Total Violation        0.000ns
Hold  :            0  Failing Endpoints,  Worst Slack        0.108ns,  Total Violation        0.000ns
PW    :            0  Failing Endpoints,  Worst Slack       49.600ns,  Total Violation        0.000ns
---------------------------------------------------------------------------------------------------


Max Delay Paths
--------------------------------------------------------------------------------------
Slack (MET) :             14.954ns  (required time - arrival time)
  Source:                 i_platform/i_rtl/platform_controller/i_rvx_instance_4/i_rvx_instance_0/rvx_port_09_reg/C
                            (falling edge-triggered cell FDCE clocked by pjtag_rclk  {rise@0.000ns fall@50.000ns period=100.000ns})
  Destination:            pjtag_rtdo
                            (output port clocked by pjtag_rclk  {rise@0.000ns fall@50.000ns period=100.000ns})
  Path Group:             pjtag_rclk
  Path Type:              Max at Slow Process Corner
  Requirement:            50.000ns  (pjtag_rclk rise@100.000ns - pjtag_rclk fall@50.000ns)
  Data Path Delay:        4.425ns  (logic 2.669ns (60.314%)  route 1.756ns (39.686%))
  Logic Levels:           1  (OBUF=1)
  Output Delay:           25.000ns
  Clock Path Skew:        -5.585ns (DCD - SCD + CPR)
    Destination Clock Delay (DCD):    0.000ns = ( 100.000 - 100.000 ) 
    Source Clock Delay      (SCD):    5.585ns = ( 55.585 - 50.000 ) 
    Clock Pessimism Removal (CPR):    0.000ns
  Clock Uncertainty:      0.035ns  ((TSJ^2 + TIJ^2)^1/2 + DJ) / 2 + PE
    Total System Jitter     (TSJ):    0.071ns
    Total Input Jitter      (TIJ):    0.000ns
    Discrete Jitter          (DJ):    0.000ns
    Phase Error              (PE):    0.000ns

    Location             Delay type                Incr(ns)  Path(ns)    Netlist Resource(s)
  -------------------------------------------------------------------    -------------------
                         (clock pjtag_rclk fall edge)
                                                     50.000    50.000 f  
    A17                                               0.000    50.000 f  pjtag_rtck (IN)
                         net (fo=0)                   0.000    50.000    pjtag_rtck
    A17                  IBUF (Prop_ibuf_I_O)         0.818    50.818 f  pjtag_rtck_IBUF_inst/O
                         net (fo=1, routed)           3.233    54.051    pjtag_rtck_IBUF
    BUFGCTRL_X0Y1        BUFG (Prop_bufg_I_O)         0.093    54.144 f  pjtag_rtck_IBUF_BUFG_inst/O
                         net (fo=253, routed)         1.441    55.585    i_platform/i_rtl/platform_controller/i_rvx_instance_4/i_rvx_instance_0/pjtag_rtck
    SLICE_X24Y263        FDCE                                         r  i_platform/i_rtl/platform_controller/i_rvx_instance_4/i_rvx_instance_0/rvx_port_09_reg/C  (IS_INVERTED)
  -------------------------------------------------------------------    -------------------
    SLICE_X24Y263        FDCE (Prop_fdce_C_Q)         0.228    55.813 r  i_platform/i_rtl/platform_controller/i_rvx_instance_4/i_rvx_instance_0/rvx_port_09_reg/Q
                         net (fo=1, routed)           1.756    57.569    pjtag_rtdo_OBUF
    A16                  OBUF (Prop_obuf_I_O)         2.441    60.010 r  pjtag_rtdo_OBUF_inst/O
                         net (fo=0)                   0.000    60.010    pjtag_rtdo
    A16                                                               r  pjtag_rtdo (OUT)
  -------------------------------------------------------------------    -------------------

                         (clock pjtag_rclk rise edge)
                                                    100.000   100.000 r  
                         clock pessimism              0.000   100.000    
                         clock uncertainty           -0.035    99.965    
                         output delay               -25.000    74.965    
  -------------------------------------------------------------------
                         required time                         74.965    
                         arrival time                         -60.010    
  -------------------------------------------------------------------
                         slack                                 14.954    





Min Delay Paths
--------------------------------------------------------------------------------------
Slack (MET) :             0.108ns  (arrival time - required time)
  Source:                 i_platform/i_rtl/platform_controller/i_rvx_instance_4/i_rvx_instance_3/i_rvx_instance_0/rvx_signal_0_reg[11]/C
                            (rising edge-triggered cell FDCE clocked by pjtag_rclk  {rise@0.000ns fall@50.000ns period=100.000ns})
  Destination:            i_platform/i_rtl/platform_controller/i_rvx_instance_4/i_rvx_instance_3/i_rvx_instance_0/synch_value_reg[11]/D
                            (rising edge-triggered cell FDCE clocked by pjtag_rclk  {rise@0.000ns fall@50.000ns period=100.000ns})
  Path Group:             pjtag_rclk
  Path Type:              Hold (Min at Fast Process Corner)
  Requirement:            0.000ns  (pjtag_rclk rise@0.000ns - pjtag_rclk rise@0.000ns)
  Data Path Delay:        0.155ns  (logic 0.100ns (64.566%)  route 0.055ns (35.434%))
  Logic Levels:           0  
  Clock Path Skew:        0.000ns (DCD - SCD - CPR)
    Destination Clock Delay (DCD):    3.370ns
    Source Clock Delay      (SCD):    2.574ns
    Clock Pessimism Removal (CPR):    0.797ns

    Location             Delay type                Incr(ns)  Path(ns)    Netlist Resource(s)
  -------------------------------------------------------------------    -------------------
                         (clock pjtag_rclk rise edge)
                                                      0.000     0.000 r  
    A17                                               0.000     0.000 r  pjtag_rtck (IN)
                         net (fo=0)                   0.000     0.000    pjtag_rtck
    A17                  IBUF (Prop_ibuf_I_O)         0.159     0.159 r  pjtag_rtck_IBUF_inst/O
                         net (fo=1, routed)           1.740     1.900    pjtag_rtck_IBUF
    BUFGCTRL_X0Y1        BUFG (Prop_bufg_I_O)         0.026     1.926 r  pjtag_rtck_IBUF_BUFG_inst/O
                         net (fo=253, routed)         0.648     2.574    i_platform/i_rtl/platform_controller/i_rvx_instance_4/i_rvx_instance_3/i_rvx_instance_0/pjtag_rtck
    SLICE_X35Y258        FDCE                                         r  i_platform/i_rtl/platform_controller/i_rvx_instance_4/i_rvx_instance_3/i_rvx_instance_0/rvx_signal_0_reg[11]/C
  -------------------------------------------------------------------    -------------------
    SLICE_X35Y258        FDCE (Prop_fdce_C_Q)         0.100     2.674 r  i_platform/i_rtl/platform_controller/i_rvx_instance_4/i_rvx_instance_3/i_rvx_instance_0/rvx_signal_0_reg[11]/Q
                         net (fo=1, routed)           0.055     2.729    i_platform/i_rtl/platform_controller/i_rvx_instance_4/i_rvx_instance_3/i_rvx_instance_0/rvx_signal_0_reg_n_0_[11]
    SLICE_X35Y258        FDCE                                         r  i_platform/i_rtl/platform_controller/i_rvx_instance_4/i_rvx_instance_3/i_rvx_instance_0/synch_value_reg[11]/D
  -------------------------------------------------------------------    -------------------

                         (clock pjtag_rclk rise edge)
                                                      0.000     0.000 r  
    A17                                               0.000     0.000 r  pjtag_rtck (IN)
                         net (fo=0)                   0.000     0.000    pjtag_rtck
    A17                  IBUF (Prop_ibuf_I_O)         0.408     0.408 r  pjtag_rtck_IBUF_inst/O
                         net (fo=1, routed)           2.059     2.467    pjtag_rtck_IBUF
    BUFGCTRL_X0Y1        BUFG (Prop_bufg_I_O)         0.030     2.497 r  pjtag_rtck_IBUF_BUFG_inst/O
                         net (fo=253, routed)         0.873     3.370    i_platform/i_rtl/platform_controller/i_rvx_instance_4/i_rvx_instance_3/i_rvx_instance_0/pjtag_rtck
    SLICE_X35Y258        FDCE                                         r  i_platform/i_rtl/platform_controller/i_rvx_instance_4/i_rvx_instance_3/i_rvx_instance_0/synch_value_reg[11]/C
                         clock pessimism             -0.797     2.574    
    SLICE_X35Y258        FDCE (Hold_fdce_C_D)         0.047     2.621    i_platform/i_rtl/platform_controller/i_rvx_instance_4/i_rvx_instance_3/i_rvx_instance_0/synch_value_reg[11]
  -------------------------------------------------------------------
                         required time                         -2.621    
                         arrival time                           2.729    
  -------------------------------------------------------------------
                         slack                                  0.108    





Pulse Width Checks
--------------------------------------------------------------------------------------
Clock Name:         pjtag_rclk
Waveform(ns):       { 0.000 50.000 }
Period(ns):         100.000
Sources:            { pjtag_rtck }

Check Type        Corner  Lib Pin  Reference Pin  Required(ns)  Actual(ns)  Slack(ns)  Location       Pin
Min Period        n/a     BUFG/I   n/a            1.408         100.000     98.591     BUFGCTRL_X0Y1  pjtag_rtck_IBUF_BUFG_inst/I
Low Pulse Width   Slow    FDCE/C   n/a            0.400         50.000      49.600     SLICE_X25Y264  i_platform/i_rtl/platform_controller/i_rvx_instance_4/i_rvx_instance_0/FSM_onehot_rvx_signal_14_reg[15]/C
High Pulse Width  Slow    FDCE/C   n/a            0.350         50.000      49.650     SLICE_X24Y264  i_platform/i_rtl/platform_controller/i_rvx_instance_4/i_rvx_instance_0/FSM_onehot_rvx_signal_14_reg[0]/C



---------------------------------------------------------------------------------------------------
Path Group:  **async_default**
From Clock:  clk_50000000_xilinx_clock_pll_0
  To Clock:  clk_50000000_xilinx_clock_pll_0

Setup :            0  Failing Endpoints,  Worst Slack        7.984ns,  Total Violation        0.000ns
Hold  :            0  Failing Endpoints,  Worst Slack        0.508ns,  Total Violation        0.000ns
---------------------------------------------------------------------------------------------------


Max Delay Paths
--------------------------------------------------------------------------------------
Slack (MET) :             7.984ns  (required time - arrival time)
  Source:                 i_platform/i_rtl/platform_controller/i_rvx_instance_3/rvx_signal_05_reg[1]/C
                            (rising edge-triggered cell FDPE clocked by clk_50000000_xilinx_clock_pll_0  {rise@0.000ns fall@10.000ns period=20.000ns})
  Destination:            i_platform/i_rtl/i_snim_external_peri_group_no_name/i_munoc_instance_1/i_munoc_instance_3/i_munoc_instance_1/i_rvx_instance_1/i_rvx_instance_0/rvx_port_10_reg[0]/CLR
                            (recovery check against rising-edge clock clk_50000000_xilinx_clock_pll_0  {rise@0.000ns fall@10.000ns period=20.000ns})
  Path Group:             **async_default**
  Path Type:              Recovery (Max at Slow Process Corner)
  Requirement:            20.000ns  (clk_50000000_xilinx_clock_pll_0 rise@20.000ns - clk_50000000_xilinx_clock_pll_0 rise@0.000ns)
  Data Path Delay:        11.544ns  (logic 0.302ns (2.616%)  route 11.242ns (97.384%))
  Logic Levels:           1  (LUT2=1)
  Clock Path Skew:        -0.185ns (DCD - SCD + CPR)
    Destination Clock Delay (DCD):    -1.805ns = ( 18.195 - 20.000 ) 
    Source Clock Delay      (SCD):    -2.301ns
    Clock Pessimism Removal (CPR):    -0.682ns
  Clock Uncertainty:      0.075ns  ((TSJ^2 + DJ^2)^1/2) / 2 + PE
    Total System Jitter     (TSJ):    0.071ns
    Discrete Jitter          (DJ):    0.132ns
    Phase Error              (PE):    0.000ns

    Location             Delay type                Incr(ns)  Path(ns)    Netlist Resource(s)
  -------------------------------------------------------------------    -------------------
                         (clock clk_50000000_xilinx_clock_pll_0 rise edge)
                                                      0.000     0.000 r  
    AD12                                              0.000     0.000 r  external_clk_0 (IN)
                         net (fo=0)                   0.000     0.000    i_platform/i_pll0/i_xilinx_clock_pll_0/inst/clk_in1_p
    AD12                 IBUFDS (Prop_ibufds_I_O)     0.906     0.906 r  i_platform/i_pll0/i_xilinx_clock_pll_0/inst/clkin1_ibufgds/O
                         net (fo=1, routed)           1.081     1.987    i_platform/i_pll0/i_xilinx_clock_pll_0/inst/clk_in1_xilinx_clock_pll_0
    MMCME2_ADV_X1Y1      MMCME2_ADV (Prop_mmcme2_adv_CLKIN1_CLKOUT0)
                                                     -7.786    -5.799 r  i_platform/i_pll0/i_xilinx_clock_pll_0/inst/mmcm_adv_inst/CLKOUT0
                         net (fo=1, routed)           2.130    -3.669    i_platform/i_pll0/i_xilinx_clock_pll_0/inst/clk_50000000_xilinx_clock_pll_0
    BUFGCTRL_X0Y0        BUFG (Prop_bufg_I_O)         0.093    -3.576 r  i_platform/i_pll0/i_xilinx_clock_pll_0/inst/clkout1_buf/O
                         net (fo=14543, routed)       1.275    -2.301    i_platform/i_rtl/platform_controller/i_rvx_instance_3/clk_50000000
    SLICE_X38Y239        FDPE                                         r  i_platform/i_rtl/platform_controller/i_rvx_instance_3/rvx_signal_05_reg[1]/C
  -------------------------------------------------------------------    -------------------
    SLICE_X38Y239        FDPE (Prop_fdpe_C_Q)         0.259    -2.042 r  i_platform/i_rtl/platform_controller/i_rvx_instance_3/rvx_signal_05_reg[1]/Q
                         net (fo=4, routed)           0.670    -1.373    i_platform/i_rtl/platform_controller/i_rvx_instance_3/p_0_in[1]
    SLICE_X38Y238        LUT2 (Prop_lut2_I0_O)        0.043    -1.330 f  i_platform/i_rtl/platform_controller/i_rvx_instance_3/munoc_signal_01[0]_i_2__3/O
                         net (fo=4123, routed)       10.572     9.243    i_platform/i_rtl/i_snim_external_peri_group_no_name/i_munoc_instance_1/i_munoc_instance_3/i_munoc_instance_1/i_rvx_instance_1/i_rvx_instance_0/rvx_port_12_reg[11]
    SLICE_X87Y216        FDCE                                         f  i_platform/i_rtl/i_snim_external_peri_group_no_name/i_munoc_instance_1/i_munoc_instance_3/i_munoc_instance_1/i_rvx_instance_1/i_rvx_instance_0/rvx_port_10_reg[0]/CLR
  -------------------------------------------------------------------    -------------------

                         (clock clk_50000000_xilinx_clock_pll_0 rise edge)
                                                     20.000    20.000 r  
    AD12                                              0.000    20.000 r  external_clk_0 (IN)
                         net (fo=0)                   0.000    20.000    i_platform/i_pll0/i_xilinx_clock_pll_0/inst/clk_in1_p
    AD12                 IBUFDS (Prop_ibufds_I_O)     0.803    20.803 r  i_platform/i_pll0/i_xilinx_clock_pll_0/inst/clkin1_ibufgds/O
                         net (fo=1, routed)           0.986    21.789    i_platform/i_pll0/i_xilinx_clock_pll_0/inst/clk_in1_xilinx_clock_pll_0
    MMCME2_ADV_X1Y1      MMCME2_ADV (Prop_mmcme2_adv_CLKIN1_CLKOUT0)
                                                     -6.759    15.030 r  i_platform/i_pll0/i_xilinx_clock_pll_0/inst/mmcm_adv_inst/CLKOUT0
                         net (fo=1, routed)           2.005    17.035    i_platform/i_pll0/i_xilinx_clock_pll_0/inst/clk_50000000_xilinx_clock_pll_0
    BUFGCTRL_X0Y0        BUFG (Prop_bufg_I_O)         0.083    17.118 r  i_platform/i_pll0/i_xilinx_clock_pll_0/inst/clkout1_buf/O
                         net (fo=14543, routed)       1.077    18.195    i_platform/i_rtl/i_snim_external_peri_group_no_name/i_munoc_instance_1/i_munoc_instance_3/i_munoc_instance_1/i_rvx_instance_1/i_rvx_instance_0/clk_50000000
    SLICE_X87Y216        FDCE                                         r  i_platform/i_rtl/i_snim_external_peri_group_no_name/i_munoc_instance_1/i_munoc_instance_3/i_munoc_instance_1/i_rvx_instance_1/i_rvx_instance_0/rvx_port_10_reg[0]/C
                         clock pessimism             -0.682    17.514    
                         clock uncertainty           -0.075    17.439    
    SLICE_X87Y216        FDCE (Recov_fdce_C_CLR)     -0.212    17.227    i_platform/i_rtl/i_snim_external_peri_group_no_name/i_munoc_instance_1/i_munoc_instance_3/i_munoc_instance_1/i_rvx_instance_1/i_rvx_instance_0/rvx_port_10_reg[0]
  -------------------------------------------------------------------
                         required time                         17.227    
                         arrival time                          -9.243    
  -------------------------------------------------------------------
                         slack                                  7.984    





Min Delay Paths
--------------------------------------------------------------------------------------
Slack (MET) :             0.508ns  (arrival time - required time)
  Source:                 i_platform/i_rtl/platform_controller/i_rvx_instance_3/rvx_signal_25_reg[3]/C
                            (rising edge-triggered cell FDCE clocked by clk_50000000_xilinx_clock_pll_0  {rise@0.000ns fall@10.000ns period=20.000ns})
  Destination:            i_platform/i_rtl/platform_controller/i_rvx_instance_1/i_rvx_instance_5/i_rvx_instance_0/rvx_port_11_reg[37]/CLR
                            (removal check against rising-edge clock clk_50000000_xilinx_clock_pll_0  {rise@0.000ns fall@10.000ns period=20.000ns})
  Path Group:             **async_default**
  Path Type:              Removal (Min at Fast Process Corner)
  Requirement:            0.000ns  (clk_50000000_xilinx_clock_pll_0 rise@0.000ns - clk_50000000_xilinx_clock_pll_0 rise@0.000ns)
  Data Path Delay:        0.470ns  (logic 0.128ns (27.228%)  route 0.342ns (72.772%))
  Logic Levels:           1  (LUT2=1)
  Clock Path Skew:        0.012ns (DCD - SCD - CPR)
    Destination Clock Delay (DCD):    -0.667ns
    Source Clock Delay      (SCD):    -0.619ns
    Clock Pessimism Removal (CPR):    -0.061ns

    Location             Delay type                Incr(ns)  Path(ns)    Netlist Resource(s)
  -------------------------------------------------------------------    -------------------
                         (clock clk_50000000_xilinx_clock_pll_0 rise edge)
                                                      0.000     0.000 r  
    AD12                                              0.000     0.000 r  external_clk_0 (IN)
                         net (fo=0)                   0.000     0.000    i_platform/i_pll0/i_xilinx_clock_pll_0/inst/clk_in1_p
    AD12                 IBUFDS (Prop_ibufds_I_O)     0.388     0.388 r  i_platform/i_pll0/i_xilinx_clock_pll_0/inst/clkin1_ibufgds/O
                         net (fo=1, routed)           0.503     0.891    i_platform/i_pll0/i_xilinx_clock_pll_0/inst/clk_in1_xilinx_clock_pll_0
    MMCME2_ADV_X1Y1      MMCME2_ADV (Prop_mmcme2_adv_CLKIN1_CLKOUT0)
                                                     -3.040    -2.149 r  i_platform/i_pll0/i_xilinx_clock_pll_0/inst/mmcm_adv_inst/CLKOUT0
                         net (fo=1, routed)           0.940    -1.209    i_platform/i_pll0/i_xilinx_clock_pll_0/inst/clk_50000000_xilinx_clock_pll_0
    BUFGCTRL_X0Y0        BUFG (Prop_bufg_I_O)         0.026    -1.183 r  i_platform/i_pll0/i_xilinx_clock_pll_0/inst/clkout1_buf/O
                         net (fo=14543, routed)       0.564    -0.619    i_platform/i_rtl/platform_controller/i_rvx_instance_3/clk_50000000
    SLICE_X40Y238        FDCE                                         r  i_platform/i_rtl/platform_controller/i_rvx_instance_3/rvx_signal_25_reg[3]/C
  -------------------------------------------------------------------    -------------------
    SLICE_X40Y238        FDCE (Prop_fdce_C_Q)         0.100    -0.519 r  i_platform/i_rtl/platform_controller/i_rvx_instance_3/rvx_signal_25_reg[3]/Q
                         net (fo=2, routed)           0.177    -0.342    i_platform/i_rtl/platform_controller/i_rvx_instance_3/rvx_signal_25_reg[4]_0[2]
    SLICE_X39Y237        LUT2 (Prop_lut2_I1_O)        0.028    -0.314 f  i_platform/i_rtl/platform_controller/i_rvx_instance_3/FSM_onehot_rvx_signal_08[3]_i_3__0/O
                         net (fo=1149, routed)        0.165    -0.148    i_platform/i_rtl/platform_controller/i_rvx_instance_1/i_rvx_instance_5/i_rvx_instance_0/rvx_port_06_reg[0]_0
    SLICE_X38Y237        FDCE                                         f  i_platform/i_rtl/platform_controller/i_rvx_instance_1/i_rvx_instance_5/i_rvx_instance_0/rvx_port_11_reg[37]/CLR
  -------------------------------------------------------------------    -------------------

                         (clock clk_50000000_xilinx_clock_pll_0 rise edge)
                                                      0.000     0.000 r  
    AD12                                              0.000     0.000 r  external_clk_0 (IN)
                         net (fo=0)                   0.000     0.000    i_platform/i_pll0/i_xilinx_clock_pll_0/inst/clk_in1_p
    AD12                 IBUFDS (Prop_ibufds_I_O)     0.470     0.470 r  i_platform/i_pll0/i_xilinx_clock_pll_0/inst/clkin1_ibufgds/O
                         net (fo=1, routed)           0.553     1.023    i_platform/i_pll0/i_xilinx_clock_pll_0/inst/clk_in1_xilinx_clock_pll_0
    MMCME2_ADV_X1Y1      MMCME2_ADV (Prop_mmcme2_adv_CLKIN1_CLKOUT0)
                                                     -3.493    -2.470 r  i_platform/i_pll0/i_xilinx_clock_pll_0/inst/mmcm_adv_inst/CLKOUT0
                         net (fo=1, routed)           1.007    -1.463    i_platform/i_pll0/i_xilinx_clock_pll_0/inst/clk_50000000_xilinx_clock_pll_0
    BUFGCTRL_X0Y0        BUFG (Prop_bufg_I_O)         0.030    -1.433 r  i_platform/i_pll0/i_xilinx_clock_pll_0/inst/clkout1_buf/O
                         net (fo=14543, routed)       0.766    -0.667    i_platform/i_rtl/platform_controller/i_rvx_instance_1/i_rvx_instance_5/i_rvx_instance_0/clk_50000000
    SLICE_X38Y237        FDCE                                         r  i_platform/i_rtl/platform_controller/i_rvx_instance_1/i_rvx_instance_5/i_rvx_instance_0/rvx_port_11_reg[37]/C
                         clock pessimism              0.061    -0.607    
    SLICE_X38Y237        FDCE (Remov_fdce_C_CLR)     -0.050    -0.657    i_platform/i_rtl/platform_controller/i_rvx_instance_1/i_rvx_instance_5/i_rvx_instance_0/rvx_port_11_reg[37]
  -------------------------------------------------------------------
                         required time                          0.657    
                         arrival time                          -0.148    
  -------------------------------------------------------------------
                         slack                                  0.508    





