Copyright 1986-2022 Xilinx, Inc. All Rights Reserved. Copyright 2022-2024 Advanced Micro Devices, Inc. All Rights Reserved.
-----------------------------------------------------------------------------------------------------------------------------------------------------------------------------------------------
| Tool Version     : Vivado v.2024.1 (lin64) Build 5076996 Wed May 22 18:36:09 MDT 2024
| Date             : Tue May 19 16:51:56 2026
| Host             : Venus running 64-bit Ubuntu 22.04.5 LTS
| Command          : report_power -hier all -hierarchical_depth 10 -file /home/sanghun/RVX/rvx-tutorials/platform/tip_hello/imp_genesys2-eb_2026-05-19/imp_result/route_power_hier.rpt
| Design           : TIP_HELLO_FPGA
| Device           : xc7k325tffg900-2
| Design State     : routed
| Grade            : commercial
| Process          : typical
| Characterization : Production
-----------------------------------------------------------------------------------------------------------------------------------------------------------------------------------------------

Power Report

Table of Contents
-----------------
1. Summary
1.1 On-Chip Components
1.2 Power Supply Summary
1.3 Confidence Level
2. Settings
2.1 Environment
2.2 Clock Constraints
3. Detailed Reports
3.1 By Hierarchy

1. Summary
----------

+--------------------------+--------------+
| Total On-Chip Power (W)  | 0.309        |
| Design Power Budget (W)  | Unspecified* |
| Power Budget Margin (W)  | NA           |
| Dynamic (W)              | 0.149        |
| Device Static (W)        | 0.161        |
| Effective TJA (C/W)      | 1.8          |
| Max Ambient (C)          | 84.5         |
| Junction Temperature (C) | 25.5         |
| Confidence Level         | Medium       |
| Setting File             | ---          |
| Simulation Activity File | ---          |
| Design Nets Matched      | NA           |
+--------------------------+--------------+
* Specify Design Power Budget using, set_operating_conditions -design_power_budget <value in Watts>


1.1 On-Chip Components
----------------------

+--------------------------+-----------+----------+-----------+-----------------+
| On-Chip                  | Power (W) | Used     | Available | Utilization (%) |
+--------------------------+-----------+----------+-----------+-----------------+
| Clocks                   |     0.019 |        6 |       --- |             --- |
| Slice Logic              |     0.007 |    27258 |       --- |             --- |
|   LUT as Logic           |     0.006 |     9674 |    203800 |            4.75 |
|   CARRY4                 |    <0.001 |      235 |     50950 |            0.46 |
|   Register               |    <0.001 |    14680 |    407600 |            3.60 |
|   F7/F8 Muxes            |    <0.001 |     1136 |    203800 |            0.56 |
|   LUT as Distributed RAM |    <0.001 |       48 |     64000 |            0.08 |
|   Others                 |     0.000 |      326 |       --- |             --- |
| Signals                  |     0.009 |    21866 |       --- |             --- |
| Block RAM                |     0.001 |       32 |       445 |            7.19 |
| MMCM                     |     0.107 |        1 |        10 |           10.00 |
| DSPs                     |     0.002 |        4 |       840 |            0.48 |
| I/O                      |     0.004 |       10 |       500 |            2.00 |
| Static Power             |     0.161 |          |           |                 |
| Total                    |     0.309 |          |           |                 |
+--------------------------+-----------+----------+-----------+-----------------+


1.2 Power Supply Summary
------------------------

+-----------+-------------+-----------+-------------+------------+-------------+-------------+------------+
| Source    | Voltage (V) | Total (A) | Dynamic (A) | Static (A) | Powerup (A) | Budget (A)  | Margin (A) |
+-----------+-------------+-----------+-------------+------------+-------------+-------------+------------+
| Vccint    |       1.000 |     0.109 |       0.039 |      0.070 |       NA    | Unspecified | NA         |
| Vccaux    |       1.800 |     0.089 |       0.061 |      0.028 |       NA    | Unspecified | NA         |
| Vcco33    |       3.300 |     0.000 |       0.000 |      0.000 |       NA    | Unspecified | NA         |
| Vcco25    |       2.500 |     0.000 |       0.000 |      0.000 |       NA    | Unspecified | NA         |
| Vcco18    |       1.800 |     0.001 |       0.000 |      0.001 |       NA    | Unspecified | NA         |
| Vcco15    |       1.500 |     0.000 |       0.000 |      0.000 |       NA    | Unspecified | NA         |
| Vcco135   |       1.350 |     0.000 |       0.000 |      0.000 |       NA    | Unspecified | NA         |
| Vcco12    |       1.200 |     0.000 |       0.000 |      0.000 |       NA    | Unspecified | NA         |
| Vccaux_io |       1.800 |     0.000 |       0.000 |      0.000 |       NA    | Unspecified | NA         |
| Vccbram   |       1.000 |     0.002 |       0.000 |      0.002 |       NA    | Unspecified | NA         |
| MGTAVcc   |       1.000 |     0.000 |       0.000 |      0.000 |       NA    | Unspecified | NA         |
| MGTAVtt   |       1.200 |     0.000 |       0.000 |      0.000 |       NA    | Unspecified | NA         |
| MGTVccaux |       1.800 |     0.000 |       0.000 |      0.000 |       NA    | Unspecified | NA         |
| Vccadc    |       1.800 |     0.020 |       0.000 |      0.020 |       NA    | Unspecified | NA         |
+-----------+-------------+-----------+-------------+------------+-------------+-------------+------------+


1.3 Confidence Level
--------------------

+-----------------------------+------------+-------------------------------------------------------+------------------------------------------------------------------------------------------------------------+
| User Input Data             | Confidence | Details                                               | Action                                                                                                     |
+-----------------------------+------------+-------------------------------------------------------+------------------------------------------------------------------------------------------------------------+
| Design implementation state | High       | Design is routed                                      |                                                                                                            |
| Clock nodes activity        | High       | User specified more than 95% of clocks                |                                                                                                            |
| I/O nodes activity          | Medium     | More than 5% of inputs are missing user specification | Provide missing input activity with simulation results or by editing the "By Resource Type -> I/Os" view   |
| Internal nodes activity     | Medium     | User specified less than 25% of internal nodes        | Provide missing internal nodes activity with simulation results or by editing the "By Resource Type" views |
| Device models               | High       | Device models are Production                          |                                                                                                            |
|                             |            |                                                       |                                                                                                            |
| Overall confidence level    | Medium     |                                                       |                                                                                                            |
+-----------------------------+------------+-------------------------------------------------------+------------------------------------------------------------------------------------------------------------+


2. Settings
-----------

2.1 Environment
---------------

+-----------------------+--------------------------+
| Ambient Temp (C)      | 25.0                     |
| ThetaJA (C/W)         | 1.8                      |
| Airflow (LFM)         | 250                      |
| Heat Sink             | medium (Medium Profile)  |
| ThetaSA (C/W)         | 3.3                      |
| Board Selection       | medium (10"x10")         |
| # of Board Layers     | 12to15 (12 to 15 Layers) |
| Board Temperature (C) | 25.0                     |
+-----------------------+--------------------------+


2.2 Clock Constraints
---------------------

+---------------------------------+-----------------------------------------------------------------------------+-----------------+
| Clock                           | Domain                                                                      | Constraint (ns) |
+---------------------------------+-----------------------------------------------------------------------------+-----------------+
| clk_50000000_xilinx_clock_pll_0 | i_platform/i_pll0/i_xilinx_clock_pll_0/inst/clk_50000000_xilinx_clock_pll_0 |            20.0 |
| clkfbout_xilinx_clock_pll_0     | i_platform/i_pll0/i_xilinx_clock_pll_0/inst/clkfbout_xilinx_clock_pll_0     |             5.0 |
| external_clk_0                  | external_clk_0                                                              |             5.0 |
| pjtag_rclk                      | pjtag_rtck                                                                  |           100.0 |
+---------------------------------+-----------------------------------------------------------------------------+-----------------+


3. Detailed Reports
-------------------

3.1 By Hierarchy
----------------

+------------------------------------------+-----------+---------+-----------+------+--------+----------+------------+---------+-----------+--------+----------+-------+---------+------------+--------------+
| Name                                     | Power (W) | Clock # | Clock (W) | Io # | Io (W) | Signal # | Signal (W) | Logic # | Logic (W) | Bram # | Bram (W) | Dsp # | Dsp (W) | Clock IP # | Clock IP (W) |
+------------------------------------------+-----------+---------+-----------+------+--------+----------+------------+---------+-----------+--------+----------+-------+---------+------------+--------------+
| TIP_HELLO_FPGA                           |     0.149 |       6 |     0.019 |   10 |  0.004 |    21866 |      0.009 |   27258 |     0.007 |     32 |    0.001 |     4 |   0.002 |          1 |        0.107 |
|   i_platform                             |     0.148 |       6 |     0.019 |    1 |  0.004 |    21861 |      0.009 |   27254 |     0.007 |     32 |    0.001 |     4 |   0.002 |          1 |        0.107 |
|     i_pll0                               |     0.113 |       6 |     0.002 |    1 |  0.004 |        0 |      0.000 |       2 |     0.000 |      0 |    0.000 |     0 |   0.000 |          1 |        0.107 |
|       i_xilinx_clock_pll_0               |     0.113 |       6 |     0.002 |    1 |  0.004 |        0 |      0.000 |       2 |     0.000 |      0 |    0.000 |     0 |   0.000 |          1 |        0.107 |
|         inst                             |     0.113 |       6 |     0.002 |    1 |  0.004 |        0 |      0.000 |       2 |     0.000 |      0 |    0.000 |     0 |   0.000 |          1 |        0.107 |
|     i_rtl                                |     0.034 |       6 |     0.017 |    0 |  0.000 |    21345 |      0.009 |   26708 |     0.007 |      0 |    0.000 |     4 |   0.002 |          0 |        0.000 |
|       default_slave                      |     0.001 |       6 |    <0.001 |    0 |  0.000 |     1107 |     <0.001 |    1331 |    <0.001 |      0 |    0.000 |     0 |   0.000 |          0 |        0.000 |
|       external_peri_group                |     0.002 |       6 |     0.001 |    0 |  0.000 |     1766 |     <0.001 |    2562 |    <0.001 |      0 |    0.000 |     0 |   0.000 |          0 |        0.000 |
|       i_main_core                        |     0.011 |       6 |     0.003 |    0 |  0.000 |     4057 |      0.004 |    5147 |     0.002 |      0 |    0.000 |     4 |   0.002 |          0 |        0.000 |
|         i_orca                           |     0.011 |       6 |     0.003 |    0 |  0.000 |     4057 |      0.004 |    5147 |     0.002 |      0 |    0.000 |     4 |   0.002 |          0 |        0.000 |
|           core                           |     0.010 |       6 |     0.002 |    0 |  0.000 |     3736 |      0.004 |    4763 |     0.002 |      0 |    0.000 |     4 |   0.002 |          0 |        0.000 |
|             D__0                         |     0.003 |       6 |     0.002 |    0 |  0.000 |     1969 |     <0.001 |    2783 |    <0.001 |      0 |    0.000 |     0 |   0.000 |          0 |        0.000 |
|               the_register_file          |     0.002 |       6 |     0.001 |    0 |  0.000 |     1461 |     <0.001 |    2041 |    <0.001 |      0 |    0.000 |     0 |   0.000 |          0 |        0.000 |
|             X                            |     0.007 |       6 |    <0.001 |    0 |  0.000 |     1652 |      0.003 |    1796 |     0.001 |      0 |    0.000 |     4 |   0.002 |          0 |        0.000 |
|               alu                        |     0.005 |       6 |    <0.001 |    0 |  0.000 |     1045 |      0.002 |    1061 |    <0.001 |      0 |    0.000 |     4 |   0.002 |          0 |        0.000 |
|               ls_unit                    |     0.001 |       6 |    <0.001 |    0 |  0.000 |       95 |      0.001 |     130 |    <0.001 |      0 |    0.000 |     0 |   0.000 |          0 |        0.000 |
|       i_mnim_i_main_core_data            |     0.001 |       6 |    <0.001 |    0 |  0.000 |     1037 |     <0.001 |    1210 |    <0.001 |      0 |    0.000 |     0 |   0.000 |          0 |        0.000 |
|       i_mnim_platform_controller_master  |     0.001 |       6 |    <0.001 |    0 |  0.000 |     1166 |     <0.001 |    1328 |    <0.001 |      0 |    0.000 |     0 |   0.000 |          0 |        0.000 |
|       i_snim_common_peri_group_no_name   |     0.001 |       6 |    <0.001 |    0 |  0.000 |     1136 |     <0.001 |    1320 |    <0.001 |      0 |    0.000 |     0 |   0.000 |          0 |        0.000 |
|       i_snim_external_peri_group_no_name |     0.001 |       6 |    <0.001 |    0 |  0.000 |     1266 |     <0.001 |    1462 |    <0.001 |      0 |    0.000 |     0 |   0.000 |          0 |        0.000 |
|       i_snim_i_system_sram_no_name       |     0.001 |       6 |    <0.001 |    0 |  0.000 |      994 |     <0.001 |    1145 |    <0.001 |      0 |    0.000 |     0 |   0.000 |          0 |        0.000 |
|         i_munoc_instance_0               |     0.001 |       6 |    <0.001 |    0 |  0.000 |      994 |     <0.001 |    1140 |    <0.001 |      0 |    0.000 |     0 |   0.000 |          0 |        0.000 |
|       i_snim_platform_controller_no_name |     0.001 |       6 |    <0.001 |    0 |  0.000 |     1186 |     <0.001 |    1372 |    <0.001 |      0 |    0.000 |     0 |   0.000 |          0 |        0.000 |
|       platform_controller                |     0.011 |       6 |     0.006 |    0 |  0.000 |     5782 |      0.003 |    7651 |     0.003 |      0 |    0.000 |     0 |   0.000 |          0 |        0.000 |
|         i_rvx_instance_4                 |     0.011 |       6 |     0.005 |    0 |  0.000 |     5197 |      0.003 |    6954 |     0.003 |      0 |    0.000 |     0 |   0.000 |          0 |        0.000 |
|           i_rvx_instance_1               |     0.010 |       6 |     0.005 |    0 |  0.000 |     4679 |      0.002 |    6294 |     0.002 |      0 |    0.000 |     0 |   0.000 |          0 |        0.000 |
|             i_rvx_instance_2             |     0.005 |       6 |     0.002 |    0 |  0.000 |     2321 |      0.001 |    3114 |     0.001 |      0 |    0.000 |     0 |   0.000 |          0 |        0.000 |
|               i_rvx_instance_0           |     0.001 |       6 |    <0.001 |    0 |  0.000 |       22 |      0.001 |      24 |    <0.001 |      0 |    0.000 |     0 |   0.000 |          0 |        0.000 |
|               i_rvx_instance_4           |     0.001 |       6 |     0.000 |    0 |  0.000 |      160 |     <0.001 |     928 |     0.001 |      0 |    0.000 |     0 |   0.000 |          0 |        0.000 |
|             i_rvx_instance_3             |     0.004 |       6 |     0.002 |    0 |  0.000 |     2284 |     <0.001 |    3101 |    <0.001 |      0 |    0.000 |     0 |   0.000 |          0 |        0.000 |
|     i_system_sram                        |     0.002 |       6 |    <0.001 |    0 |  0.000 |      516 |     <0.001 |     544 |    <0.001 |     32 |    0.001 |     0 |   0.000 |          0 |        0.000 |
|       generate_cell[0].i_cell            |     0.001 |       6 |    <0.001 |    0 |  0.000 |       32 |     <0.001 |       3 |     0.000 |     32 |    0.001 |     0 |   0.000 |          0 |        0.000 |
+------------------------------------------+-----------+---------+-----------+------+--------+----------+------------+---------+-----------+--------+----------+-------+---------+------------+--------------+


