Copyright 1986-2022 Xilinx, Inc. All Rights Reserved. Copyright 2022-2024 Advanced Micro Devices, Inc. All Rights Reserved.
--------------------------------------------------------------------------------------------------------------------------------------------------------------------------------------------------------
| Tool Version : Vivado v.2024.1 (lin64) Build 5076996 Wed May 22 18:36:09 MDT 2024
| Date         : Fri Jul  3 22:31:34 2026
| Host         : Venus running 64-bit Ubuntu 22.04.5 LTS
| Command      : report_timing -sort_by group -max_paths 100 -path_type summary -file /home/sanghun/RVX/rvx-tutorials/platform/tip_emamba_v1/imp_genesys2-eb_2026-07-03/imp_result/route_timing_max.rpt
| Design       : TIP_EMAMBA_V1_FPGA
| Device       : 7k325t-ffg900
| Speed File   : -2  PRODUCTION 1.12 2017-02-17
| Design State : Routed
--------------------------------------------------------------------------------------------------------------------------------------------------------------------------------------------------------

Timing Report

Startpoint                     Endpoint                       Slack(ns)     
----------------------------------------------------------------------------
i_platform/my_emamba_ip/eMamba/MAMBA_2nd/SSM/SSM_Computation/SSM_y_compute/dIn2/CLK
                               i_platform/my_emamba_ip/eMamba/MAMBA_2nd/SSM/SSM_Computation/dOut_reg[11][2]/D
                                                              0.872         
i_platform/my_emamba_ip/eMamba/MAMBA_2nd/Linear_contract/curr_weight_column_reg[3]_rep/C
                               i_platform/my_emamba_ip/eMamba/MAMBA_2nd/Linear_contract/dOut_reg[11][1]/D
                                                              0.911         
i_platform/my_emamba_ip/eMamba/MAMBA_2nd/SSM/SSM_Computation/SSM_y_compute/dIn2/CLK
                               i_platform/my_emamba_ip/eMamba/MAMBA_2nd/SSM/SSM_Computation/dOut_reg[10][6]/D
                                                              0.926         
i_platform/my_emamba_ip/eMamba/MAMBA_2nd/Linear_contract/curr_weight_column_reg[3]_rep/C
                               i_platform/my_emamba_ip/eMamba/MAMBA_2nd/Linear_contract/dOut_reg[2][2]/D
                                                              0.930         
i_platform/my_emamba_ip/eMamba/MAMBA_2nd/Linear_contract/curr_weight_column_reg[3]_rep/C
                               i_platform/my_emamba_ip/eMamba/MAMBA_2nd/Linear_contract/dOut_reg[11][2]/D
                                                              0.961         
i_platform/my_emamba_ip/eMamba/MAMBA_2nd/SSM/SSM_Computation/SSM_y_compute/dIn2/CLK
                               i_platform/my_emamba_ip/eMamba/MAMBA_2nd/SSM/SSM_Computation/dOut_reg[11][5]/D
                                                              0.970         
i_platform/my_emamba_ip/eMamba/MAMBA_2nd/Linear_contract/curr_weight_column_reg[3]_rep/C
                               i_platform/my_emamba_ip/eMamba/MAMBA_2nd/Linear_contract/dOut_reg[5][7]/D
                                                              0.981         
i_platform/my_emamba_ip/eMamba/MAMBA_2nd/Linear_contract/curr_weight_column_reg[3]_rep/C
                               i_platform/my_emamba_ip/eMamba/MAMBA_2nd/Linear_contract/dOut_reg[12][1]/D
                                                              0.984         
i_platform/my_emamba_ip/eMamba/MAMBA_2nd/SSM/SSM_Computation/SSM_y_compute/dIn2/CLK
                               i_platform/my_emamba_ip/eMamba/MAMBA_2nd/SSM/SSM_Computation/dOut_reg[11][4]/D
                                                              0.985         
i_platform/my_emamba_ip/eMamba/MAMBA_2nd/SSM/SSM_Computation/SSM_y_compute/dIn2/CLK
                               i_platform/my_emamba_ip/eMamba/MAMBA_2nd/SSM/SSM_Computation/dOut_reg[6][2]/D
                                                              0.991         
i_platform/my_emamba_ip/eMamba/MAMBA_2nd/Linear_contract/curr_weight_column_reg[3]_rep/C
                               i_platform/my_emamba_ip/eMamba/MAMBA_2nd/Linear_contract/dOut_reg[9][6]/D
                                                              0.996         
i_platform/my_emamba_ip/eMamba/MAMBA_2nd/SSM/SSM_Computation/SSM_y_compute/dIn2/CLK
                               i_platform/my_emamba_ip/eMamba/MAMBA_2nd/SSM/SSM_Computation/dOut_reg[10][2]/D
                                                              0.999         
i_platform/my_emamba_ip/eMamba/MAMBA_2nd/Linear_contract/curr_weight_column_reg[3]_rep/C
                               i_platform/my_emamba_ip/eMamba/MAMBA_2nd/Linear_contract/dOut_reg[7][2]/D
                                                              1.000         
i_platform/my_emamba_ip/eMamba/MAMBA_2nd/Linear_contract/curr_weight_column_reg[3]_rep/C
                               i_platform/my_emamba_ip/eMamba/MAMBA_2nd/Linear_contract/dOut_reg[4][4]/D
                                                              1.002         
i_platform/my_emamba_ip/eMamba/MAMBA_2nd/Linear_contract/curr_weight_column_reg[3]_rep/C
                               i_platform/my_emamba_ip/eMamba/MAMBA_2nd/Linear_contract/dOut_reg[19][4]/D
                                                              1.008         
i_platform/my_emamba_ip/eMamba/MAMBA_2nd/Linear_contract/curr_weight_column_reg[3]_rep/C
                               i_platform/my_emamba_ip/eMamba/MAMBA_2nd/Linear_contract/dOut_reg[7][3]/D
                                                              1.011         
i_platform/my_emamba_ip/eMamba/MAMBA_2nd/Linear_contract/curr_weight_column_reg[3]_rep/C
                               i_platform/my_emamba_ip/eMamba/MAMBA_2nd/Linear_contract/dOut_reg[2][7]/D
                                                              1.012         
i_platform/my_emamba_ip/eMamba/MAMBA_2nd/Linear_contract/curr_weight_column_reg[3]_rep/C
                               i_platform/my_emamba_ip/eMamba/MAMBA_2nd/Linear_contract/dOut_reg[7][1]/D
                                                              1.019         
i_platform/my_emamba_ip/eMamba/MAMBA_2nd/Linear_contract/curr_weight_column_reg[3]_rep/C
                               i_platform/my_emamba_ip/eMamba/MAMBA_2nd/Linear_contract/dOut_reg[1][2]/D
                                                              1.035         
i_platform/my_emamba_ip/eMamba/MAMBA_2nd/Linear_contract/curr_weight_column_reg[3]_rep/C
                               i_platform/my_emamba_ip/eMamba/MAMBA_2nd/Linear_contract/dOut_reg[12][2]/D
                                                              1.037         
i_platform/my_emamba_ip/eMamba/MAMBA_2nd/SSM/SSM_Computation/SSM_y_compute/dIn2/CLK
                               i_platform/my_emamba_ip/eMamba/MAMBA_2nd/SSM/SSM_Computation/dOut_reg[14][6]/D
                                                              1.039         
i_platform/my_emamba_ip/eMamba/MAMBA_2nd/Linear_contract/curr_weight_column_reg[3]_rep/C
                               i_platform/my_emamba_ip/eMamba/MAMBA_2nd/Linear_contract/dOut_reg[9][2]/D
                                                              1.046         
i_platform/my_emamba_ip/eMamba/MAMBA_2nd/Linear_contract/curr_weight_column_reg[3]_rep/C
                               i_platform/my_emamba_ip/eMamba/MAMBA_2nd/Linear_contract/dOut_reg[9][3]/D
                                                              1.047         
i_platform/my_emamba_ip/eMamba/MAMBA_2nd/Linear_contract/curr_weight_column_reg[3]_rep/C
                               i_platform/my_emamba_ip/eMamba/MAMBA_2nd/Linear_contract/dOut_reg[7][5]/D
                                                              1.049         
i_platform/my_emamba_ip/eMamba/MAMBA_2nd/Linear_contract/curr_weight_column_reg[3]_rep/C
                               i_platform/my_emamba_ip/eMamba/MAMBA_2nd/Linear_contract/dOut_reg[8][4]/D
                                                              1.053         
i_platform/my_emamba_ip/eMamba/MAMBA_2nd/LightNorm/calculator_mean/dOut_reg[0]/C
                               i_platform/my_emamba_ip/eMamba/MAMBA_2nd/LightNorm/dOut_reg[19][1]/D
                                                              1.054         
i_platform/my_emamba_ip/eMamba/MAMBA_2nd/Linear_contract/curr_weight_column_reg[3]_rep/C
                               i_platform/my_emamba_ip/eMamba/MAMBA_2nd/Linear_contract/dOut_reg[15][4]/D
                                                              1.055         
i_platform/my_emamba_ip/eMamba/MAMBA_2nd/SSM/SSM_Computation/SSM_y_compute/dIn2/CLK
                               i_platform/my_emamba_ip/eMamba/MAMBA_2nd/SSM/SSM_Computation/dOut_reg[11][6]/D
                                                              1.056         
i_platform/my_emamba_ip/eMamba/MAMBA_2nd/LightNorm/calculator_mean/dOut_reg[0]/C
                               i_platform/my_emamba_ip/eMamba/MAMBA_2nd/LightNorm/dOut_reg[19][0]/D
                                                              1.056         
i_platform/my_emamba_ip/eMamba/MAMBA_2nd/LightNorm/calculator_mean/dOut_reg[0]/C
                               i_platform/my_emamba_ip/eMamba/MAMBA_2nd/LightNorm/dOut_reg[19][3]/D
                                                              1.056         
i_platform/my_emamba_ip/eMamba/MAMBA_2nd/Linear_contract/curr_weight_column_reg[3]_rep/C
                               i_platform/my_emamba_ip/eMamba/MAMBA_2nd/Linear_contract/dOut_reg[5][3]/D
                                                              1.057         
i_platform/my_emamba_ip/eMamba/MAMBA_2nd/Linear_contract/curr_weight_column_reg[3]_rep/C
                               i_platform/my_emamba_ip/eMamba/MAMBA_2nd/Linear_contract/dOut_reg[8][7]/D
                                                              1.062         
i_platform/my_emamba_ip/eMamba/MAMBA_2nd/LightNorm/calculator_mean/dOut_reg[0]/C
                               i_platform/my_emamba_ip/eMamba/MAMBA_2nd/LightNorm/dOut_reg[19][2]/D
                                                              1.068         
i_platform/my_emamba_ip/eMamba/MAMBA_2nd/LightNorm/calculator_mean/dOut_reg[0]/C
                               i_platform/my_emamba_ip/eMamba/MAMBA_2nd/LightNorm/dOut_reg[19][5]/D
                                                              1.070         
i_platform/my_emamba_ip/eMamba/MAMBA_2nd/LightNorm/calculator_mean/dOut_reg[0]/C
                               i_platform/my_emamba_ip/eMamba/MAMBA_2nd/LightNorm/dOut_reg[19][7]/D
                                                              1.072         
i_platform/my_emamba_ip/eMamba/MAMBA_2nd/SSM/SSM_Computation/SSM_y_compute/dIn2/CLK
                               i_platform/my_emamba_ip/eMamba/MAMBA_2nd/SSM/SSM_Computation/dOut_reg[5][2]/D
                                                              1.073         
i_platform/my_emamba_ip/eMamba/MAMBA_2nd/LightNorm/calculator_mean/dOut_reg[0]/C
                               i_platform/my_emamba_ip/eMamba/MAMBA_2nd/LightNorm/dOut_reg[19][4]/D
                                                              1.073         
i_platform/my_emamba_ip/eMamba/MAMBA_2nd/Linear_contract/curr_weight_column_reg[3]_rep/C
                               i_platform/my_emamba_ip/eMamba/MAMBA_2nd/Linear_contract/dOut_reg[4][2]/D
                                                              1.077         
i_platform/my_emamba_ip/eMamba/MAMBA_2nd/Linear_contract/curr_weight_column_reg[3]_rep/C
                               i_platform/my_emamba_ip/eMamba/MAMBA_2nd/Linear_contract/dOut_reg[6][4]/D
                                                              1.079         
i_platform/my_emamba_ip/eMamba/MAMBA_2nd/SSM/SSM_Computation/SSM_y_compute/dIn2/CLK
                               i_platform/my_emamba_ip/eMamba/MAMBA_2nd/SSM/SSM_Computation/dOut_reg[10][5]/D
                                                              1.080         
i_platform/my_emamba_ip/eMamba/MAMBA_2nd/LightNorm/calculator_mean/dOut_reg[0]/C
                               i_platform/my_emamba_ip/eMamba/MAMBA_2nd/LightNorm/dOut_reg[19][6]/D
                                                              1.084         
i_platform/my_emamba_ip/eMamba/MAMBA_2nd/Linear_contract/curr_weight_column_reg[3]_rep/C
                               i_platform/my_emamba_ip/eMamba/MAMBA_2nd/Linear_contract/dOut_reg[10][4]/D
                                                              1.084         
i_platform/my_emamba_ip/eMamba/MAMBA_2nd/Linear_contract/curr_weight_column_reg[3]_rep/C
                               i_platform/my_emamba_ip/eMamba/MAMBA_2nd/Linear_contract/dOut_reg[13][7]/D
                                                              1.086         
i_platform/my_emamba_ip/eMamba/MAMBA_2nd/Linear_contract/curr_weight_column_reg[3]_rep/C
                               i_platform/my_emamba_ip/eMamba/MAMBA_2nd/Linear_contract/dOut_reg[10][1]/D
                                                              1.091         
i_platform/my_emamba_ip/eMamba/MAMBA_2nd/Linear_contract/curr_weight_column_reg[3]_rep/C
                               i_platform/my_emamba_ip/eMamba/MAMBA_2nd/Linear_contract/dOut_reg[11][7]/D
                                                              1.091         
i_platform/my_emamba_ip/eMamba/MAMBA_2nd/SSM/SSM_Computation/SSM_y_compute/dIn2/CLK
                               i_platform/my_emamba_ip/eMamba/MAMBA_2nd/SSM/SSM_Computation/dOut_reg[5][7]/D
                                                              1.091         
i_platform/my_emamba_ip/eMamba/MAMBA_2nd/Linear_contract/curr_weight_column_reg[3]_rep/C
                               i_platform/my_emamba_ip/eMamba/MAMBA_2nd/Linear_contract/dOut_reg[18][2]/D
                                                              1.092         
i_platform/my_emamba_ip/eMamba/MAMBA_2nd/Linear_contract/curr_weight_column_reg[3]_rep/C
                               i_platform/my_emamba_ip/eMamba/MAMBA_2nd/Linear_contract/dOut_reg[2][1]/D
                                                              1.092         
i_platform/my_emamba_ip/eMamba/MAMBA_2nd/Linear_contract/curr_weight_column_reg[3]_rep/C
                               i_platform/my_emamba_ip/eMamba/MAMBA_2nd/Linear_contract/dOut_reg[11][0]/D
                                                              1.096         
i_platform/my_emamba_ip/eMamba/MAMBA_2nd/Linear_contract/curr_weight_column_reg[3]_rep/C
                               i_platform/my_emamba_ip/eMamba/MAMBA_2nd/Linear_contract/dOut_reg[14][6]/D
                                                              1.096         
i_platform/my_emamba_ip/eMamba/MAMBA_2nd/Linear_contract/curr_weight_column_reg[3]_rep/C
                               i_platform/my_emamba_ip/eMamba/MAMBA_2nd/Linear_contract/dOut_reg[0][2]/D
                                                              1.097         
i_platform/my_emamba_ip/eMamba/MAMBA_2nd/Linear_contract/curr_weight_column_reg[3]_rep/C
                               i_platform/my_emamba_ip/eMamba/MAMBA_2nd/Linear_contract/dOut_reg[13][2]/D
                                                              1.097         
i_platform/my_emamba_ip/eMamba/MAMBA_2nd/Linear_contract/curr_weight_column_reg[3]_rep/C
                               i_platform/my_emamba_ip/eMamba/MAMBA_2nd/Linear_contract/dOut_reg[4][6]/D
                                                              1.097         
i_platform/my_emamba_ip/eMamba/MAMBA_2nd/Linear_contract/curr_weight_column_reg[3]_rep/C
                               i_platform/my_emamba_ip/eMamba/MAMBA_2nd/Linear_contract/dOut_reg[12][7]/D
                                                              1.099         
i_platform/my_emamba_ip/eMamba/MAMBA_2nd/Linear_contract/curr_weight_column_reg[3]_rep/C
                               i_platform/my_emamba_ip/eMamba/MAMBA_2nd/Linear_contract/dOut_reg[7][4]/D
                                                              1.100         
i_platform/my_emamba_ip/eMamba/MAMBA_2nd/Linear_contract/curr_weight_column_reg[3]_rep/C
                               i_platform/my_emamba_ip/eMamba/MAMBA_2nd/Linear_contract/dOut_reg[6][1]/D
                                                              1.101         
i_platform/my_emamba_ip/eMamba/MAMBA_2nd/Linear_contract/curr_weight_column_reg[3]_rep/C
                               i_platform/my_emamba_ip/eMamba/MAMBA_2nd/Linear_contract/dOut_reg[2][6]/D
                                                              1.101         
i_platform/my_emamba_ip/eMamba/MAMBA_2nd/Linear_contract/curr_weight_column_reg[3]_rep/C
                               i_platform/my_emamba_ip/eMamba/MAMBA_2nd/Linear_contract/dOut_reg[19][5]/D
                                                              1.103         
i_platform/my_emamba_ip/eMamba/MAMBA_2nd/SSM/SSM_Computation/SSM_y_compute/dIn2/CLK
                               i_platform/my_emamba_ip/eMamba/MAMBA_2nd/SSM/SSM_Computation/dOut_reg[6][5]/D
                                                              1.106         
i_platform/my_emamba_ip/eMamba/MAMBA_2nd/SSM/SSM_Computation/SSM_y_compute/dIn2/CLK
                               i_platform/my_emamba_ip/eMamba/MAMBA_2nd/SSM/SSM_Computation/dOut_reg[11][0]/D
                                                              1.107         
i_platform/my_emamba_ip/eMamba/MAMBA_2nd/Linear_contract/curr_weight_column_reg[3]_rep/C
                               i_platform/my_emamba_ip/eMamba/MAMBA_2nd/Linear_contract/dOut_reg[14][4]/D
                                                              1.107         
i_platform/my_emamba_ip/eMamba/MAMBA_2nd/Linear_contract/curr_weight_column_reg[3]_rep/C
                               i_platform/my_emamba_ip/eMamba/MAMBA_2nd/Linear_contract/dOut_reg[14][3]/D
                                                              1.108         
i_platform/my_emamba_ip/eMamba/MAMBA_2nd/Linear_contract/curr_weight_column_reg[3]_rep/C
                               i_platform/my_emamba_ip/eMamba/MAMBA_2nd/Linear_contract/dOut_reg[19][2]/D
                                                              1.110         
i_platform/my_emamba_ip/eMamba/MAMBA_2nd/SSM/SSM_Computation/SSM_y_compute/dIn2/CLK
                               i_platform/my_emamba_ip/eMamba/MAMBA_2nd/SSM/SSM_Computation/dOut_reg[12][2]/D
                                                              1.111         
i_platform/my_emamba_ip/eMamba/MAMBA_2nd/Linear_contract/curr_weight_column_reg[3]_rep/C
                               i_platform/my_emamba_ip/eMamba/MAMBA_2nd/Linear_contract/dOut_reg[14][2]/D
                                                              1.111         
i_platform/my_emamba_ip/eMamba/MAMBA_2nd/Linear_contract/curr_weight_column_reg[3]_rep/C
                               i_platform/my_emamba_ip/eMamba/MAMBA_2nd/Linear_contract/dOut_reg[10][2]/D
                                                              1.113         
i_platform/my_emamba_ip/eMamba/MAMBA_2nd/LightNorm/calculator_mean/dOut_reg[0]/C
                               i_platform/my_emamba_ip/eMamba/MAMBA_2nd/LightNorm/dOut_reg[17][5]/D
                                                              1.113         
i_platform/my_emamba_ip/eMamba/MAMBA_2nd/SSM/SSM_Computation/SSM_y_compute/dIn2/CLK
                               i_platform/my_emamba_ip/eMamba/MAMBA_2nd/SSM/SSM_Computation/dOut_reg[7][6]/D
                                                              1.115         
i_platform/my_emamba_ip/eMamba/MAMBA_2nd/Linear_contract/curr_weight_column_reg[3]_rep/C
                               i_platform/my_emamba_ip/eMamba/MAMBA_2nd/Linear_contract/dOut_reg[17][1]/D
                                                              1.115         
i_platform/my_emamba_ip/eMamba/MAMBA_2nd/Linear_contract/curr_weight_column_reg[3]_rep/C
                               i_platform/my_emamba_ip/eMamba/MAMBA_2nd/Linear_contract/dOut_reg[19][6]/D
                                                              1.117         
i_platform/my_emamba_ip/eMamba/MAMBA_2nd/SSM/SSM_Computation/SSM_y_compute/dIn2/CLK
                               i_platform/my_emamba_ip/eMamba/MAMBA_2nd/SSM/SSM_Computation/dOut_reg[4][2]/D
                                                              1.117         
i_platform/my_emamba_ip/eMamba/MAMBA_2nd/Linear_contract/curr_weight_column_reg[3]_rep/C
                               i_platform/my_emamba_ip/eMamba/MAMBA_2nd/Linear_contract/dOut_reg[15][1]/D
                                                              1.120         
i_platform/my_emamba_ip/eMamba/MAMBA_2nd/Linear_contract/curr_weight_column_reg[3]_rep/C
                               i_platform/my_emamba_ip/eMamba/MAMBA_2nd/Linear_contract/dOut_reg[6][3]/D
                                                              1.121         
i_platform/my_emamba_ip/eMamba/MAMBA_2nd/Linear_contract/curr_weight_column_reg[3]_rep/C
                               i_platform/my_emamba_ip/eMamba/MAMBA_2nd/Linear_contract/dOut_reg[15][3]/D
                                                              1.123         
i_platform/my_emamba_ip/eMamba/MAMBA_2nd/Linear_contract/curr_weight_column_reg[3]_rep/C
                               i_platform/my_emamba_ip/eMamba/MAMBA_2nd/Linear_contract/dOut_reg[2][4]/D
                                                              1.125         
i_platform/my_emamba_ip/eMamba/MAMBA_2nd/LightNorm/calculator_mean/dOut_reg[0]/C
                               i_platform/my_emamba_ip/eMamba/MAMBA_2nd/LightNorm/dOut_reg[17][6]/D
                                                              1.127         
i_platform/my_emamba_ip/eMamba/Outputhead/OH_LightNorm/calculator_mean/dOut_reg[0]/C
                               i_platform/my_emamba_ip/eMamba/Outputhead/OH_LightNorm/dOut_reg[17][3]/D
                                                              1.127         
i_platform/my_emamba_ip/eMamba/MAMBA_2nd/SSM/SSM_Computation/SSM_y_compute/dIn2/CLK
                               i_platform/my_emamba_ip/eMamba/MAMBA_2nd/SSM/SSM_Computation/dOut_reg[6][3]/D
                                                              1.128         
i_platform/my_emamba_ip/eMamba/MAMBA_2nd/Linear_contract/curr_weight_column_reg[3]_rep/C
                               i_platform/my_emamba_ip/eMamba/MAMBA_2nd/Linear_contract/dOut_reg[15][2]/D
                                                              1.128         
i_platform/my_emamba_ip/eMamba/MAMBA_2nd/SSM/SSM_Computation/SSM_y_compute/dIn2/CLK
                               i_platform/my_emamba_ip/eMamba/MAMBA_2nd/SSM/SSM_Computation/dOut_reg[5][5]/D
                                                              1.128         
i_platform/my_emamba_ip/eMamba/MAMBA_2nd/Linear_contract/curr_weight_column_reg[3]_rep/C
                               i_platform/my_emamba_ip/eMamba/MAMBA_2nd/Linear_contract/dOut_reg[0][4]/D
                                                              1.129         
i_platform/my_emamba_ip/eMamba/MAMBA_2nd/Linear_contract/curr_weight_column_reg[3]_rep/C
                               i_platform/my_emamba_ip/eMamba/MAMBA_2nd/Linear_contract/dOut_reg[6][2]/D
                                                              1.129         
i_platform/my_emamba_ip/eMamba/MAMBA_2nd/Linear_contract/curr_weight_column_reg[3]_rep/C
                               i_platform/my_emamba_ip/eMamba/MAMBA_2nd/Linear_contract/dOut_reg[10][7]/D
                                                              1.137         
i_platform/my_emamba_ip/eMamba/MAMBA_2nd/Linear_contract/curr_weight_column_reg[3]_rep/C
                               i_platform/my_emamba_ip/eMamba/MAMBA_2nd/Linear_contract/dOut_reg[17][2]/D
                                                              1.138         
i_platform/my_emamba_ip/eMamba/MAMBA_2nd/SSM/SSM_Computation/SSM_y_compute/dIn2/CLK
                               i_platform/my_emamba_ip/eMamba/MAMBA_2nd/SSM/SSM_Computation/dOut_reg[5][6]/D
                                                              1.141         
i_platform/my_emamba_ip/eMamba/MAMBA_2nd/SSM/SSM_Computation/SSM_y_compute/dIn2/CLK
                               i_platform/my_emamba_ip/eMamba/MAMBA_2nd/SSM/SSM_Computation/dOut_reg[3][4]/D
                                                              1.141         
i_platform/my_emamba_ip/eMamba/MAMBA_2nd/SSM/SSM_Computation/SSM_y_compute/dIn2/CLK
                               i_platform/my_emamba_ip/eMamba/MAMBA_2nd/SSM/SSM_Computation/dOut_reg[14][1]/D
                                                              1.144         
i_platform/my_emamba_ip/eMamba/MAMBA_2nd/Linear_contract/curr_weight_column_reg[3]_rep/C
                               i_platform/my_emamba_ip/eMamba/MAMBA_2nd/Linear_contract/dOut_reg[3][7]/D
                                                              1.144         
i_platform/my_emamba_ip/eMamba/Outputhead/OH_LightNorm/calculator_mean/dOut_reg[0]/C
                               i_platform/my_emamba_ip/eMamba/Outputhead/OH_LightNorm/dOut_reg[17][4]/D
                                                              1.145         
i_platform/my_emamba_ip/eMamba/MAMBA_2nd/SSM/SSM_Computation/SSM_y_compute/dIn2/CLK
                               i_platform/my_emamba_ip/eMamba/MAMBA_2nd/SSM/SSM_Computation/dOut_reg[14][7]/D
                                                              1.146         
i_platform/my_emamba_ip/eMamba/MAMBA_2nd/SSM/SSM_Computation/SSM_y_compute/dIn2/CLK
                               i_platform/my_emamba_ip/eMamba/MAMBA_2nd/SSM/SSM_Computation/dOut_reg[10][4]/D
                                                              1.147         
i_platform/my_emamba_ip/eMamba/MAMBA_2nd/Linear_contract/curr_weight_column_reg[3]_rep/C
                               i_platform/my_emamba_ip/eMamba/MAMBA_2nd/Linear_contract/dOut_reg[19][3]/D
                                                              1.148         
i_platform/my_emamba_ip/eMamba/MAMBA_2nd/Linear_contract/curr_weight_column_reg[3]_rep/C
                               i_platform/my_emamba_ip/eMamba/MAMBA_2nd/Linear_contract/dOut_reg[15][7]/D
                                                              1.148         
i_platform/my_emamba_ip/eMamba/MAMBA_2nd/Linear_contract/curr_weight_column_reg[3]_rep/C
                               i_platform/my_emamba_ip/eMamba/MAMBA_2nd/Linear_contract/dOut_reg[6][7]/D
                                                              1.149         
i_platform/my_emamba_ip/eMamba/MAMBA_2nd/SSM/SSM_Computation/SSM_y_compute/dIn2/CLK
                               i_platform/my_emamba_ip/eMamba/MAMBA_2nd/SSM/SSM_Computation/dOut_reg[6][1]/D
                                                              1.150         
i_platform/my_emamba_ip/eMamba/MAMBA_2nd/SSM/SSM_Computation/SSM_y_compute/dIn2/CLK
                               i_platform/my_emamba_ip/eMamba/MAMBA_2nd/SSM/SSM_Computation/dOut_reg[6][6]/D
                                                              1.151         
i_platform/my_emamba_ip/eMamba/Outputhead/OH_LightNorm/calculator_mean/dOut_reg[0]/C
                               i_platform/my_emamba_ip/eMamba/Outputhead/OH_LightNorm/dOut_reg[0][3]/D
                                                              1.152         
i_platform/my_emamba_ip/eMamba/MAMBA_2nd/SSM/SSM_Computation/SSM_y_compute/dIn2/CLK
                               i_platform/my_emamba_ip/eMamba/MAMBA_2nd/SSM/SSM_Computation/dOut_reg[13][1]/D
                                                              1.153         
i_platform/my_emamba_ip/eMamba/MAMBA_2nd/SSM/SSM_Computation/SSM_y_compute/dIn2/CLK
                               i_platform/my_emamba_ip/eMamba/MAMBA_2nd/SSM/SSM_Computation/dOut_reg[10][3]/D
                                                              1.153         
i_platform/my_emamba_ip/eMamba/MAMBA_2nd/Linear_contract/curr_weight_column_reg[3]_rep/C
                               i_platform/my_emamba_ip/eMamba/MAMBA_2nd/Linear_contract/dOut_reg[16][2]/D
                                                              1.153         
i_platform/i_rtl/platform_controller/i_rvx_instance_3/rvx_signal_25_reg[1]/C
                               i_platform/i_rtl/i_snim_external_peri_group_no_name/i_munoc_instance_0/i_munoc_instance_2/i_munoc_instance_2/i_gen_buffer[0].i_munoc_instance_0/rvx_signal_6_reg[0][47]/CLR
                                                              3.690         
i_platform/i_rtl/platform_controller/i_rvx_instance_3/rvx_signal_25_reg[1]/C
                               i_platform/i_rtl/i_snim_external_peri_group_no_name/i_munoc_instance_1/i_munoc_instance_3/i_munoc_instance_0/i_rvx_instance_1/i_rvx_instance_1/rvx_signal_6_reg[2][27]/CLR
                                                              3.720         
i_platform/i_rtl/platform_controller/i_rvx_instance_3/rvx_signal_25_reg[1]/C
                               i_platform/i_rtl/i_snim_external_peri_group_no_name/i_munoc_instance_1/i_munoc_instance_3/i_munoc_instance_0/i_rvx_instance_1/i_rvx_instance_1/rvx_signal_6_reg[2][33]/CLR
                                                              3.720         
i_platform/i_rtl/platform_controller/i_rvx_instance_3/rvx_signal_25_reg[1]/C
                               i_platform/i_rtl/i_snim_external_peri_group_no_name/i_munoc_instance_1/i_munoc_instance_3/i_munoc_instance_0/i_rvx_instance_1/i_rvx_instance_1/rvx_signal_6_reg[2][6]/CLR
                                                              3.720         
i_platform/i_rtl/platform_controller/i_rvx_instance_3/rvx_signal_25_reg[1]/C
                               i_platform/i_rtl/i_snim_external_peri_group_no_name/i_munoc_instance_1/i_munoc_instance_3/i_munoc_instance_0/i_rvx_instance_1/i_rvx_instance_1/rvx_signal_6_reg[2][7]/CLR
                                                              3.720         
i_platform/i_rtl/platform_controller/i_rvx_instance_3/rvx_signal_25_reg[1]/C
                               i_platform/i_rtl/i_snim_external_peri_group_no_name/i_munoc_instance_1/i_munoc_instance_3/i_munoc_instance_0/i_rvx_instance_1/i_rvx_instance_1/rvx_signal_6_reg[2][2]/CLR
                                                              3.778         
i_platform/i_rtl/platform_controller/i_rvx_instance_3/rvx_signal_25_reg[1]/C
                               i_platform/i_rtl/i_snim_external_peri_group_no_name/i_munoc_instance_1/i_munoc_instance_3/i_munoc_instance_0/i_rvx_instance_1/i_rvx_instance_1/rvx_signal_6_reg[2][30]/CLR
                                                              3.778         
i_platform/i_rtl/platform_controller/i_rvx_instance_3/rvx_signal_25_reg[1]/C
                               i_platform/i_rtl/i_snim_external_peri_group_no_name/i_munoc_instance_1/i_munoc_instance_3/i_munoc_instance_0/i_rvx_instance_1/i_rvx_instance_1/rvx_signal_6_reg[2][3]/CLR
                                                              3.778         
i_platform/i_rtl/platform_controller/i_rvx_instance_3/rvx_signal_25_reg[1]/C
                               i_platform/i_rtl/i_snim_external_peri_group_no_name/i_munoc_instance_1/i_munoc_instance_3/i_munoc_instance_0/i_rvx_instance_1/i_rvx_instance_1/rvx_signal_6_reg[2][4]/CLR
                                                              3.778         
i_platform/i_rtl/platform_controller/i_rvx_instance_3/rvx_signal_25_reg[1]/C
                               i_platform/i_rtl/i_snim_external_peri_group_no_name/i_munoc_instance_1/i_munoc_instance_3/i_munoc_instance_0/i_rvx_instance_1/i_rvx_instance_1/rvx_signal_6_reg[1][27]/CLR
                                                              3.810         
i_platform/i_rtl/platform_controller/i_rvx_instance_3/rvx_signal_25_reg[1]/C
                               i_platform/i_rtl/i_snim_external_peri_group_no_name/i_munoc_instance_1/i_munoc_instance_3/i_munoc_instance_0/i_rvx_instance_1/i_rvx_instance_1/rvx_signal_6_reg[1][4]/CLR
                                                              3.810         
i_platform/i_rtl/platform_controller/i_rvx_instance_3/rvx_signal_25_reg[1]/C
                               i_platform/i_rtl/i_snim_external_peri_group_no_name/i_munoc_instance_1/i_munoc_instance_3/i_munoc_instance_0/i_rvx_instance_1/i_rvx_instance_1/rvx_signal_6_reg[1][7]/CLR
                                                              3.810         
i_platform/i_rtl/platform_controller/i_rvx_instance_3/rvx_signal_25_reg[1]/C
                               i_platform/i_rtl/i_snim_external_peri_group_no_name/i_munoc_instance_1/i_munoc_instance_3/i_munoc_instance_0/i_rvx_instance_1/i_rvx_instance_1/rvx_signal_6_reg[0][27]/CLR
                                                              3.904         
i_platform/i_rtl/platform_controller/i_rvx_instance_3/rvx_signal_25_reg[1]/C
                               i_platform/i_rtl/i_snim_external_peri_group_no_name/i_munoc_instance_1/i_munoc_instance_3/i_munoc_instance_0/i_rvx_instance_1/i_rvx_instance_1/rvx_signal_6_reg[0][33]/CLR
                                                              3.904         
i_platform/i_rtl/platform_controller/i_rvx_instance_3/rvx_signal_25_reg[1]/C
                               i_platform/i_rtl/i_snim_external_peri_group_no_name/i_munoc_instance_1/i_munoc_instance_3/i_munoc_instance_0/i_rvx_instance_1/i_rvx_instance_1/rvx_signal_6_reg[0][4]/CLR
                                                              3.904         
i_platform/i_rtl/platform_controller/i_rvx_instance_3/rvx_signal_25_reg[1]/C
                               i_platform/i_rtl/i_snim_external_peri_group_no_name/i_munoc_instance_1/i_munoc_instance_3/i_munoc_instance_0/i_rvx_instance_1/i_rvx_instance_1/rvx_signal_6_reg[0][7]/CLR
                                                              3.904         
i_platform/i_rtl/platform_controller/i_rvx_instance_3/rvx_signal_25_reg[1]/C
                               i_platform/i_rtl/i_snim_external_peri_group_no_name/i_munoc_instance_0/i_munoc_instance_2/i_munoc_instance_0/i_gen_buffer[0].i_munoc_instance_0/rvx_signal_6_reg[1][19]/CLR
                                                              3.962         
i_platform/i_rtl/platform_controller/i_rvx_instance_3/rvx_signal_25_reg[1]/C
                               i_platform/i_rtl/i_snim_external_peri_group_no_name/i_munoc_instance_0/i_munoc_instance_2/i_munoc_instance_0/i_gen_buffer[0].i_munoc_instance_0/rvx_signal_6_reg[1][47]/CLR
                                                              3.962         
i_platform/i_rtl/platform_controller/i_rvx_instance_3/rvx_signal_25_reg[1]/C
                               i_platform/i_rtl/i_snim_external_peri_group_no_name/i_munoc_instance_0/i_munoc_instance_2/i_munoc_instance_0/i_gen_buffer[0].i_munoc_instance_0/rvx_signal_6_reg[1][49]/CLR
                                                              3.962         
i_platform/i_rtl/platform_controller/i_rvx_instance_3/rvx_signal_25_reg[1]/C
                               i_platform/i_rtl/i_snim_external_peri_group_no_name/i_munoc_instance_0/i_munoc_instance_2/i_munoc_instance_2/i_gen_buffer[0].i_munoc_instance_0/rvx_signal_6_reg[1][46]/CLR
                                                              3.967         
i_platform/i_rtl/platform_controller/i_rvx_instance_3/rvx_signal_25_reg[1]/C
                               i_platform/i_rtl/i_snim_external_peri_group_no_name/i_munoc_instance_0/i_munoc_instance_2/i_munoc_instance_2/i_gen_buffer[0].i_munoc_instance_0/rvx_signal_6_reg[1][49]/CLR
                                                              3.967         
i_platform/i_rtl/platform_controller/i_rvx_instance_3/rvx_signal_25_reg[1]/C
                               i_platform/i_rtl/i_snim_external_peri_group_no_name/i_munoc_instance_0/i_munoc_instance_2/i_munoc_instance_2/i_gen_buffer[0].i_munoc_instance_0/rvx_signal_6_reg[1][51]/CLR
                                                              3.967         
i_platform/i_rtl/platform_controller/i_rvx_instance_3/rvx_signal_25_reg[1]/C
                               i_platform/i_rtl/i_snim_external_peri_group_no_name/i_munoc_instance_0/i_munoc_instance_2/i_munoc_instance_2/i_gen_buffer[0].i_munoc_instance_0/rvx_signal_6_reg[1][52]/CLR
                                                              3.967         
i_platform/i_rtl/platform_controller/i_rvx_instance_3/rvx_signal_25_reg[1]/C
                               i_platform/i_rtl/i_snim_external_peri_group_no_name/i_munoc_instance_0/i_munoc_instance_2/i_munoc_instance_2/i_gen_buffer[0].i_munoc_instance_0/rvx_signal_6_reg[1][45]/CLR
                                                              3.977         
i_platform/i_rtl/platform_controller/i_rvx_instance_3/rvx_signal_25_reg[1]/C
                               i_platform/i_rtl/i_snim_external_peri_group_no_name/i_munoc_instance_0/i_munoc_instance_2/i_munoc_instance_2/i_gen_buffer[0].i_munoc_instance_0/rvx_signal_6_reg[1][47]/CLR
                                                              3.977         
i_platform/i_rtl/platform_controller/i_rvx_instance_3/rvx_signal_25_reg[1]/C
                               i_platform/i_rtl/i_snim_external_peri_group_no_name/i_munoc_instance_0/i_munoc_instance_2/i_munoc_instance_2/i_gen_buffer[0].i_munoc_instance_0/rvx_signal_6_reg[1][48]/CLR
                                                              3.977         
i_platform/i_rtl/platform_controller/i_rvx_instance_3/rvx_signal_25_reg[1]/C
                               i_platform/i_rtl/i_snim_external_peri_group_no_name/i_munoc_instance_0/i_munoc_instance_2/i_munoc_instance_2/i_gen_buffer[0].i_munoc_instance_0/rvx_signal_6_reg[1][50]/CLR
                                                              3.977         
i_platform/i_rtl/platform_controller/i_rvx_instance_3/rvx_signal_25_reg[1]/C
                               i_platform/i_rtl/i_snim_external_peri_group_no_name/i_munoc_instance_0/i_munoc_instance_2/i_munoc_instance_2/i_gen_buffer[0].i_munoc_instance_0/rvx_signal_6_reg[0][50]/CLR
                                                              4.079         
i_platform/i_rtl/platform_controller/i_rvx_instance_3/rvx_signal_25_reg[1]/C
                               i_platform/i_rtl/i_snim_external_peri_group_no_name/i_munoc_instance_0/i_munoc_instance_2/i_munoc_instance_2/i_gen_buffer[0].i_munoc_instance_0/rvx_signal_6_reg[0][51]/CLR
                                                              4.079         
i_platform/i_rtl/platform_controller/i_rvx_instance_3/rvx_signal_25_reg[1]/C
                               i_platform/i_rtl/i_snim_external_peri_group_no_name/i_munoc_instance_0/i_munoc_instance_2/i_munoc_instance_2/i_gen_buffer[0].i_munoc_instance_0/rvx_signal_6_reg[0][52]/CLR
                                                              4.079         
i_platform/i_rtl/platform_controller/i_rvx_instance_3/rvx_signal_25_reg[1]/C
                               i_platform/i_rtl/i_snim_external_peri_group_no_name/i_munoc_instance_0/i_munoc_instance_2/i_munoc_instance_2/i_gen_buffer[0].i_munoc_instance_0/rvx_signal_6_reg[0][45]/CLR
                                                              4.112         
i_platform/i_rtl/platform_controller/i_rvx_instance_3/rvx_signal_25_reg[1]/C
                               i_platform/i_rtl/i_snim_external_peri_group_no_name/i_munoc_instance_0/i_munoc_instance_2/i_munoc_instance_2/i_gen_buffer[0].i_munoc_instance_0/rvx_signal_6_reg[0][46]/CLR
                                                              4.112         
i_platform/i_rtl/platform_controller/i_rvx_instance_3/rvx_signal_25_reg[1]/C
                               i_platform/i_rtl/i_snim_external_peri_group_no_name/i_munoc_instance_0/i_munoc_instance_2/i_munoc_instance_2/i_gen_buffer[0].i_munoc_instance_0/rvx_signal_6_reg[0][48]/CLR
                                                              4.112         
i_platform/i_rtl/platform_controller/i_rvx_instance_3/rvx_signal_25_reg[1]/C
                               i_platform/i_rtl/i_snim_external_peri_group_no_name/i_munoc_instance_0/i_munoc_instance_2/i_munoc_instance_2/i_gen_buffer[0].i_munoc_instance_0/rvx_signal_6_reg[0][49]/CLR
                                                              4.112         
i_platform/i_rtl/platform_controller/i_rvx_instance_3/rvx_signal_25_reg[1]/C
                               i_platform/i_rtl/i_snim_external_peri_group_no_name/i_munoc_instance_1/i_munoc_instance_3/i_munoc_instance_1/i_rvx_instance_1/i_rvx_instance_0/i_rvx_instance_0/rvx_signal_06_reg[5]/CLR
                                                              4.154         
i_platform/i_rtl/platform_controller/i_rvx_instance_3/rvx_signal_25_reg[1]/C
                               i_platform/i_rtl/i_snim_external_peri_group_no_name/i_munoc_instance_1/i_munoc_instance_3/i_munoc_instance_1/i_rvx_instance_1/i_rvx_instance_0/i_rvx_instance_0/rvx_signal_06_reg[6]/CLR
                                                              4.154         
i_platform/i_rtl/platform_controller/i_rvx_instance_3/rvx_signal_25_reg[1]/C
                               i_platform/i_rtl/i_snim_external_peri_group_no_name/i_munoc_instance_1/i_munoc_instance_3/i_munoc_instance_1/i_rvx_instance_1/i_rvx_instance_0/i_rvx_instance_0/rvx_signal_06_reg[7]/CLR
                                                              4.154         
i_platform/i_rtl/platform_controller/i_rvx_instance_3/rvx_signal_25_reg[1]/C
                               i_platform/i_rtl/i_snim_external_peri_group_no_name/i_munoc_instance_0/i_munoc_instance_0/i_munoc_instance_1/munoc_port_08_reg[10]/CLR
                                                              4.239         
i_platform/i_rtl/platform_controller/i_rvx_instance_3/rvx_signal_25_reg[1]/C
                               i_platform/i_rtl/i_snim_external_peri_group_no_name/i_munoc_instance_0/i_munoc_instance_0/i_munoc_instance_1/munoc_port_08_reg[11]/CLR
                                                              4.239         
i_platform/i_rtl/platform_controller/i_rvx_instance_3/rvx_signal_25_reg[1]/C
                               i_platform/i_rtl/i_snim_external_peri_group_no_name/i_munoc_instance_0/i_munoc_instance_0/i_munoc_instance_1/munoc_port_08_reg[6]/CLR
                                                              4.239         
i_platform/i_rtl/platform_controller/i_rvx_instance_3/rvx_signal_25_reg[1]/C
                               i_platform/i_rtl/i_snim_external_peri_group_no_name/i_munoc_instance_0/i_munoc_instance_0/i_munoc_instance_1/munoc_port_08_reg[9]/CLR
                                                              4.239         
i_platform/i_rtl/platform_controller/i_rvx_instance_3/rvx_signal_25_reg[1]/C
                               i_platform/i_rtl/i_snim_external_peri_group_no_name/i_munoc_instance_0/i_munoc_instance_2/i_munoc_instance_0/i_gen_buffer[0].i_munoc_instance_0/rvx_signal_6_reg[7][18]/CLR
                                                              4.242         
i_platform/i_rtl/platform_controller/i_rvx_instance_3/rvx_signal_25_reg[1]/C
                               i_platform/i_rtl/i_snim_external_peri_group_no_name/i_munoc_instance_0/i_munoc_instance_2/i_munoc_instance_0/i_gen_buffer[0].i_munoc_instance_0/rvx_signal_6_reg[7][50]/CLR
                                                              4.242         
i_platform/i_rtl/platform_controller/i_rvx_instance_3/rvx_signal_25_reg[1]/C
                               i_platform/i_rtl/i_snim_external_peri_group_no_name/i_munoc_instance_0/i_munoc_instance_2/i_munoc_instance_0/i_gen_buffer[0].i_munoc_instance_0/rvx_signal_6_reg[4][16]/CLR
                                                              4.244         
i_platform/i_rtl/platform_controller/i_rvx_instance_3/rvx_signal_25_reg[1]/C
                               i_platform/i_rtl/i_snim_external_peri_group_no_name/i_munoc_instance_0/i_munoc_instance_2/i_munoc_instance_0/i_gen_buffer[0].i_munoc_instance_0/rvx_signal_6_reg[4][49]/CLR
                                                              4.244         
i_platform/i_rtl/platform_controller/i_rvx_instance_3/rvx_signal_25_reg[1]/C
                               i_platform/i_rtl/i_snim_external_peri_group_no_name/i_munoc_instance_0/i_munoc_instance_2/i_munoc_instance_0/i_gen_buffer[0].i_munoc_instance_0/rvx_signal_6_reg[5][15]/CLR
                                                              4.244         
i_platform/i_rtl/platform_controller/i_rvx_instance_3/rvx_signal_25_reg[1]/C
                               i_platform/i_rtl/i_snim_external_peri_group_no_name/i_munoc_instance_0/i_munoc_instance_2/i_munoc_instance_0/i_gen_buffer[0].i_munoc_instance_0/rvx_signal_6_reg[5][16]/CLR
                                                              4.244         
i_platform/i_rtl/platform_controller/i_rvx_instance_3/rvx_signal_25_reg[1]/C
                               i_platform/i_rtl/i_snim_external_peri_group_no_name/i_munoc_instance_0/i_munoc_instance_2/i_munoc_instance_0/i_gen_buffer[0].i_munoc_instance_0/rvx_signal_6_reg[5][20]/CLR
                                                              4.244         
i_platform/i_rtl/platform_controller/i_rvx_instance_3/rvx_signal_25_reg[1]/C
                               i_platform/i_rtl/i_snim_external_peri_group_no_name/i_munoc_instance_0/i_munoc_instance_2/i_munoc_instance_0/i_gen_buffer[0].i_munoc_instance_0/rvx_signal_6_reg[5][22]/CLR
                                                              4.244         
i_platform/i_rtl/platform_controller/i_rvx_instance_3/rvx_signal_25_reg[1]/C
                               i_platform/i_rtl/i_snim_external_peri_group_no_name/i_munoc_instance_0/i_munoc_instance_2/i_munoc_instance_0/i_gen_buffer[0].i_munoc_instance_0/rvx_signal_6_reg[5][23]/CLR
                                                              4.244         
i_platform/i_rtl/platform_controller/i_rvx_instance_3/rvx_signal_25_reg[1]/C
                               i_platform/i_rtl/i_snim_external_peri_group_no_name/i_munoc_instance_0/i_munoc_instance_2/i_munoc_instance_0/i_gen_buffer[0].i_munoc_instance_0/rvx_signal_6_reg[5][24]/CLR
                                                              4.244         
i_platform/i_rtl/platform_controller/i_rvx_instance_3/rvx_signal_25_reg[1]/C
                               i_platform/i_rtl/i_snim_external_peri_group_no_name/i_munoc_instance_0/i_munoc_instance_2/i_munoc_instance_0/i_gen_buffer[0].i_munoc_instance_0/rvx_signal_6_reg[2][23]/CLR
                                                              4.269         
i_platform/i_rtl/platform_controller/i_rvx_instance_3/rvx_signal_25_reg[1]/C
                               i_platform/i_rtl/i_snim_external_peri_group_no_name/i_munoc_instance_0/i_munoc_instance_2/i_munoc_instance_0/i_gen_buffer[0].i_munoc_instance_0/rvx_signal_6_reg[2][24]/CLR
                                                              4.269         
i_platform/i_rtl/platform_controller/i_rvx_instance_3/rvx_signal_25_reg[1]/C
                               i_platform/i_rtl/i_snim_external_peri_group_no_name/i_munoc_instance_0/i_munoc_instance_2/i_munoc_instance_0/i_gen_buffer[0].i_munoc_instance_0/rvx_signal_6_reg[2][49]/CLR
                                                              4.269         
i_platform/i_rtl/platform_controller/i_rvx_instance_3/rvx_signal_25_reg[1]/C
                               i_platform/i_rtl/i_snim_external_peri_group_no_name/i_munoc_instance_0/i_munoc_instance_2/i_munoc_instance_0/i_gen_buffer[0].i_munoc_instance_0/rvx_signal_6_reg[2][15]/CLR
                                                              4.302         
i_platform/i_rtl/platform_controller/i_rvx_instance_3/rvx_signal_25_reg[1]/C
                               i_platform/i_rtl/i_snim_external_peri_group_no_name/i_munoc_instance_0/i_munoc_instance_2/i_munoc_instance_0/i_gen_buffer[0].i_munoc_instance_0/rvx_signal_6_reg[2][16]/CLR
                                                              4.302         
i_platform/i_rtl/platform_controller/i_rvx_instance_3/rvx_signal_25_reg[1]/C
                               i_platform/i_rtl/i_snim_external_peri_group_no_name/i_munoc_instance_0/i_munoc_instance_2/i_munoc_instance_0/i_gen_buffer[0].i_munoc_instance_0/rvx_signal_6_reg[2][19]/CLR
                                                              4.302         
i_platform/i_rtl/platform_controller/i_rvx_instance_3/rvx_signal_25_reg[1]/C
                               i_platform/i_rtl/i_snim_external_peri_group_no_name/i_munoc_instance_0/i_munoc_instance_2/i_munoc_instance_0/i_gen_buffer[0].i_munoc_instance_0/rvx_signal_6_reg[2][20]/CLR
                                                              4.302         
i_platform/i_rtl/platform_controller/i_rvx_instance_3/rvx_signal_25_reg[1]/C
                               i_platform/i_rtl/i_snim_external_peri_group_no_name/i_munoc_instance_0/i_munoc_instance_0/i_munoc_instance_1/munoc_port_20_reg[0]/CLR
                                                              4.321         
i_platform/i_rtl/platform_controller/i_rvx_instance_3/rvx_signal_25_reg[1]/C
                               i_platform/i_rtl/i_snim_external_peri_group_no_name/i_munoc_instance_0/i_munoc_instance_0/i_munoc_instance_1/munoc_port_20_reg[1]/CLR
                                                              4.321         
i_platform/i_rtl/platform_controller/i_rvx_instance_3/rvx_signal_25_reg[1]/C
                               i_platform/i_rtl/i_snim_external_peri_group_no_name/i_munoc_instance_0/i_munoc_instance_0/i_munoc_instance_1/munoc_port_20_reg[2]/CLR
                                                              4.321         
i_platform/i_rtl/platform_controller/i_rvx_instance_3/rvx_signal_25_reg[1]/C
                               i_platform/i_rtl/i_snim_external_peri_group_no_name/i_munoc_instance_0/i_munoc_instance_0/i_munoc_instance_1/munoc_port_20_reg[3]/CLR
                                                              4.321         
i_platform/i_rtl/platform_controller/i_rvx_instance_3/rvx_signal_25_reg[1]/C
                               i_platform/i_rtl/i_snim_external_peri_group_no_name/i_munoc_instance_0/i_munoc_instance_2/i_munoc_instance_2/i_gen_buffer[0].i_munoc_instance_0/rvx_signal_6_reg[1][18]/CLR
                                                              4.329         
i_platform/i_rtl/platform_controller/i_rvx_instance_3/rvx_signal_25_reg[1]/C
                               i_platform/i_rtl/i_snim_external_peri_group_no_name/i_munoc_instance_0/i_munoc_instance_2/i_munoc_instance_2/i_gen_buffer[0].i_munoc_instance_0/rvx_signal_6_reg[1][23]/CLR
                                                              4.329         
i_platform/i_rtl/platform_controller/i_rvx_instance_3/rvx_signal_25_reg[1]/C
                               i_platform/i_rtl/i_snim_external_peri_group_no_name/i_munoc_instance_0/i_munoc_instance_2/i_munoc_instance_2/i_gen_buffer[0].i_munoc_instance_0/rvx_signal_6_reg[1][24]/CLR
                                                              4.329         
i_platform/i_rtl/platform_controller/i_rvx_instance_3/rvx_signal_25_reg[1]/C
                               i_platform/i_rtl/i_snim_external_peri_group_no_name/i_munoc_instance_0/i_munoc_instance_2/i_munoc_instance_0/i_gen_buffer[0].i_munoc_instance_0/rvx_signal_6_reg[1][22]/CLR
                                                              4.336         
i_platform/i_rtl/platform_controller/i_rvx_instance_3/rvx_signal_25_reg[1]/C
                               i_platform/i_rtl/i_snim_external_peri_group_no_name/i_munoc_instance_0/i_munoc_instance_2/i_munoc_instance_0/i_gen_buffer[0].i_munoc_instance_0/rvx_signal_6_reg[1][50]/CLR
                                                              4.336         
i_platform/i_rtl/platform_controller/i_rvx_instance_3/rvx_signal_25_reg[1]/C
                               i_platform/i_rtl/i_snim_external_peri_group_no_name/i_munoc_instance_1/i_munoc_instance_3/i_munoc_instance_1/i_rvx_instance_1/i_rvx_instance_0/rvx_port_10_reg[0]/CLR
                                                              4.394         
i_platform/i_rtl/platform_controller/i_rvx_instance_3/rvx_signal_25_reg[1]/C
                               i_platform/i_rtl/i_snim_external_peri_group_no_name/i_munoc_instance_0/i_munoc_instance_0/i_munoc_instance_1/munoc_signal_06_reg[5]/CLR
                                                              4.405         
i_platform/i_rtl/platform_controller/i_rvx_instance_3/rvx_signal_25_reg[1]/C
                               i_platform/i_rtl/i_snim_external_peri_group_no_name/i_munoc_instance_0/i_munoc_instance_2/i_munoc_instance_0/i_gen_buffer[0].i_munoc_instance_0/rvx_signal_6_reg[1][48]/CLR
                                                              4.407         
i_platform/i_rtl/platform_controller/i_rvx_instance_3/rvx_signal_25_reg[1]/C
                               i_platform/i_rtl/i_snim_external_peri_group_no_name/i_munoc_instance_0/i_munoc_instance_2/i_munoc_instance_0/i_gen_buffer[0].i_munoc_instance_0/rvx_signal_6_reg[6][18]/CLR
                                                              4.425         
i_platform/i_rtl/platform_controller/i_rvx_instance_3/rvx_signal_25_reg[1]/C
                               i_platform/i_rtl/i_snim_external_peri_group_no_name/i_munoc_instance_0/i_munoc_instance_2/i_munoc_instance_0/i_gen_buffer[0].i_munoc_instance_0/rvx_signal_6_reg[6][19]/CLR
                                                              4.425         
i_platform/i_rtl/platform_controller/i_rvx_instance_3/rvx_signal_25_reg[1]/C
                               i_platform/i_rtl/i_snim_external_peri_group_no_name/i_munoc_instance_0/i_munoc_instance_2/i_munoc_instance_0/i_gen_buffer[0].i_munoc_instance_0/rvx_signal_6_reg[6][21]/CLR
                                                              4.425         
i_platform/i_rtl/platform_controller/i_rvx_instance_3/rvx_signal_25_reg[1]/C
                               i_platform/i_rtl/i_snim_external_peri_group_no_name/i_munoc_instance_0/i_munoc_instance_2/i_munoc_instance_0/i_gen_buffer[0].i_munoc_instance_0/rvx_signal_6_reg[6][3]/CLR
                                                              4.425         
i_platform/i_rtl/platform_controller/i_rvx_instance_3/rvx_signal_25_reg[1]/C
                               i_platform/i_rtl/i_snim_external_peri_group_no_name/i_munoc_instance_0/i_munoc_instance_2/i_munoc_instance_0/i_gen_buffer[0].i_munoc_instance_0/rvx_signal_6_reg[6][46]/CLR
                                                              4.425         
i_platform/i_rtl/platform_controller/i_rvx_instance_3/rvx_signal_25_reg[1]/C
                               i_platform/i_rtl/i_snim_external_peri_group_no_name/i_munoc_instance_0/i_munoc_instance_2/i_munoc_instance_0/i_gen_buffer[0].i_munoc_instance_0/rvx_signal_6_reg[6][47]/CLR
                                                              4.425         
i_platform/i_rtl/platform_controller/i_rvx_instance_3/rvx_signal_25_reg[1]/C
                               i_platform/i_rtl/i_snim_external_peri_group_no_name/i_munoc_instance_0/i_munoc_instance_2/i_munoc_instance_0/i_gen_buffer[0].i_munoc_instance_0/rvx_signal_6_reg[6][48]/CLR
                                                              4.425         
i_platform/i_rtl/platform_controller/i_rvx_instance_3/rvx_signal_25_reg[1]/C
                               i_platform/i_rtl/i_snim_external_peri_group_no_name/i_munoc_instance_0/i_munoc_instance_2/i_munoc_instance_0/i_gen_buffer[0].i_munoc_instance_0/rvx_signal_6_reg[6][51]/CLR
                                                              4.425         
i_platform/i_rtl/platform_controller/i_rvx_instance_3/rvx_signal_25_reg[1]/C
                               i_platform/i_rtl/i_snim_external_peri_group_no_name/i_munoc_instance_0/i_munoc_instance_2/i_munoc_instance_0/i_gen_buffer[0].i_munoc_instance_0/rvx_signal_6_reg[0][19]/CLR
                                                              4.427         
i_platform/i_rtl/platform_controller/i_rvx_instance_3/rvx_signal_25_reg[1]/C
                               i_platform/i_rtl/i_snim_external_peri_group_no_name/i_munoc_instance_0/i_munoc_instance_2/i_munoc_instance_0/i_gen_buffer[0].i_munoc_instance_0/rvx_signal_6_reg[0][3]/CLR
                                                              4.427         
i_platform/i_rtl/platform_controller/i_rvx_instance_3/rvx_signal_25_reg[1]/C
                               i_platform/i_rtl/i_snim_external_peri_group_no_name/i_munoc_instance_1/i_munoc_instance_3/i_munoc_instance_0/i_rvx_instance_1/i_rvx_instance_1/rvx_signal_6_reg[0][0]/CLR
                                                              4.434         
i_platform/i_rtl/platform_controller/i_rvx_instance_3/rvx_signal_25_reg[1]/C
                               i_platform/i_rtl/i_snim_external_peri_group_no_name/i_munoc_instance_1/i_munoc_instance_3/i_munoc_instance_0/i_rvx_instance_1/i_rvx_instance_1/rvx_signal_6_reg[0][1]/CLR
                                                              4.434         
i_platform/i_rtl/platform_controller/i_rvx_instance_3/rvx_signal_25_reg[1]/C
                               i_platform/i_rtl/i_snim_external_peri_group_no_name/i_munoc_instance_1/i_munoc_instance_3/i_munoc_instance_0/i_rvx_instance_1/i_rvx_instance_1/rvx_signal_6_reg[0][29]/CLR
                                                              4.434         
i_platform/i_rtl/platform_controller/i_rvx_instance_3/rvx_signal_25_reg[1]/C
                               i_platform/i_rtl/i_snim_external_peri_group_no_name/i_munoc_instance_1/i_munoc_instance_3/i_munoc_instance_0/i_rvx_instance_1/i_rvx_instance_1/rvx_signal_6_reg[0][35]/CLR
                                                              4.434         
i_platform/i_rtl/platform_controller/i_rvx_instance_3/rvx_signal_25_reg[1]/C
                               i_platform/i_rtl/i_snim_external_peri_group_no_name/i_munoc_instance_1/i_munoc_instance_3/i_munoc_instance_1/i_rvx_instance_0/i_rvx_instance_0/rvx_signal_6_reg[0][0]/CLR
                                                              4.447         
i_platform/i_rtl/platform_controller/i_rvx_instance_3/rvx_signal_25_reg[1]/C
                               i_platform/i_rtl/i_snim_external_peri_group_no_name/i_munoc_instance_1/i_munoc_instance_3/i_munoc_instance_1/i_rvx_instance_0/i_rvx_instance_0/rvx_signal_6_reg[0][30]/CLR
                                                              4.447         
i_platform/i_rtl/platform_controller/i_rvx_instance_3/rvx_signal_25_reg[1]/C
                               i_platform/i_rtl/i_snim_external_peri_group_no_name/i_munoc_instance_1/i_munoc_instance_3/i_munoc_instance_1/i_rvx_instance_0/i_rvx_instance_0/rvx_signal_6_reg[0][3]/CLR
                                                              4.447         
i_platform/i_rtl/platform_controller/i_rvx_instance_3/rvx_signal_25_reg[1]/C
                               i_platform/i_rtl/i_snim_external_peri_group_no_name/i_munoc_instance_1/i_munoc_instance_3/i_munoc_instance_1/i_rvx_instance_0/i_rvx_instance_0/rvx_signal_6_reg[0][4]/CLR
                                                              4.447         
i_platform/i_rtl/platform_controller/i_rvx_instance_3/rvx_signal_25_reg[1]/C
                               i_platform/i_rtl/i_snim_external_peri_group_no_name/i_munoc_instance_1/i_munoc_instance_3/i_munoc_instance_1/i_rvx_instance_0/i_rvx_instance_0/rvx_signal_6_reg[0][5]/CLR
                                                              4.447         
i_platform/i_rtl/platform_controller/i_rvx_instance_3/rvx_signal_25_reg[1]/C
                               i_platform/i_rtl/i_snim_external_peri_group_no_name/i_munoc_instance_1/i_munoc_instance_3/i_munoc_instance_0/i_rvx_instance_1/i_rvx_instance_1/rvx_signal_6_reg[1][0]/CLR
                                                              4.492         
i_platform/i_rtl/platform_controller/i_rvx_instance_3/rvx_signal_25_reg[1]/C
                               i_platform/i_rtl/i_snim_external_peri_group_no_name/i_munoc_instance_1/i_munoc_instance_3/i_munoc_instance_0/i_rvx_instance_1/i_rvx_instance_1/rvx_signal_6_reg[1][1]/CLR
                                                              4.492         
i_platform/i_rtl/platform_controller/i_rvx_instance_3/rvx_signal_25_reg[1]/C
                               i_platform/i_rtl/i_snim_external_peri_group_no_name/i_munoc_instance_1/i_munoc_instance_3/i_munoc_instance_0/i_rvx_instance_1/i_rvx_instance_1/rvx_signal_6_reg[1][23]/CLR
                                                              4.492         
i_platform/i_rtl/platform_controller/i_rvx_instance_3/rvx_signal_25_reg[1]/C
                               i_platform/i_rtl/i_snim_external_peri_group_no_name/i_munoc_instance_1/i_munoc_instance_3/i_munoc_instance_0/i_rvx_instance_1/i_rvx_instance_1/rvx_signal_6_reg[1][24]/CLR
                                                              4.492         
i_platform/i_rtl/platform_controller/i_rvx_instance_3/rvx_signal_25_reg[1]/C
                               i_platform/i_rtl/i_snim_external_peri_group_no_name/i_munoc_instance_0/i_munoc_instance_0/i_munoc_instance_1/munoc_port_08_reg[0]/CLR
                                                              4.500         
i_platform/i_rtl/platform_controller/i_rvx_instance_3/rvx_signal_25_reg[1]/C
                               i_platform/i_rtl/i_snim_external_peri_group_no_name/i_munoc_instance_0/i_munoc_instance_0/i_munoc_instance_1/munoc_signal_06_reg[2]/CLR
                                                              4.500         
i_platform/i_rtl/platform_controller/i_rvx_instance_3/rvx_signal_25_reg[1]/C
                               i_platform/i_rtl/i_snim_external_peri_group_no_name/i_munoc_instance_0/i_munoc_instance_0/i_munoc_instance_1/munoc_signal_06_reg[3]/CLR
                                                              4.500         
i_platform/i_rtl/platform_controller/i_rvx_instance_3/rvx_signal_25_reg[1]/C
                               i_platform/i_rtl/i_snim_external_peri_group_no_name/i_munoc_instance_0/i_munoc_instance_0/i_munoc_instance_1/munoc_signal_06_reg[4]/CLR
                                                              4.500         
i_platform/i_rtl/platform_controller/i_rvx_instance_3/rvx_signal_25_reg[1]/C
                               i_platform/i_rtl/i_snim_external_peri_group_no_name/i_munoc_instance_0/i_munoc_instance_0/i_munoc_instance_0/munoc_signal_18_reg[2]/CLR
                                                              4.502         
i_platform/i_rtl/platform_controller/i_rvx_instance_3/rvx_signal_25_reg[1]/C
                               i_platform/i_rtl/i_snim_external_peri_group_no_name/i_munoc_instance_0/i_munoc_instance_0/i_munoc_instance_0/munoc_signal_18_reg[3]/CLR
                                                              4.502         
i_platform/i_rtl/platform_controller/i_rvx_instance_3/rvx_signal_25_reg[1]/C
                               i_platform/i_rtl/i_snim_external_peri_group_no_name/i_munoc_instance_0/i_munoc_instance_2/i_munoc_instance_2/i_gen_buffer[0].i_munoc_instance_0/rvx_signal_6_reg[0][18]/CLR
                                                              4.505         
i_platform/i_rtl/platform_controller/i_rvx_instance_4/i_rvx_instance_0/rvx_port_09_reg/C
                               pjtag_rtdo                     14.639        
pjtag_rtms                     i_platform/i_rtl/platform_controller/i_rvx_instance_4/i_rvx_instance_0/i_rvx_instance_1/rvx_signal_0_reg[5]/CE
                                                              24.720        
pjtag_rtms                     i_platform/i_rtl/platform_controller/i_rvx_instance_4/i_rvx_instance_0/i_rvx_instance_1/rvx_signal_0_reg[6]/CE
                                                              24.720        
pjtag_rtms                     i_platform/i_rtl/platform_controller/i_rvx_instance_4/i_rvx_instance_0/rvx_port_09_reg/CE
                                                              24.773        
pjtag_rtms                     i_platform/i_rtl/platform_controller/i_rvx_instance_4/i_rvx_instance_0/i_rvx_instance_1/rvx_signal_0_reg[0]/CE
                                                              24.819        
pjtag_rtms                     i_platform/i_rtl/platform_controller/i_rvx_instance_4/i_rvx_instance_0/i_rvx_instance_1/rvx_signal_0_reg[1]/CE
                                                              24.819        
pjtag_rtms                     i_platform/i_rtl/platform_controller/i_rvx_instance_4/i_rvx_instance_0/i_rvx_instance_1/rvx_signal_0_reg[2]/CE
                                                              24.819        
pjtag_rtms                     i_platform/i_rtl/platform_controller/i_rvx_instance_4/i_rvx_instance_0/i_rvx_instance_1/rvx_signal_0_reg[3]/CE
                                                              24.819        
pjtag_rtms                     i_platform/i_rtl/platform_controller/i_rvx_instance_4/i_rvx_instance_0/i_rvx_instance_1/rvx_signal_0_reg[4]/CE
                                                              24.819        
pjtag_rtms                     i_platform/i_rtl/platform_controller/i_rvx_instance_4/i_rvx_instance_0/i_rvx_instance_1/rvx_signal_0_reg[7]/CE
                                                              24.824        
pjtag_rtms                     i_platform/i_rtl/platform_controller/i_rvx_instance_4/i_rvx_instance_0/i_rvx_instance_1/rvx_signal_0_reg[0]/D
                                                              25.044        
pjtag_rtms                     i_platform/i_rtl/platform_controller/i_rvx_instance_4/i_rvx_instance_0/i_rvx_instance_1/rvx_signal_0_reg[2]/D
                                                              25.056        
pjtag_rtms                     i_platform/i_rtl/platform_controller/i_rvx_instance_4/i_rvx_instance_0/rvx_port_09_reg/D
                                                              25.108        
pjtag_rtms                     i_platform/i_rtl/platform_controller/i_rvx_instance_4/i_rvx_instance_0/i_rvx_instance_1/rvx_signal_0_reg[1]/D
                                                              25.111        
pjtag_rtms                     i_platform/i_rtl/platform_controller/i_rvx_instance_4/i_rvx_instance_0/i_rvx_instance_1/rvx_signal_0_reg[3]/D
                                                              25.169        
pjtag_rtms                     i_platform/i_rtl/platform_controller/i_rvx_instance_4/i_rvx_instance_0/i_rvx_instance_1/rvx_signal_0_reg[4]/D
                                                              25.184        
pjtag_rtms                     i_platform/i_rtl/platform_controller/i_rvx_instance_4/i_rvx_instance_0/i_rvx_instance_1/rvx_signal_0_reg[7]/D
                                                              25.207        
pjtag_rtms                     i_platform/i_rtl/platform_controller/i_rvx_instance_4/i_rvx_instance_0/i_rvx_instance_1/rvx_signal_0_reg[5]/D
                                                              25.620        
pjtag_rtms                     i_platform/i_rtl/platform_controller/i_rvx_instance_4/i_rvx_instance_0/i_rvx_instance_1/rvx_signal_0_reg[6]/D
                                                              25.635        
i_platform/i_rtl/platform_controller/i_rvx_instance_4/i_rvx_instance_0/i_rvx_instance_1/rvx_signal_0_reg[5]/C
                               i_platform/i_rtl/platform_controller/i_rvx_instance_4/i_rvx_instance_3/rvx_signal_07_reg[13]/CE
                                                              44.717        
i_platform/i_rtl/platform_controller/i_rvx_instance_4/i_rvx_instance_0/i_rvx_instance_1/rvx_signal_0_reg[5]/C
                               i_platform/i_rtl/platform_controller/i_rvx_instance_4/i_rvx_instance_3/rvx_signal_07_reg[15]/CE
                                                              44.717        
i_platform/i_rtl/platform_controller/i_rvx_instance_4/i_rvx_instance_0/i_rvx_instance_1/rvx_signal_0_reg[5]/C
                               i_platform/i_rtl/platform_controller/i_rvx_instance_4/i_rvx_instance_3/rvx_signal_07_reg[20]/CE
                                                              44.717        
i_platform/i_rtl/platform_controller/i_rvx_instance_4/i_rvx_instance_0/i_rvx_instance_1/rvx_signal_0_reg[5]/C
                               i_platform/i_rtl/platform_controller/i_rvx_instance_4/i_rvx_instance_3/rvx_signal_07_reg[23]/CE
                                                              44.993        
i_platform/i_rtl/platform_controller/i_rvx_instance_4/i_rvx_instance_0/i_rvx_instance_1/rvx_signal_0_reg[5]/C
                               i_platform/i_rtl/platform_controller/i_rvx_instance_4/i_rvx_instance_3/rvx_signal_07_reg[27]/CE
                                                              44.993        
i_platform/i_rtl/platform_controller/i_rvx_instance_4/i_rvx_instance_0/i_rvx_instance_1/rvx_signal_0_reg[5]/C
                               i_platform/i_rtl/platform_controller/i_rvx_instance_4/i_rvx_instance_3/rvx_signal_07_reg[24]/CE
                                                              45.023        
i_platform/i_rtl/platform_controller/i_rvx_instance_4/i_rvx_instance_0/i_rvx_instance_1/rvx_signal_0_reg[5]/C
                               i_platform/i_rtl/platform_controller/i_rvx_instance_4/i_rvx_instance_3/rvx_signal_07_reg[2]/CE
                                                              45.023        
i_platform/i_rtl/platform_controller/i_rvx_instance_4/i_rvx_instance_0/i_rvx_instance_1/rvx_signal_0_reg[5]/C
                               i_platform/i_rtl/platform_controller/i_rvx_instance_4/i_rvx_instance_0/i_rvx_instance_0/rvx_signal_1_reg[11]/CE
                                                              45.054        
i_platform/i_rtl/platform_controller/i_rvx_instance_4/i_rvx_instance_0/i_rvx_instance_1/rvx_signal_0_reg[5]/C
                               i_platform/i_rtl/platform_controller/i_rvx_instance_4/i_rvx_instance_0/i_rvx_instance_0/rvx_signal_1_reg[3]/CE
                                                              45.054        
i_platform/i_rtl/platform_controller/i_rvx_instance_4/i_rvx_instance_0/i_rvx_instance_1/rvx_signal_0_reg[5]/C
                               i_platform/i_rtl/platform_controller/i_rvx_instance_4/i_rvx_instance_0/i_rvx_instance_0/rvx_signal_1_reg[6]/CE
                                                              45.054        
i_platform/i_rtl/platform_controller/i_rvx_instance_4/i_rvx_instance_0/i_rvx_instance_1/rvx_signal_0_reg[5]/C
                               i_platform/i_rtl/platform_controller/i_rvx_instance_4/i_rvx_instance_0/i_rvx_instance_0/rvx_signal_1_reg[7]/CE
                                                              45.054        
i_platform/i_rtl/platform_controller/i_rvx_instance_4/i_rvx_instance_0/i_rvx_instance_1/rvx_signal_0_reg[5]/C
                               i_platform/i_rtl/platform_controller/i_rvx_instance_4/i_rvx_instance_0/i_rvx_instance_0/rvx_signal_1_reg[13]/CE
                                                              45.127        
i_platform/i_rtl/platform_controller/i_rvx_instance_4/i_rvx_instance_0/i_rvx_instance_1/rvx_signal_0_reg[5]/C
                               i_platform/i_rtl/platform_controller/i_rvx_instance_4/i_rvx_instance_0/i_rvx_instance_0/rvx_signal_1_reg[23]/D
                                                              45.142        
i_platform/i_rtl/platform_controller/i_rvx_instance_4/i_rvx_instance_0/i_rvx_instance_1/rvx_signal_0_reg[5]/C
                               i_platform/i_rtl/platform_controller/i_rvx_instance_4/i_rvx_instance_0/i_rvx_instance_0/rvx_signal_1_reg[24]/D
                                                              45.147        
i_platform/i_rtl/platform_controller/i_rvx_instance_4/i_rvx_instance_0/i_rvx_instance_1/rvx_signal_0_reg[5]/C
                               i_platform/i_rtl/platform_controller/i_rvx_instance_4/i_rvx_instance_3/rvx_signal_07_reg[21]/CE
                                                              45.170        
i_platform/i_rtl/platform_controller/i_rvx_instance_4/i_rvx_instance_0/i_rvx_instance_1/rvx_signal_0_reg[5]/C
                               i_platform/i_rtl/platform_controller/i_rvx_instance_4/i_rvx_instance_3/rvx_signal_07_reg[22]/CE
                                                              45.170        
i_platform/i_rtl/platform_controller/i_rvx_instance_4/i_rvx_instance_0/i_rvx_instance_1/rvx_signal_0_reg[5]/C
                               i_platform/i_rtl/platform_controller/i_rvx_instance_4/i_rvx_instance_0/i_rvx_instance_0/rvx_signal_1_reg[0]/CE
                                                              45.255        
i_platform/i_rtl/platform_controller/i_rvx_instance_4/i_rvx_instance_0/i_rvx_instance_1/rvx_signal_0_reg[5]/C
                               i_platform/i_rtl/platform_controller/i_rvx_instance_4/i_rvx_instance_0/i_rvx_instance_0/rvx_signal_1_reg[26]/CE
                                                              45.257        
i_platform/i_rtl/platform_controller/i_rvx_instance_4/i_rvx_instance_0/i_rvx_instance_1/rvx_signal_0_reg[5]/C
                               i_platform/i_rtl/platform_controller/i_rvx_instance_4/i_rvx_instance_0/i_rvx_instance_0/rvx_signal_1_reg[27]/CE
                                                              45.257        
i_platform/i_rtl/platform_controller/i_rvx_instance_4/i_rvx_instance_0/i_rvx_instance_1/rvx_signal_0_reg[5]/C
                               i_platform/i_rtl/platform_controller/i_rvx_instance_4/i_rvx_instance_0/i_rvx_instance_0/rvx_signal_1_reg[18]/CE
                                                              45.273        
i_platform/i_rtl/platform_controller/i_rvx_instance_4/i_rvx_instance_0/i_rvx_instance_1/rvx_signal_0_reg[5]/C
                               i_platform/i_rtl/platform_controller/i_rvx_instance_4/i_rvx_instance_0/i_rvx_instance_0/rvx_signal_1_reg[23]/CE
                                                              45.338        
i_platform/i_rtl/platform_controller/i_rvx_instance_4/i_rvx_instance_0/i_rvx_instance_1/rvx_signal_0_reg[5]/C
                               i_platform/i_rtl/platform_controller/i_rvx_instance_4/i_rvx_instance_0/i_rvx_instance_0/rvx_signal_1_reg[24]/CE
                                                              45.338        
i_platform/i_rtl/platform_controller/i_rvx_instance_4/i_rvx_instance_0/i_rvx_instance_1/rvx_signal_0_reg[5]/C
                               i_platform/i_rtl/platform_controller/i_rvx_instance_4/i_rvx_instance_0/i_rvx_instance_0/rvx_signal_1_reg[14]/CE
                                                              45.377        
i_platform/i_rtl/platform_controller/i_rvx_instance_4/i_rvx_instance_0/i_rvx_instance_1/rvx_signal_0_reg[5]/C
                               i_platform/i_rtl/platform_controller/i_rvx_instance_4/i_rvx_instance_0/i_rvx_instance_0/rvx_signal_1_reg[15]/CE
                                                              45.377        
i_platform/i_rtl/platform_controller/i_rvx_instance_4/i_rvx_instance_0/i_rvx_instance_1/rvx_signal_0_reg[5]/C
                               i_platform/i_rtl/platform_controller/i_rvx_instance_4/i_rvx_instance_0/i_rvx_instance_0/rvx_signal_1_reg[5]/D
                                                              45.390        
i_platform/i_rtl/platform_controller/i_rvx_instance_4/i_rvx_instance_0/i_rvx_instance_1/rvx_signal_0_reg[5]/C
                               i_platform/i_rtl/platform_controller/i_rvx_instance_4/i_rvx_instance_0/i_rvx_instance_0/rvx_signal_1_reg[17]/CE
                                                              45.438        
i_platform/i_rtl/platform_controller/i_rvx_instance_4/i_rvx_instance_0/i_rvx_instance_1/rvx_signal_0_reg[5]/C
                               i_platform/i_rtl/platform_controller/i_rvx_instance_4/i_rvx_instance_0/i_rvx_instance_0/rvx_signal_1_reg[4]/CE
                                                              45.438        
i_platform/i_rtl/platform_controller/i_rvx_instance_4/i_rvx_instance_0/i_rvx_instance_1/rvx_signal_0_reg[5]/C
                               i_platform/i_rtl/platform_controller/i_rvx_instance_4/i_rvx_instance_0/i_rvx_instance_0/rvx_signal_1_reg[5]/CE
                                                              45.438        
i_platform/i_rtl/platform_controller/i_rvx_instance_4/i_rvx_instance_0/i_rvx_instance_1/rvx_signal_0_reg[5]/C
                               i_platform/i_rtl/platform_controller/i_rvx_instance_4/i_rvx_instance_0/i_rvx_instance_0/rvx_signal_1_reg[25]/CE
                                                              45.451        
i_platform/i_rtl/platform_controller/i_rvx_instance_4/i_rvx_instance_0/i_rvx_instance_1/rvx_signal_0_reg[5]/C
                               i_platform/i_rtl/platform_controller/i_rvx_instance_4/i_rvx_instance_0/i_rvx_instance_0/rvx_signal_1_reg[13]/D
                                                              45.462        
i_platform/i_rtl/platform_controller/i_rvx_instance_4/i_rvx_instance_0/i_rvx_instance_1/rvx_signal_0_reg[5]/C
                               i_platform/i_rtl/platform_controller/i_rvx_instance_4/i_rvx_instance_3/rvx_signal_07_reg[10]/CE
                                                              45.469        
i_platform/i_rtl/platform_controller/i_rvx_instance_4/i_rvx_instance_0/i_rvx_instance_1/rvx_signal_0_reg[5]/C
                               i_platform/i_rtl/platform_controller/i_rvx_instance_4/i_rvx_instance_3/rvx_signal_07_reg[31]/CE
                                                              45.469        
i_platform/i_rtl/platform_controller/i_rvx_instance_4/i_rvx_instance_0/i_rvx_instance_1/rvx_signal_0_reg[5]/C
                               i_platform/i_rtl/platform_controller/i_rvx_instance_4/i_rvx_instance_3/rvx_signal_07_reg[6]/CE
                                                              45.469        
i_platform/i_rtl/platform_controller/i_rvx_instance_4/i_rvx_instance_0/i_rvx_instance_1/rvx_signal_0_reg[5]/C
                               i_platform/i_rtl/platform_controller/i_rvx_instance_4/i_rvx_instance_3/rvx_signal_07_reg[7]/CE
                                                              45.469        
i_platform/i_rtl/platform_controller/i_rvx_instance_4/i_rvx_instance_0/i_rvx_instance_1/rvx_signal_0_reg[5]/C
                               i_platform/i_rtl/platform_controller/i_rvx_instance_4/i_rvx_instance_0/i_rvx_instance_0/rvx_signal_1_reg[12]/D
                                                              45.495        
i_platform/i_rtl/platform_controller/i_rvx_instance_4/i_rvx_instance_0/i_rvx_instance_1/rvx_signal_0_reg[5]/C
                               i_platform/i_rtl/platform_controller/i_rvx_instance_4/i_rvx_instance_0/i_rvx_instance_0/rvx_signal_1_reg[16]/D
                                                              45.500        
i_platform/i_rtl/platform_controller/i_rvx_instance_4/i_rvx_instance_0/i_rvx_instance_1/rvx_signal_0_reg[5]/C
                               i_platform/i_rtl/platform_controller/i_rvx_instance_4/i_rvx_instance_0/i_rvx_instance_0/rvx_signal_1_reg[17]/D
                                                              45.506        
i_platform/i_rtl/platform_controller/i_rvx_instance_4/i_rvx_instance_0/i_rvx_instance_1/rvx_signal_0_reg[5]/C
                               i_platform/i_rtl/platform_controller/i_rvx_instance_4/i_rvx_instance_0/i_rvx_instance_0/rvx_signal_1_reg[30]/D
                                                              45.509        
i_platform/i_rtl/platform_controller/i_rvx_instance_4/i_rvx_instance_0/i_rvx_instance_1/rvx_signal_0_reg[5]/C
                               i_platform/i_rtl/platform_controller/i_rvx_instance_4/i_rvx_instance_0/i_rvx_instance_0/rvx_signal_1_reg[18]/D
                                                              45.523        
i_platform/i_rtl/platform_controller/i_rvx_instance_4/i_rvx_instance_0/i_rvx_instance_1/rvx_signal_0_reg[5]/C
                               i_platform/i_rtl/platform_controller/i_rvx_instance_4/i_rvx_instance_0/i_rvx_instance_0/rvx_signal_1_reg[22]/CE
                                                              45.536        
i_platform/i_rtl/platform_controller/i_rvx_instance_4/i_rvx_instance_0/i_rvx_instance_1/rvx_signal_0_reg[5]/C
                               i_platform/i_rtl/platform_controller/i_rvx_instance_4/i_rvx_instance_0/i_rvx_instance_0/rvx_signal_1_reg[10]/CE
                                                              45.536        
i_platform/i_rtl/platform_controller/i_rvx_instance_4/i_rvx_instance_0/i_rvx_instance_1/rvx_signal_0_reg[5]/C
                               i_platform/i_rtl/platform_controller/i_rvx_instance_4/i_rvx_instance_0/i_rvx_instance_0/rvx_signal_1_reg[29]/CE
                                                              45.536        
i_platform/i_rtl/platform_controller/i_rvx_instance_4/i_rvx_instance_0/i_rvx_instance_1/rvx_signal_0_reg[5]/C
                               i_platform/i_rtl/platform_controller/i_rvx_instance_4/i_rvx_instance_0/i_rvx_instance_0/rvx_signal_1_reg[8]/CE
                                                              45.536        
i_platform/i_rtl/platform_controller/i_rvx_instance_4/i_rvx_instance_0/i_rvx_instance_1/rvx_signal_0_reg[5]/C
                               i_platform/i_rtl/platform_controller/i_rvx_instance_4/i_rvx_instance_0/i_rvx_instance_0/rvx_signal_1_reg[9]/CE
                                                              45.536        
i_platform/i_rtl/platform_controller/i_rvx_instance_4/i_rvx_instance_0/i_rvx_instance_1/rvx_signal_0_reg[5]/C
                               i_platform/i_rtl/platform_controller/i_rvx_instance_4/i_rvx_instance_0/i_rvx_instance_0/rvx_signal_1_reg[12]/CE
                                                              45.567        
i_platform/i_rtl/platform_controller/i_rvx_instance_4/i_rvx_instance_0/i_rvx_instance_1/rvx_signal_0_reg[5]/C
                               i_platform/i_rtl/platform_controller/i_rvx_instance_4/i_rvx_instance_0/i_rvx_instance_0/rvx_signal_1_reg[16]/CE
                                                              45.567        
i_platform/i_rtl/platform_controller/i_rvx_instance_4/i_rvx_instance_0/i_rvx_instance_1/rvx_signal_0_reg[5]/C
                               i_platform/i_rtl/platform_controller/i_rvx_instance_4/i_rvx_instance_0/i_rvx_instance_0/rvx_signal_1_reg[30]/CE
                                                              45.567        
i_platform/i_rtl/platform_controller/i_rvx_instance_4/i_rvx_instance_0/i_rvx_instance_1/rvx_signal_0_reg[5]/C
                               i_platform/i_rtl/platform_controller/i_rvx_instance_4/i_rvx_instance_0/i_rvx_instance_0/rvx_signal_1_reg[11]/D
                                                              45.577        
i_platform/i_rtl/platform_controller/i_rvx_instance_4/i_rvx_instance_0/i_rvx_instance_1/rvx_signal_0_reg[5]/C
                               i_platform/i_rtl/platform_controller/i_rvx_instance_4/i_rvx_instance_0/i_rvx_instance_0/rvx_signal_1_reg[4]/D
                                                              45.590        
i_platform/i_rtl/platform_controller/i_rvx_instance_4/i_rvx_instance_0/i_rvx_instance_1/rvx_signal_0_reg[5]/C
                               i_platform/i_rtl/platform_controller/i_rvx_instance_4/i_rvx_instance_0/i_rvx_instance_0/rvx_signal_1_reg[25]/D
                                                              45.600        
i_platform/i_rtl/platform_controller/i_rvx_instance_4/i_rvx_instance_0/i_rvx_instance_1/rvx_signal_0_reg[5]/C
                               i_platform/i_rtl/platform_controller/i_rvx_instance_4/i_rvx_instance_0/i_rvx_instance_0/rvx_signal_1_reg[15]/D
                                                              45.624        
i_platform/i_rtl/platform_controller/i_rvx_instance_4/i_rvx_instance_0/i_rvx_instance_1/rvx_signal_0_reg[5]/C
                               i_platform/i_rtl/platform_controller/i_rvx_instance_4/i_rvx_instance_0/i_rvx_instance_0/rvx_signal_1_reg[19]/CE
                                                              45.655        
i_platform/i_rtl/platform_controller/i_rvx_instance_4/i_rvx_instance_0/i_rvx_instance_1/rvx_signal_0_reg[5]/C
                               i_platform/i_rtl/platform_controller/i_rvx_instance_4/i_rvx_instance_0/i_rvx_instance_0/rvx_signal_1_reg[20]/CE
                                                              45.655        
i_platform/i_rtl/platform_controller/i_rvx_instance_4/i_rvx_instance_0/i_rvx_instance_1/rvx_signal_0_reg[5]/C
                               i_platform/i_rtl/platform_controller/i_rvx_instance_4/i_rvx_instance_0/i_rvx_instance_0/rvx_signal_1_reg[21]/CE
                                                              45.655        
i_platform/i_rtl/platform_controller/i_rvx_instance_4/i_rvx_instance_0/i_rvx_instance_1/rvx_signal_0_reg[5]/C
                               i_platform/i_rtl/platform_controller/i_rvx_instance_4/i_rvx_instance_0/i_rvx_instance_0/rvx_signal_1_reg[28]/CE
                                                              45.655        
i_platform/i_rtl/platform_controller/i_rvx_instance_4/i_rvx_instance_0/i_rvx_instance_1/rvx_signal_0_reg[5]/C
                               i_platform/i_rtl/platform_controller/i_rvx_instance_4/i_rvx_instance_0/i_rvx_instance_0/rvx_signal_1_reg[6]/D
                                                              45.667        
i_platform/i_rtl/platform_controller/i_rvx_instance_4/i_rvx_instance_0/i_rvx_instance_1/rvx_signal_0_reg[5]/C
                               i_platform/i_rtl/platform_controller/i_rvx_instance_4/i_rvx_instance_3/rvx_signal_07_reg[12]/CE
                                                              45.681        
i_platform/i_rtl/platform_controller/i_rvx_instance_4/i_rvx_instance_0/i_rvx_instance_1/rvx_signal_0_reg[5]/C
                               i_platform/i_rtl/platform_controller/i_rvx_instance_4/i_rvx_instance_3/rvx_signal_07_reg[16]/CE
                                                              45.681        
i_platform/i_rtl/platform_controller/i_rvx_instance_4/i_rvx_instance_0/i_rvx_instance_1/rvx_signal_0_reg[5]/C
                               i_platform/i_rtl/platform_controller/i_rvx_instance_4/i_rvx_instance_3/rvx_signal_07_reg[5]/CE
                                                              45.681        
i_platform/i_rtl/platform_controller/i_rvx_instance_4/i_rvx_instance_0/i_rvx_instance_1/rvx_signal_0_reg[5]/C
                               i_platform/i_rtl/platform_controller/i_rvx_instance_4/i_rvx_instance_3/rvx_signal_07_reg[8]/CE
                                                              45.681        
i_platform/i_rtl/platform_controller/i_rvx_instance_4/i_rvx_instance_0/i_rvx_instance_1/rvx_signal_0_reg[5]/C
                               i_platform/i_rtl/platform_controller/i_rvx_instance_4/i_rvx_instance_0/i_rvx_instance_0/rvx_signal_1_reg[8]/D
                                                              45.685        
i_platform/i_rtl/platform_controller/i_rvx_instance_4/i_rvx_instance_0/i_rvx_instance_1/rvx_signal_0_reg[5]/C
                               i_platform/i_rtl/platform_controller/i_rvx_instance_4/i_rvx_instance_0/i_rvx_instance_0/rvx_signal_1_reg[7]/D
                                                              45.714        
i_platform/i_rtl/platform_controller/i_rvx_instance_4/i_rvx_instance_0/i_rvx_instance_1/rvx_signal_0_reg[5]/C
                               i_platform/i_rtl/platform_controller/i_rvx_instance_4/i_rvx_instance_0/i_rvx_instance_0/rvx_signal_1_reg[3]/D
                                                              45.717        
i_platform/i_rtl/platform_controller/i_rvx_instance_4/i_rvx_instance_0/i_rvx_instance_1/rvx_signal_0_reg[5]/C
                               i_platform/i_rtl/platform_controller/i_rvx_instance_4/i_rvx_instance_0/i_rvx_instance_0/rvx_signal_1_reg[26]/D
                                                              45.728        
i_platform/i_rtl/platform_controller/i_rvx_instance_4/i_rvx_instance_0/i_rvx_instance_1/rvx_signal_0_reg[5]/C
                               i_platform/i_rtl/platform_controller/i_rvx_instance_4/i_rvx_instance_0/i_rvx_instance_0/rvx_signal_1_reg[27]/D
                                                              45.729        
i_platform/i_rtl/platform_controller/i_rvx_instance_4/i_rvx_instance_0/i_rvx_instance_1/rvx_signal_0_reg[5]/C
                               i_platform/i_rtl/platform_controller/i_rvx_instance_4/i_rvx_instance_0/i_rvx_instance_0/rvx_signal_1_reg[1]/CE
                                                              45.734        
i_platform/i_rtl/platform_controller/i_rvx_instance_4/i_rvx_instance_0/i_rvx_instance_1/rvx_signal_0_reg[5]/C
                               i_platform/i_rtl/platform_controller/i_rvx_instance_4/i_rvx_instance_0/i_rvx_instance_0/rvx_signal_1_reg[2]/CE
                                                              45.734        
i_platform/i_rtl/platform_controller/i_rvx_instance_4/i_rvx_instance_0/i_rvx_instance_1/rvx_signal_0_reg[5]/C
                               i_platform/i_rtl/platform_controller/i_rvx_instance_4/i_rvx_instance_0/i_rvx_instance_0/rvx_signal_1_reg[31]/CE
                                                              45.734        
i_platform/i_rtl/platform_controller/i_rvx_instance_4/i_rvx_instance_0/i_rvx_instance_1/rvx_signal_0_reg[5]/C
                               i_platform/i_rtl/platform_controller/i_rvx_instance_4/i_rvx_instance_0/i_rvx_instance_0/rvx_signal_1_reg[14]/D
                                                              45.760        
i_platform/i_rtl/platform_controller/i_rvx_instance_4/i_rvx_instance_0/i_rvx_instance_1/rvx_signal_0_reg[5]/C
                               i_platform/i_rtl/platform_controller/i_rvx_instance_4/i_rvx_instance_3/rvx_signal_07_reg[17]/CE
                                                              45.764        
i_platform/i_rtl/platform_controller/i_rvx_instance_4/i_rvx_instance_0/i_rvx_instance_1/rvx_signal_0_reg[5]/C
                               i_platform/i_rtl/platform_controller/i_rvx_instance_4/i_rvx_instance_3/rvx_signal_07_reg[25]/CE
                                                              45.764        
i_platform/i_rtl/platform_controller/i_rvx_instance_4/i_rvx_instance_0/i_rvx_instance_1/rvx_signal_0_reg[5]/C
                               i_platform/i_rtl/platform_controller/i_rvx_instance_4/i_rvx_instance_3/rvx_signal_07_reg[28]/CE
                                                              45.764        
i_platform/i_rtl/platform_controller/i_rvx_instance_4/i_rvx_instance_0/i_rvx_instance_1/rvx_signal_0_reg[5]/C
                               i_platform/i_rtl/platform_controller/i_rvx_instance_4/i_rvx_instance_3/rvx_signal_07_reg[4]/CE
                                                              45.764        
i_platform/i_rtl/platform_controller/i_rvx_instance_4/i_rvx_instance_0/i_rvx_instance_1/rvx_signal_0_reg[5]/C
                               i_platform/i_rtl/platform_controller/i_rvx_instance_4/i_rvx_instance_0/i_rvx_instance_0/rvx_signal_1_reg[22]/D
                                                              45.768        
i_platform/i_rtl/platform_controller/i_rvx_instance_4/i_rvx_instance_0/i_rvx_instance_1/rvx_signal_0_reg[5]/C
                               i_platform/i_rtl/platform_controller/i_rvx_instance_4/i_rvx_instance_0/i_rvx_instance_0/rvx_signal_1_reg[9]/D
                                                              45.769        
i_platform/i_rtl/platform_controller/i_rvx_instance_4/i_rvx_instance_0/i_rvx_instance_1/rvx_signal_0_reg[5]/C
                               i_platform/i_rtl/platform_controller/i_rvx_instance_4/i_rvx_instance_3/rvx_signal_07_reg[18]/CE
                                                              45.776        
i_platform/i_rtl/platform_controller/i_rvx_instance_4/i_rvx_instance_0/i_rvx_instance_1/rvx_signal_0_reg[5]/C
                               i_platform/i_rtl/platform_controller/i_rvx_instance_4/i_rvx_instance_3/rvx_signal_07_reg[1]/CE
                                                              45.776        
i_platform/i_rtl/platform_controller/i_rvx_instance_4/i_rvx_instance_0/i_rvx_instance_1/rvx_signal_0_reg[5]/C
                               i_platform/i_rtl/platform_controller/i_rvx_instance_4/i_rvx_instance_3/rvx_signal_07_reg[3]/CE
                                                              45.776        
i_platform/i_rtl/platform_controller/i_rvx_instance_4/i_rvx_instance_0/i_rvx_instance_1/rvx_signal_0_reg[5]/C
                               i_platform/i_rtl/platform_controller/i_rvx_instance_4/i_rvx_instance_0/i_rvx_instance_0/rvx_signal_1_reg[20]/D
                                                              45.777        
i_platform/i_rtl/platform_controller/i_rvx_instance_4/i_rvx_instance_0/i_rvx_instance_1/rvx_signal_0_reg[5]/C
                               i_platform/i_rtl/platform_controller/i_rvx_instance_4/i_rvx_instance_0/i_rvx_instance_0/rvx_signal_1_reg[19]/D
                                                              45.778        
i_platform/i_rtl/platform_controller/i_rvx_instance_4/i_rvx_instance_0/i_rvx_instance_1/rvx_signal_0_reg[5]/C
                               i_platform/i_rtl/platform_controller/i_rvx_instance_4/i_rvx_instance_0/i_rvx_instance_0/rvx_signal_1_reg[21]/D
                                                              45.852        



