Copyright 1986-2022 Xilinx, Inc. All Rights Reserved. Copyright 2022-2024 Advanced Micro Devices, Inc. All Rights Reserved.
---------------------------------------------------------------------------------------------------------------------------------------------------------------------------------------------------
| Tool Version     : Vivado v.2024.1 (lin64) Build 5076996 Wed May 22 18:36:09 MDT 2024
| Date             : Fri Jul  3 22:32:33 2026
| Host             : Venus running 64-bit Ubuntu 22.04.5 LTS
| Command          : report_power -hier all -hierarchical_depth 10 -file /home/sanghun/RVX/rvx-tutorials/platform/tip_emamba_v1/imp_genesys2-eb_2026-07-03/imp_result/route_power_hier.rpt
| Design           : TIP_EMAMBA_V1_FPGA
| Device           : xc7k325tffg900-2
| Design State     : routed
| Grade            : commercial
| Process          : typical
| Characterization : Production
---------------------------------------------------------------------------------------------------------------------------------------------------------------------------------------------------

Power Report

Table of Contents
-----------------
1. Summary
1.1 On-Chip Components
1.2 Power Supply Summary
1.3 Confidence Level
2. Settings
2.1 Environment
2.2 Clock Constraints
3. Detailed Reports
3.1 By Hierarchy

1. Summary
----------

+--------------------------+--------------+
| Total On-Chip Power (W)  | 0.503        |
| Design Power Budget (W)  | Unspecified* |
| Power Budget Margin (W)  | NA           |
| Dynamic (W)              | 0.341        |
| Device Static (W)        | 0.162        |
| Effective TJA (C/W)      | 1.8          |
| Max Ambient (C)          | 84.1         |
| Junction Temperature (C) | 25.9         |
| Confidence Level         | Medium       |
| Setting File             | ---          |
| Simulation Activity File | ---          |
| Design Nets Matched      | NA           |
+--------------------------+--------------+
* Specify Design Power Budget using, set_operating_conditions -design_power_budget <value in Watts>


1.1 On-Chip Components
----------------------

+--------------------------+-----------+----------+-----------+-----------------+
| On-Chip                  | Power (W) | Used     | Available | Utilization (%) |
+--------------------------+-----------+----------+-----------+-----------------+
| Clocks                   |     0.074 |        6 |       --- |             --- |
| Slice Logic              |     0.052 |   255356 |       --- |             --- |
|   LUT as Logic           |     0.048 |   117974 |    203800 |           57.89 |
|   CARRY4                 |     0.004 |    17068 |     50950 |           33.50 |
|   Register               |    <0.001 |    74460 |    407600 |           18.27 |
|   F7/F8 Muxes            |    <0.001 |     7407 |    203800 |            3.63 |
|   LUT as Distributed RAM |    <0.001 |       48 |     64000 |            0.08 |
|   Others                 |     0.000 |     1160 |       --- |             --- |
|   LUT as Shift Register  |     0.000 |      780 |     64000 |            1.22 |
| Signals                  |     0.078 |   215252 |       --- |             --- |
| Block RAM                |     0.002 |       32 |       445 |            7.19 |
| MMCM                     |     0.107 |        1 |        10 |           10.00 |
| DSPs                     |     0.025 |      300 |       840 |           35.71 |
| I/O                      |     0.004 |       10 |       500 |            2.00 |
| Static Power             |     0.162 |          |           |                 |
| Total                    |     0.503 |          |           |                 |
+--------------------------+-----------+----------+-----------+-----------------+


1.2 Power Supply Summary
------------------------

+-----------+-------------+-----------+-------------+------------+-------------+-------------+------------+
| Source    | Voltage (V) | Total (A) | Dynamic (A) | Static (A) | Powerup (A) | Budget (A)  | Margin (A) |
+-----------+-------------+-----------+-------------+------------+-------------+-------------+------------+
| Vccint    |       1.000 |     0.302 |       0.231 |      0.071 |       NA    | Unspecified | NA         |
| Vccaux    |       1.800 |     0.089 |       0.061 |      0.028 |       NA    | Unspecified | NA         |
| Vcco33    |       3.300 |     0.000 |       0.000 |      0.000 |       NA    | Unspecified | NA         |
| Vcco25    |       2.500 |     0.000 |       0.000 |      0.000 |       NA    | Unspecified | NA         |
| Vcco18    |       1.800 |     0.001 |       0.000 |      0.001 |       NA    | Unspecified | NA         |
| Vcco15    |       1.500 |     0.000 |       0.000 |      0.000 |       NA    | Unspecified | NA         |
| Vcco135   |       1.350 |     0.000 |       0.000 |      0.000 |       NA    | Unspecified | NA         |
| Vcco12    |       1.200 |     0.000 |       0.000 |      0.000 |       NA    | Unspecified | NA         |
| Vccaux_io |       1.800 |     0.000 |       0.000 |      0.000 |       NA    | Unspecified | NA         |
| Vccbram   |       1.000 |     0.003 |       0.000 |      0.002 |       NA    | Unspecified | NA         |
| MGTAVcc   |       1.000 |     0.000 |       0.000 |      0.000 |       NA    | Unspecified | NA         |
| MGTAVtt   |       1.200 |     0.000 |       0.000 |      0.000 |       NA    | Unspecified | NA         |
| MGTVccaux |       1.800 |     0.000 |       0.000 |      0.000 |       NA    | Unspecified | NA         |
| Vccadc    |       1.800 |     0.020 |       0.000 |      0.020 |       NA    | Unspecified | NA         |
+-----------+-------------+-----------+-------------+------------+-------------+-------------+------------+


1.3 Confidence Level
--------------------

+-----------------------------+------------+-------------------------------------------------------+------------------------------------------------------------------------------------------------------------+
| User Input Data             | Confidence | Details                                               | Action                                                                                                     |
+-----------------------------+------------+-------------------------------------------------------+------------------------------------------------------------------------------------------------------------+
| Design implementation state | High       | Design is routed                                      |                                                                                                            |
| Clock nodes activity        | High       | User specified more than 95% of clocks                |                                                                                                            |
| I/O nodes activity          | Medium     | More than 5% of inputs are missing user specification | Provide missing input activity with simulation results or by editing the "By Resource Type -> I/Os" view   |
| Internal nodes activity     | Medium     | User specified less than 25% of internal nodes        | Provide missing internal nodes activity with simulation results or by editing the "By Resource Type" views |
| Device models               | High       | Device models are Production                          |                                                                                                            |
|                             |            |                                                       |                                                                                                            |
| Overall confidence level    | Medium     |                                                       |                                                                                                            |
+-----------------------------+------------+-------------------------------------------------------+------------------------------------------------------------------------------------------------------------+


2. Settings
-----------

2.1 Environment
---------------

+-----------------------+--------------------------+
| Ambient Temp (C)      | 25.0                     |
| ThetaJA (C/W)         | 1.8                      |
| Airflow (LFM)         | 250                      |
| Heat Sink             | medium (Medium Profile)  |
| ThetaSA (C/W)         | 3.3                      |
| Board Selection       | medium (10"x10")         |
| # of Board Layers     | 12to15 (12 to 15 Layers) |
| Board Temperature (C) | 25.0                     |
+-----------------------+--------------------------+


2.2 Clock Constraints
---------------------

+---------------------------------+-----------------------------------------------------------------------------+-----------------+
| Clock                           | Domain                                                                      | Constraint (ns) |
+---------------------------------+-----------------------------------------------------------------------------+-----------------+
| clk_50000000_xilinx_clock_pll_0 | i_platform/i_pll0/i_xilinx_clock_pll_0/inst/clk_50000000_xilinx_clock_pll_0 |            20.0 |
| clkfbout_xilinx_clock_pll_0     | i_platform/i_pll0/i_xilinx_clock_pll_0/inst/clkfbout_xilinx_clock_pll_0     |             5.0 |
| external_clk_0                  | external_clk_0                                                              |             5.0 |
| pjtag_rclk                      | pjtag_rtck                                                                  |           100.0 |
+---------------------------------+-----------------------------------------------------------------------------+-----------------+


3. Detailed Reports
-------------------

3.1 By Hierarchy
----------------

+-----------------------------------------------------+-----------+---------+-----------+------+--------+----------+------------+---------+-----------+--------+----------+-------+---------+------------+--------------+
| Name                                                | Power (W) | Clock # | Clock (W) | Io # | Io (W) | Signal # | Signal (W) | Logic # | Logic (W) | Bram # | Bram (W) | Dsp # | Dsp (W) | Clock IP # | Clock IP (W) |
+-----------------------------------------------------+-----------+---------+-----------+------+--------+----------+------------+---------+-----------+--------+----------+-------+---------+------------+--------------+
| TIP_EMAMBA_V1_FPGA                                  |     0.341 |       6 |     0.074 |   10 |  0.004 |   215252 |      0.078 |  255356 |     0.052 |     32 |    0.002 |   300 |   0.025 |          1 |        0.107 |
|   i_platform                                        |     0.337 |       6 |     0.074 |    1 |  0.004 |   196740 |      0.075 |  246113 |     0.051 |     32 |    0.002 |   300 |   0.025 |          1 |        0.107 |
|     i_pll0                                          |     0.113 |       6 |     0.002 |    1 |  0.004 |        0 |      0.000 |       2 |     0.000 |      0 |    0.000 |     0 |   0.000 |          1 |        0.107 |
|       i_xilinx_clock_pll_0                          |     0.113 |       6 |     0.002 |    1 |  0.004 |        0 |      0.000 |       2 |     0.000 |      0 |    0.000 |     0 |   0.000 |          1 |        0.107 |
|         inst                                        |     0.113 |       6 |     0.002 |    1 |  0.004 |        0 |      0.000 |       2 |     0.000 |      0 |    0.000 |     0 |   0.000 |          1 |        0.107 |
|     i_rtl                                           |     0.039 |       6 |     0.014 |    0 |  0.000 |    22785 |      0.015 |   28265 |     0.008 |      0 |    0.000 |     4 |   0.002 |          0 |        0.000 |
|       default_slave                                 |     0.001 |       6 |    <0.001 |    0 |  0.000 |     1123 |     <0.001 |    1337 |    <0.001 |      0 |    0.000 |     0 |   0.000 |          0 |        0.000 |
|       external_peri_group                           |     0.001 |       6 |     0.001 |    0 |  0.000 |     1793 |     <0.001 |    2598 |    <0.001 |      0 |    0.000 |     0 |   0.000 |          0 |        0.000 |
|       i_main_core                                   |     0.014 |       6 |     0.002 |    0 |  0.000 |     4093 |      0.006 |    5182 |     0.004 |      0 |    0.000 |     4 |   0.002 |          0 |        0.000 |
|         i_orca                                      |     0.014 |       6 |     0.002 |    0 |  0.000 |     4093 |      0.006 |    5182 |     0.004 |      0 |    0.000 |     4 |   0.002 |          0 |        0.000 |
|           core                                      |     0.013 |       6 |     0.002 |    0 |  0.000 |     3766 |      0.006 |    4791 |     0.003 |      0 |    0.000 |     4 |   0.002 |          0 |        0.000 |
|             D__0                                    |     0.004 |       6 |     0.001 |    0 |  0.000 |     2006 |      0.002 |    2816 |     0.002 |      0 |    0.000 |     0 |   0.000 |          0 |        0.000 |
|               the_register_file                     |     0.002 |       6 |     0.001 |    0 |  0.000 |     1460 |     <0.001 |    2040 |    <0.001 |      0 |    0.000 |     0 |   0.000 |          0 |        0.000 |
|             X                                       |     0.008 |       6 |    <0.001 |    0 |  0.000 |     1637 |      0.004 |    1782 |     0.002 |      0 |    0.000 |     4 |   0.002 |          0 |        0.000 |
|               alu                                   |     0.006 |       6 |    <0.001 |    0 |  0.000 |     1080 |      0.002 |    1099 |     0.001 |      0 |    0.000 |     4 |   0.002 |          0 |        0.000 |
|                 divide_gen.div                      |     0.001 |       6 |    <0.001 |    0 |  0.000 |      506 |     <0.001 |     666 |    <0.001 |      0 |    0.000 |     0 |   0.000 |          0 |        0.000 |
|               syscall                               |     0.001 |       6 |    <0.001 |    0 |  0.000 |      279 |      0.001 |     442 |    <0.001 |      0 |    0.000 |     0 |   0.000 |          0 |        0.000 |
|       i_mnim_i_main_core_data                       |     0.001 |       6 |    <0.001 |    0 |  0.000 |     1063 |     <0.001 |    1234 |    <0.001 |      0 |    0.000 |     0 |   0.000 |          0 |        0.000 |
|       i_mnim_platform_controller_master             |     0.001 |       6 |    <0.001 |    0 |  0.000 |     1161 |     <0.001 |    1342 |    <0.001 |      0 |    0.000 |     0 |   0.000 |          0 |        0.000 |
|       i_snim_common_peri_group_no_name              |     0.001 |       6 |    <0.001 |    0 |  0.000 |     1149 |     <0.001 |    1324 |    <0.001 |      0 |    0.000 |     0 |   0.000 |          0 |        0.000 |
|       i_snim_eMamba_IP_slave                        |     0.003 |       6 |    <0.001 |    0 |  0.000 |      936 |      0.002 |    1071 |    <0.001 |      0 |    0.000 |     0 |   0.000 |          0 |        0.000 |
|         i_munoc_instance_0                          |     0.003 |       6 |    <0.001 |    0 |  0.000 |      936 |      0.002 |    1071 |    <0.001 |      0 |    0.000 |     0 |   0.000 |          0 |        0.000 |
|           i_munoc_instance_0                        |     0.003 |       6 |    <0.001 |    0 |  0.000 |      936 |      0.002 |    1063 |    <0.001 |      0 |    0.000 |     0 |   0.000 |          0 |        0.000 |
|             i_munoc_instance_2                      |     0.002 |       6 |    <0.001 |    0 |  0.000 |      505 |      0.002 |     532 |    <0.001 |      0 |    0.000 |     0 |   0.000 |          0 |        0.000 |
|               i_munoc_instance_2                    |     0.002 |       6 |    <0.001 |    0 |  0.000 |      211 |      0.002 |     215 |    <0.001 |      0 |    0.000 |     0 |   0.000 |          0 |        0.000 |
|                 i_gen_buffer[0].i_munoc_instance_0  |     0.002 |       6 |    <0.001 |    0 |  0.000 |      211 |      0.002 |     215 |    <0.001 |      0 |    0.000 |     0 |   0.000 |          0 |        0.000 |
|                   i_rvx_instance_0                  |     0.002 |       6 |    <0.001 |    0 |  0.000 |       68 |      0.002 |      68 |    <0.001 |      0 |    0.000 |     0 |   0.000 |          0 |        0.000 |
|       i_snim_external_peri_group_no_name            |     0.001 |       6 |    <0.001 |    0 |  0.000 |     1257 |     <0.001 |    1447 |    <0.001 |      0 |    0.000 |     0 |   0.000 |          0 |        0.000 |
|       i_snim_platform_controller_no_name            |     0.001 |       6 |    <0.001 |    0 |  0.000 |     1260 |     <0.001 |    1444 |    <0.001 |      0 |    0.000 |     0 |   0.000 |          0 |        0.000 |
|       i_system_router                               |     0.001 |       6 |    <0.001 |    0 |  0.000 |     1189 |     <0.001 |    1321 |    <0.001 |      0 |    0.000 |     0 |   0.000 |          0 |        0.000 |
|       platform_controller                           |     0.012 |       6 |     0.005 |    0 |  0.000 |     5825 |      0.004 |    7682 |     0.003 |      0 |    0.000 |     0 |   0.000 |          0 |        0.000 |
|         i_rvx_instance_4                            |     0.011 |       6 |     0.005 |    0 |  0.000 |     5243 |      0.004 |    6978 |     0.003 |      0 |    0.000 |     0 |   0.000 |          0 |        0.000 |
|           i_rvx_instance_1                          |     0.009 |       6 |     0.004 |    0 |  0.000 |     4701 |      0.003 |    6314 |     0.002 |      0 |    0.000 |     0 |   0.000 |          0 |        0.000 |
|             i_rvx_instance_2                        |     0.005 |       6 |     0.002 |    0 |  0.000 |     2342 |      0.002 |    3135 |     0.001 |      0 |    0.000 |     0 |   0.000 |          0 |        0.000 |
|               i_rvx_instance_0                      |     0.001 |       6 |    <0.001 |    0 |  0.000 |       22 |      0.001 |      24 |    <0.001 |      0 |    0.000 |     0 |   0.000 |          0 |        0.000 |
|               i_rvx_instance_4                      |     0.002 |       6 |     0.000 |    0 |  0.000 |      160 |     <0.001 |     928 |     0.001 |      0 |    0.000 |     0 |   0.000 |          0 |        0.000 |
|             i_rvx_instance_3                        |     0.004 |       6 |     0.002 |    0 |  0.000 |     2285 |      0.001 |    3102 |    <0.001 |      0 |    0.000 |     0 |   0.000 |          0 |        0.000 |
|           i_rvx_instance_2                          |     0.001 |       6 |    <0.001 |    0 |  0.000 |      257 |     <0.001 |     280 |    <0.001 |      0 |    0.000 |     0 |   0.000 |          0 |        0.000 |
|     i_system_sram                                   |     0.002 |       6 |    <0.001 |    0 |  0.000 |      515 |     <0.001 |     527 |    <0.001 |     32 |    0.002 |     0 |   0.000 |          0 |        0.000 |
|       generate_cell[0].i_cell                       |     0.002 |       6 |    <0.001 |    0 |  0.000 |       32 |     <0.001 |       3 |     0.000 |     32 |    0.002 |     0 |   0.000 |          0 |        0.000 |
|     my_emamba_ip                                    |     0.182 |       6 |     0.057 |    0 |  0.000 |   173440 |      0.060 |  217319 |     0.043 |      0 |    0.000 |   296 |   0.023 |          0 |        0.000 |
|       S_AXI                                         |     0.013 |       6 |     0.010 |    0 |  0.000 |    13249 |      0.002 |   18920 |     0.001 |      0 |    0.000 |     0 |   0.000 |          0 |        0.000 |
|       eMamba                                        |     0.169 |       6 |     0.047 |    0 |  0.000 |   160191 |      0.058 |  198399 |     0.042 |      0 |    0.000 |   296 |   0.023 |          0 |        0.000 |
|         MAMBA_1st                                   |     0.118 |       6 |     0.022 |    0 |  0.000 |    76961 |      0.043 |   95263 |     0.030 |      0 |    0.000 |   112 |   0.023 |          0 |        0.000 |
|           Convolution1D                             |     0.005 |       6 |    <0.001 |    0 |  0.000 |     5197 |      0.003 |    5877 |     0.001 |      0 |    0.000 |     0 |   0.000 |          0 |        0.000 |
|             matMult_40                              |     0.004 |       6 |     0.000 |    0 |  0.000 |     4420 |      0.003 |    3683 |     0.001 |      0 |    0.000 |     0 |   0.000 |          0 |        0.000 |
|               activator_dOut                        |     0.004 |       6 |     0.000 |    0 |  0.000 |     4420 |      0.003 |    3683 |     0.001 |      0 |    0.000 |     0 |   0.000 |          0 |        0.000 |
|                 shifter_right                       |     0.004 |       6 |     0.000 |    0 |  0.000 |     4420 |      0.003 |    3683 |     0.001 |      0 |    0.000 |     0 |   0.000 |          0 |        0.000 |
|           LightNorm                                 |     0.068 |       6 |     0.001 |    0 |  0.000 |     6857 |      0.025 |    8800 |     0.021 |      0 |    0.000 |    40 |   0.021 |          0 |        0.000 |
|             LightNorm_compute[0].LightNorm_compute  |     0.002 |       6 |    <0.001 |    0 |  0.000 |      213 |     <0.001 |     249 |    <0.001 |      0 |    0.000 |     2 |   0.001 |          0 |        0.000 |
|             LightNorm_compute[10].LightNorm_compute |     0.002 |       6 |    <0.001 |    0 |  0.000 |      213 |     <0.001 |     249 |    <0.001 |      0 |    0.000 |     2 |   0.001 |          0 |        0.000 |
|             LightNorm_compute[11].LightNorm_compute |     0.002 |       6 |    <0.001 |    0 |  0.000 |      214 |     <0.001 |     249 |    <0.001 |      0 |    0.000 |     2 |   0.001 |          0 |        0.000 |
|             LightNorm_compute[12].LightNorm_compute |     0.002 |       6 |    <0.001 |    0 |  0.000 |      213 |     <0.001 |     249 |    <0.001 |      0 |    0.000 |     2 |   0.001 |          0 |        0.000 |
|             LightNorm_compute[13].LightNorm_compute |     0.002 |       6 |    <0.001 |    0 |  0.000 |      213 |     <0.001 |     248 |    <0.001 |      0 |    0.000 |     2 |   0.001 |          0 |        0.000 |
|             LightNorm_compute[14].LightNorm_compute |     0.002 |       6 |    <0.001 |    0 |  0.000 |      214 |     <0.001 |     250 |    <0.001 |      0 |    0.000 |     2 |   0.001 |          0 |        0.000 |
|             LightNorm_compute[15].LightNorm_compute |     0.002 |       6 |    <0.001 |    0 |  0.000 |      216 |     <0.001 |     250 |    <0.001 |      0 |    0.000 |     2 |   0.001 |          0 |        0.000 |
|             LightNorm_compute[16].LightNorm_compute |     0.002 |       6 |    <0.001 |    0 |  0.000 |      214 |     <0.001 |     249 |    <0.001 |      0 |    0.000 |     2 |   0.001 |          0 |        0.000 |
|             LightNorm_compute[17].LightNorm_compute |     0.002 |       6 |    <0.001 |    0 |  0.000 |      212 |     <0.001 |     248 |    <0.001 |      0 |    0.000 |     2 |   0.001 |          0 |        0.000 |
|             LightNorm_compute[18].LightNorm_compute |     0.002 |       6 |    <0.001 |    0 |  0.000 |      215 |     <0.001 |     250 |    <0.001 |      0 |    0.000 |     2 |   0.001 |          0 |        0.000 |
|             LightNorm_compute[19].LightNorm_compute |     0.002 |       6 |    <0.001 |    0 |  0.000 |      215 |     <0.001 |     252 |    <0.001 |      0 |    0.000 |     2 |   0.001 |          0 |        0.000 |
|             LightNorm_compute[1].LightNorm_compute  |     0.002 |       6 |    <0.001 |    0 |  0.000 |      213 |     <0.001 |     248 |    <0.001 |      0 |    0.000 |     2 |   0.001 |          0 |        0.000 |
|             LightNorm_compute[2].LightNorm_compute  |     0.002 |       6 |    <0.001 |    0 |  0.000 |      212 |     <0.001 |     248 |    <0.001 |      0 |    0.000 |     2 |   0.001 |          0 |        0.000 |
|             LightNorm_compute[3].LightNorm_compute  |     0.002 |       6 |    <0.001 |    0 |  0.000 |      214 |     <0.001 |     249 |    <0.001 |      0 |    0.000 |     2 |   0.001 |          0 |        0.000 |
|             LightNorm_compute[4].LightNorm_compute  |     0.002 |       6 |    <0.001 |    0 |  0.000 |      207 |     <0.001 |     242 |    <0.001 |      0 |    0.000 |     2 |   0.001 |          0 |        0.000 |
|             LightNorm_compute[5].LightNorm_compute  |     0.002 |       6 |    <0.001 |    0 |  0.000 |      213 |     <0.001 |     249 |    <0.001 |      0 |    0.000 |     2 |   0.001 |          0 |        0.000 |
|             LightNorm_compute[6].LightNorm_compute  |     0.002 |       6 |    <0.001 |    0 |  0.000 |      213 |     <0.001 |     249 |    <0.001 |      0 |    0.000 |     2 |   0.001 |          0 |        0.000 |
|             LightNorm_compute[7].LightNorm_compute  |     0.002 |       6 |    <0.001 |    0 |  0.000 |      214 |     <0.001 |     249 |    <0.001 |      0 |    0.000 |     2 |   0.001 |          0 |        0.000 |
|             LightNorm_compute[8].LightNorm_compute  |     0.002 |       6 |    <0.001 |    0 |  0.000 |      213 |     <0.001 |     249 |    <0.001 |      0 |    0.000 |     2 |   0.001 |          0 |        0.000 |
|             LightNorm_compute[9].LightNorm_compute  |     0.002 |       6 |    <0.001 |    0 |  0.000 |      211 |     <0.001 |     247 |    <0.001 |      0 |    0.000 |     2 |   0.001 |          0 |        0.000 |
|             calculator_mean                         |     0.026 |       6 |    <0.001 |    0 |  0.000 |     2070 |      0.014 |    2565 |     0.012 |      0 |    0.000 |     0 |   0.000 |          0 |        0.000 |
|           Linear_contract                           |     0.003 |       6 |    <0.001 |    0 |  0.000 |     5043 |      0.002 |    5886 |     0.001 |      0 |    0.000 |     0 |   0.000 |          0 |        0.000 |
|             matMult_40_LinCont                      |     0.002 |       6 |     0.000 |    0 |  0.000 |     4370 |      0.001 |    3627 |     0.001 |      0 |    0.000 |     0 |   0.000 |          0 |        0.000 |
|               activator_dOut                        |     0.002 |       6 |     0.000 |    0 |  0.000 |     4370 |      0.001 |    3627 |     0.001 |      0 |    0.000 |     0 |   0.000 |          0 |        0.000 |
|                 shifter_right                       |     0.002 |       6 |     0.000 |    0 |  0.000 |     4370 |      0.001 |    3627 |     0.001 |      0 |    0.000 |     0 |   0.000 |          0 |        0.000 |
|           Linear_expand_x1                          |     0.005 |       6 |    <0.001 |    0 |  0.000 |     2767 |      0.003 |    3122 |     0.001 |      0 |    0.000 |     0 |   0.000 |          0 |        0.000 |
|             saturator_dOut                          |     0.004 |       6 |     0.000 |    0 |  0.000 |     2187 |      0.003 |    1830 |     0.001 |      0 |    0.000 |     0 |   0.000 |          0 |        0.000 |
|           Linear_expand_z1                          |     0.006 |       6 |    <0.001 |    0 |  0.000 |    13718 |      0.004 |   15590 |     0.002 |      0 |    0.000 |     0 |   0.000 |          0 |        0.000 |
|             saturator_dOut                          |     0.003 |       6 |     0.000 |    0 |  0.000 |     2207 |      0.002 |    1843 |    <0.001 |      0 |    0.000 |     0 |   0.000 |          0 |        0.000 |
|           SSM                                       |     0.027 |       6 |     0.018 |    0 |  0.000 |    41434 |      0.005 |   53297 |     0.002 |      0 |    0.000 |    72 |   0.002 |          0 |        0.000 |
|             SSM_Computation                         |     0.018 |       6 |     0.011 |    0 |  0.000 |    19125 |      0.004 |   23096 |     0.002 |      0 |    0.000 |    16 |   0.002 |          0 |        0.000 |
|               SSM_y_compute                         |     0.004 |       6 |    <0.001 |    0 |  0.000 |     1290 |      0.002 |     763 |    <0.001 |      0 |    0.000 |     8 |   0.002 |          0 |        0.000 |
|                 saturator_dOut                      |     0.002 |       6 |     0.000 |    0 |  0.000 |      141 |      0.002 |     125 |    <0.001 |      0 |    0.000 |     0 |   0.000 |          0 |        0.000 |
|             SSM_Preprocess                          |     0.009 |       6 |     0.007 |    0 |  0.000 |    22309 |     <0.001 |   30201 |    <0.001 |      0 |    0.000 |    56 |   0.000 |          0 |        0.000 |
|               Dim_expand_delta_B                    |     0.003 |       6 |     0.003 |    0 |  0.000 |     4058 |      0.000 |    4338 |    <0.001 |      0 |    0.000 |     0 |   0.000 |          0 |        0.000 |
|               Exp_piecewise                         |     0.003 |       6 |     0.003 |    0 |  0.000 |     6144 |     <0.001 |    7383 |    <0.001 |      0 |    0.000 |    56 |   0.000 |          0 |        0.000 |
|               Linear_expand_dBC_B                   |     0.001 |       6 |    <0.001 |    0 |  0.000 |     3039 |     <0.001 |    4492 |    <0.001 |      0 |    0.000 |     0 |   0.000 |          0 |        0.000 |
|               Linear_expand_dBC_C                   |     0.001 |       6 |    <0.001 |    0 |  0.000 |     2727 |     <0.001 |    4331 |    <0.001 |      0 |    0.000 |     0 |   0.000 |          0 |        0.000 |
|         MAMBA_2nd                                   |     0.038 |       6 |     0.022 |    0 |  0.000 |    73299 |      0.009 |   89765 |     0.007 |      0 |    0.000 |   144 |  <0.001 |          0 |        0.000 |
|           Convolution1D                             |     0.001 |       6 |    <0.001 |    0 |  0.000 |     5077 |     <0.001 |    5821 |    <0.001 |      0 |    0.000 |     0 |   0.000 |          0 |        0.000 |
|           LightNorm                                 |     0.007 |       6 |     0.001 |    0 |  0.000 |     6858 |      0.003 |    8802 |     0.003 |      0 |    0.000 |    40 |   0.000 |          0 |        0.000 |
|             calculator_mean                         |     0.002 |       6 |    <0.001 |    0 |  0.000 |     2071 |      0.001 |    2566 |    <0.001 |      0 |    0.000 |     0 |   0.000 |          0 |        0.000 |
|           Linear_expand_x1                          |     0.001 |       6 |    <0.001 |    0 |  0.000 |     2775 |     <0.001 |    3126 |    <0.001 |      0 |    0.000 |     0 |   0.000 |          0 |        0.000 |
|           Linear_expand_z1                          |     0.004 |       6 |    <0.001 |    0 |  0.000 |    13712 |      0.002 |   15589 |     0.002 |      0 |    0.000 |     0 |   0.000 |          0 |        0.000 |
|           SSM                                       |     0.021 |       6 |     0.018 |    0 |  0.000 |    40520 |      0.002 |   52020 |     0.001 |      0 |    0.000 |    64 |  <0.001 |          0 |        0.000 |
|             SSM_Computation                         |     0.012 |       6 |     0.011 |    0 |  0.000 |    18831 |      0.001 |   22313 |    <0.001 |      0 |    0.000 |    16 |  <0.001 |          0 |        0.000 |
|             SSM_Preprocess                          |     0.009 |       6 |     0.007 |    0 |  0.000 |    21689 |     <0.001 |   29707 |    <0.001 |      0 |    0.000 |    48 |   0.000 |          0 |        0.000 |
|               Dim_expand_delta_B                    |     0.003 |       6 |     0.003 |    0 |  0.000 |     4059 |      0.000 |    4332 |    <0.001 |      0 |    0.000 |     0 |   0.000 |          0 |        0.000 |
|               Exp_piecewise                         |     0.003 |       6 |     0.003 |    0 |  0.000 |     6176 |     <0.001 |    7247 |    <0.001 |      0 |    0.000 |    48 |   0.000 |          0 |        0.000 |
|               Linear_expand_dBC_B                   |     0.001 |       6 |    <0.001 |    0 |  0.000 |     2730 |     <0.001 |    4337 |    <0.001 |      0 |    0.000 |     0 |   0.000 |          0 |        0.000 |
|               Linear_expand_dBC_C                   |     0.001 |       6 |    <0.001 |    0 |  0.000 |     2612 |     <0.001 |    4274 |    <0.001 |      0 |    0.000 |     0 |   0.000 |          0 |        0.000 |
|         Outputhead                                  |     0.012 |       6 |     0.002 |    0 |  0.000 |     8971 |      0.006 |   11808 |     0.004 |      0 |    0.000 |    40 |   0.000 |          0 |        0.000 |
|           OH_LightNorm                              |     0.007 |       6 |     0.001 |    0 |  0.000 |     6850 |      0.003 |    8794 |     0.003 |      0 |    0.000 |    40 |   0.000 |          0 |        0.000 |
|             calculator_mean                         |     0.002 |       6 |    <0.001 |    0 |  0.000 |     2069 |      0.001 |    2564 |    <0.001 |      0 |    0.000 |     0 |   0.000 |          0 |        0.000 |
|           OH_Linear_expand                          |     0.004 |       6 |    <0.001 |    0 |  0.000 |     2121 |      0.003 |    3014 |    <0.001 |      0 |    0.000 |     0 |   0.000 |          0 |        0.000 |
|             matMult_20                              |     0.001 |       6 |     0.000 |    0 |  0.000 |     1359 |     <0.001 |    2228 |    <0.001 |      0 |    0.000 |     0 |   0.000 |          0 |        0.000 |
|             saturator_dOut                          |     0.002 |       6 |     0.000 |    0 |  0.000 |       12 |      0.002 |      13 |    <0.001 |      0 |    0.000 |     0 |   0.000 |          0 |        0.000 |
|         Patchembedding                              |     0.002 |       6 |    <0.001 |    0 |  0.000 |      936 |      0.001 |    1522 |    <0.001 |      0 |    0.000 |     0 |   0.000 |          0 |        0.000 |
|           Patch_Linear                              |     0.002 |       6 |    <0.001 |    0 |  0.000 |      936 |      0.001 |    1522 |    <0.001 |      0 |    0.000 |     0 |   0.000 |          0 |        0.000 |
|             saturator_dOut                          |     0.001 |       6 |     0.000 |    0 |  0.000 |       14 |     <0.001 |      26 |    <0.001 |      0 |    0.000 |     0 |   0.000 |          0 |        0.000 |
+-----------------------------------------------------+-----------+---------+-----------+------+--------+----------+------------+---------+-----------+--------+----------+-------+---------+------------+--------------+


