Copyright 1986-2022 Xilinx, Inc. All Rights Reserved. Copyright 2022-2024 Advanced Micro Devices, Inc. All Rights Reserved.
-------------------------------------------------------------------------------------------------------------------------------------------------------------------
| Tool Version : Vivado v.2024.1 (lin64) Build 5076996 Wed May 22 18:36:09 MDT 2024
| Date         : Fri Jul  3 22:31:34 2026
| Host         : Venus running 64-bit Ubuntu 22.04.5 LTS
| Command      : report_timing_summary -file /home/sanghun/RVX/rvx-tutorials/platform/tip_emamba_v1/imp_genesys2-eb_2026-07-03/imp_result/route_timing_summary.rpt
| Design       : TIP_EMAMBA_V1_FPGA
| Device       : 7k325t-ffg900
| Speed File   : -2  PRODUCTION 1.12 2017-02-17
| Design State : Routed
-------------------------------------------------------------------------------------------------------------------------------------------------------------------

Timing Summary Report

------------------------------------------------------------------------------------------------
| Timer Settings
| --------------
------------------------------------------------------------------------------------------------

  Enable Multi Corner Analysis               :  Yes
  Enable Pessimism Removal                   :  Yes
  Pessimism Removal Resolution               :  Nearest Common Node
  Enable Input Delay Default Clock           :  No
  Enable Preset / Clear Arcs                 :  No
  Disable Flight Delays                      :  No
  Ignore I/O Paths                           :  No
  Timing Early Launch at Borrowing Latches   :  No
  Borrow Time for Max Delay Exceptions       :  Yes
  Merge Timing Exceptions                    :  Yes
  Inter-SLR Compensation                     :  Conservative

  Corner  Analyze    Analyze    
  Name    Max Paths  Min Paths  
  ------  ---------  ---------  
  Slow    Yes        Yes        
  Fast    Yes        Yes        


------------------------------------------------------------------------------------------------
| Report Methodology
| ------------------
------------------------------------------------------------------------------------------------

No report available as report_methodology has not been run prior. Run report_methodology on the current design for the summary of methodology violations.



check_timing report

Table of Contents
-----------------
1. checking no_clock (0)
2. checking constant_clock (0)
3. checking pulse_width_clock (0)
4. checking unconstrained_internal_endpoints (0)
5. checking no_input_delay (3)
6. checking no_output_delay (1)
7. checking multiple_clock (0)
8. checking generated_clocks (0)
9. checking loops (0)
10. checking partial_input_delay (0)
11. checking partial_output_delay (0)
12. checking latch_loops (0)

1. checking no_clock (0)
------------------------
 There are 0 register/latch pins with no clock.


2. checking constant_clock (0)
------------------------------
 There are 0 register/latch pins with constant_clock.


3. checking pulse_width_clock (0)
---------------------------------
 There are 0 register/latch pins which need pulse_width check


4. checking unconstrained_internal_endpoints (0)
------------------------------------------------
 There are 0 pins that are not constrained for maximum delay.

 There are 0 pins that are not constrained for maximum delay due to constant clock.


5. checking no_input_delay (3)
------------------------------
 There are 3 input ports with no input delay specified. (HIGH)

 There are 0 input ports with no input delay but user has a false path constraint.


6. checking no_output_delay (1)
-------------------------------
 There is 1 port with no output delay specified. (HIGH)

 There are 0 ports with no output delay but user has a false path constraint

 There are 0 ports with no output delay but with a timing clock defined on it or propagating through it


7. checking multiple_clock (0)
------------------------------
 There are 0 register/latch pins with multiple clocks.


8. checking generated_clocks (0)
--------------------------------
 There are 0 generated clocks that are not connected to a clock source.


9. checking loops (0)
---------------------
 There are 0 combinational loops in the design.


10. checking partial_input_delay (0)
------------------------------------
 There are 0 input ports with partial input delay specified.


11. checking partial_output_delay (0)
-------------------------------------
 There are 0 ports with partial output delay specified.


12. checking latch_loops (0)
----------------------------
 There are 0 combinational latch loops in the design through latch input



------------------------------------------------------------------------------------------------
| Design Timing Summary
| ---------------------
------------------------------------------------------------------------------------------------

    WNS(ns)      TNS(ns)  TNS Failing Endpoints  TNS Total Endpoints      WHS(ns)      THS(ns)  THS Failing Endpoints  THS Total Endpoints     WPWS(ns)     TPWS(ns)  TPWS Failing Endpoints  TPWS Total Endpoints  
    -------      -------  ---------------------  -------------------      -------      -------  ---------------------  -------------------     --------     --------  ----------------------  --------------------  
      0.872        0.000                      0               192646        0.021        0.000                      0               192646        1.100        0.000                       0                 76077  


All user specified timing constraints are met.


------------------------------------------------------------------------------------------------
| Clock Summary
| -------------
------------------------------------------------------------------------------------------------

Clock                              Waveform(ns)         Period(ns)      Frequency(MHz)
-----                              ------------         ----------      --------------
external_clk_0                     {0.000 2.500}        5.000           200.000         
  clk_50000000_xilinx_clock_pll_0  {0.000 10.000}       20.000          50.000          
  clkfbout_xilinx_clock_pll_0      {0.000 2.500}        5.000           200.000         
pjtag_rclk                         {0.000 50.000}       100.000         10.000          


------------------------------------------------------------------------------------------------
| Intra Clock Table
| -----------------
------------------------------------------------------------------------------------------------

Clock                                  WNS(ns)      TNS(ns)  TNS Failing Endpoints  TNS Total Endpoints      WHS(ns)      THS(ns)  THS Failing Endpoints  THS Total Endpoints     WPWS(ns)     TPWS(ns)  TPWS Failing Endpoints  TPWS Total Endpoints  
-----                                  -------      -------  ---------------------  -------------------      -------      -------  ---------------------  -------------------     --------     --------  ----------------------  --------------------  
external_clk_0                                                                                                                                                                       1.100        0.000                       0                     1  
  clk_50000000_xilinx_clock_pll_0        0.872        0.000                      0               182261        0.021        0.000                      0               182261        9.232        0.000                       0                 75819  
  clkfbout_xilinx_clock_pll_0                                                                                                                                                        3.592        0.000                       0                     3  
pjtag_rclk                              14.639        0.000                      0                  351        0.108        0.000                      0                  351       49.600        0.000                       0                   254  


------------------------------------------------------------------------------------------------
| Inter Clock Table
| -----------------
------------------------------------------------------------------------------------------------

From Clock    To Clock          WNS(ns)      TNS(ns)  TNS Failing Endpoints  TNS Total Endpoints      WHS(ns)      THS(ns)  THS Failing Endpoints  THS Total Endpoints  
----------    --------          -------      -------  ---------------------  -------------------      -------      -------  ---------------------  -------------------  


------------------------------------------------------------------------------------------------
| Other Path Groups Table
| -----------------------
------------------------------------------------------------------------------------------------

Path Group                       From Clock                       To Clock                             WNS(ns)      TNS(ns)  TNS Failing Endpoints  TNS Total Endpoints      WHS(ns)      THS(ns)  THS Failing Endpoints  THS Total Endpoints  
----------                       ----------                       --------                             -------      -------  ---------------------  -------------------      -------      -------  ---------------------  -------------------  
**async_default**                clk_50000000_xilinx_clock_pll_0  clk_50000000_xilinx_clock_pll_0        3.690        0.000                      0                10034        0.484        0.000                      0                10034  


------------------------------------------------------------------------------------------------
| Timing Details
| --------------
------------------------------------------------------------------------------------------------


---------------------------------------------------------------------------------------------------
From Clock:  external_clk_0
  To Clock:  external_clk_0

Setup :           NA  Failing Endpoints,  Worst Slack           NA  ,  Total Violation           NA
Hold  :           NA  Failing Endpoints,  Worst Slack           NA  ,  Total Violation           NA
PW    :            0  Failing Endpoints,  Worst Slack        1.100ns,  Total Violation        0.000ns
---------------------------------------------------------------------------------------------------


Pulse Width Checks
--------------------------------------------------------------------------------------
Clock Name:         external_clk_0
Waveform(ns):       { 0.000 2.500 }
Period(ns):         5.000
Sources:            { external_clk_0 }

Check Type        Corner  Lib Pin            Reference Pin  Required(ns)  Actual(ns)  Slack(ns)  Location         Pin
Min Period        n/a     MMCME2_ADV/CLKIN1  n/a            1.071         5.000       3.929      MMCME2_ADV_X1Y1  i_platform/i_pll0/i_xilinx_clock_pll_0/inst/mmcm_adv_inst/CLKIN1
Max Period        n/a     MMCME2_ADV/CLKIN1  n/a            100.000       5.000       95.000     MMCME2_ADV_X1Y1  i_platform/i_pll0/i_xilinx_clock_pll_0/inst/mmcm_adv_inst/CLKIN1
Low Pulse Width   Slow    MMCME2_ADV/CLKIN1  n/a            1.400         2.500       1.100      MMCME2_ADV_X1Y1  i_platform/i_pll0/i_xilinx_clock_pll_0/inst/mmcm_adv_inst/CLKIN1
High Pulse Width  Slow    MMCME2_ADV/CLKIN1  n/a            1.400         2.500       1.100      MMCME2_ADV_X1Y1  i_platform/i_pll0/i_xilinx_clock_pll_0/inst/mmcm_adv_inst/CLKIN1



---------------------------------------------------------------------------------------------------
From Clock:  clk_50000000_xilinx_clock_pll_0
  To Clock:  clk_50000000_xilinx_clock_pll_0

Setup :            0  Failing Endpoints,  Worst Slack        0.872ns,  Total Violation        0.000ns
Hold  :            0  Failing Endpoints,  Worst Slack        0.021ns,  Total Violation        0.000ns
PW    :            0  Failing Endpoints,  Worst Slack        9.232ns,  Total Violation        0.000ns
---------------------------------------------------------------------------------------------------


Max Delay Paths
--------------------------------------------------------------------------------------
Slack (MET) :             0.872ns  (required time - arrival time)
  Source:                 i_platform/my_emamba_ip/eMamba/MAMBA_2nd/SSM/SSM_Computation/SSM_y_compute/dIn2/CLK
                            (rising edge-triggered cell DSP48E1 clocked by clk_50000000_xilinx_clock_pll_0  {rise@0.000ns fall@10.000ns period=20.000ns})
  Destination:            i_platform/my_emamba_ip/eMamba/MAMBA_2nd/SSM/SSM_Computation/dOut_reg[11][2]/D
                            (rising edge-triggered cell FDRE clocked by clk_50000000_xilinx_clock_pll_0  {rise@0.000ns fall@10.000ns period=20.000ns})
  Path Group:             clk_50000000_xilinx_clock_pll_0
  Path Type:              Setup (Max at Slow Process Corner)
  Requirement:            20.000ns  (clk_50000000_xilinx_clock_pll_0 rise@20.000ns - clk_50000000_xilinx_clock_pll_0 rise@0.000ns)
  Data Path Delay:        18.385ns  (logic 12.801ns (69.627%)  route 5.584ns (30.373%))
  Logic Levels:           18  (CARRY4=7 DSP48E1=7 LUT2=3 LUT3=1)
  Clock Path Skew:        -0.564ns (DCD - SCD + CPR)
    Destination Clock Delay (DCD):    -1.777ns = ( 18.223 - 20.000 ) 
    Source Clock Delay      (SCD):    -1.895ns
    Clock Pessimism Removal (CPR):    -0.682ns
  Clock Uncertainty:      0.075ns  ((TSJ^2 + DJ^2)^1/2) / 2 + PE
    Total System Jitter     (TSJ):    0.071ns
    Discrete Jitter          (DJ):    0.132ns
    Phase Error              (PE):    0.000ns

    Location             Delay type                Incr(ns)  Path(ns)    Netlist Resource(s)
  -------------------------------------------------------------------    -------------------
                         (clock clk_50000000_xilinx_clock_pll_0 rise edge)
                                                      0.000     0.000 r  
    AD12                                              0.000     0.000 r  external_clk_0 (IN)
                         net (fo=0)                   0.000     0.000    i_platform/i_pll0/i_xilinx_clock_pll_0/inst/clk_in1_p
    AD12                 IBUFDS (Prop_ibufds_I_O)     0.906     0.906 r  i_platform/i_pll0/i_xilinx_clock_pll_0/inst/clkin1_ibufgds/O
                         net (fo=1, routed)           1.081     1.987    i_platform/i_pll0/i_xilinx_clock_pll_0/inst/clk_in1_xilinx_clock_pll_0
    MMCME2_ADV_X1Y1      MMCME2_ADV (Prop_mmcme2_adv_CLKIN1_CLKOUT0)
                                                     -7.786    -5.799 r  i_platform/i_pll0/i_xilinx_clock_pll_0/inst/mmcm_adv_inst/CLKOUT0
                         net (fo=1, routed)           2.130    -3.669    i_platform/i_pll0/i_xilinx_clock_pll_0/inst/clk_50000000_xilinx_clock_pll_0
    BUFGCTRL_X0Y0        BUFG (Prop_bufg_I_O)         0.093    -3.576 r  i_platform/i_pll0/i_xilinx_clock_pll_0/inst/clkout1_buf/O
                         net (fo=75859, routed)       1.682    -1.895    i_platform/my_emamba_ip/eMamba/MAMBA_2nd/SSM/SSM_Computation/SSM_y_compute/clk_50000000
    DSP48_X1Y29          DSP48E1                                      r  i_platform/my_emamba_ip/eMamba/MAMBA_2nd/SSM/SSM_Computation/SSM_y_compute/dIn2/CLK
  -------------------------------------------------------------------    -------------------
    DSP48_X1Y29          DSP48E1 (Prop_dsp48e1_CLK_PCOUT[47])
                                                      3.001     1.106 r  i_platform/my_emamba_ip/eMamba/MAMBA_2nd/SSM/SSM_Computation/SSM_y_compute/dIn2/PCOUT[47]
                         net (fo=1, routed)           0.050     1.156    i_platform/my_emamba_ip/eMamba/MAMBA_2nd/SSM/SSM_Computation/SSM_y_compute/dIn2_n_106
    DSP48_X1Y30          DSP48E1 (Prop_dsp48e1_PCIN[47]_PCOUT[47])
                                                      1.219     2.375 r  i_platform/my_emamba_ip/eMamba/MAMBA_2nd/SSM/SSM_Computation/SSM_y_compute/dIn1/PCOUT[47]
                         net (fo=1, routed)           0.000     2.375    i_platform/my_emamba_ip/eMamba/MAMBA_2nd/SSM/SSM_Computation/SSM_y_compute/dIn1_n_106
    DSP48_X1Y31          DSP48E1 (Prop_dsp48e1_PCIN[47]_PCOUT[47])
                                                      1.219     3.594 r  i_platform/my_emamba_ip/eMamba/MAMBA_2nd/SSM/SSM_Computation/SSM_y_compute/dIn1__0/PCOUT[47]
                         net (fo=1, routed)           0.000     3.594    i_platform/my_emamba_ip/eMamba/MAMBA_2nd/SSM/SSM_Computation/SSM_y_compute/dIn1__0_n_106
    DSP48_X1Y32          DSP48E1 (Prop_dsp48e1_PCIN[47]_PCOUT[47])
                                                      1.219     4.813 r  i_platform/my_emamba_ip/eMamba/MAMBA_2nd/SSM/SSM_Computation/SSM_y_compute/dIn1__1/PCOUT[47]
                         net (fo=1, routed)           0.000     4.813    i_platform/my_emamba_ip/eMamba/MAMBA_2nd/SSM/SSM_Computation/SSM_y_compute/dIn1__1_n_106
    DSP48_X1Y33          DSP48E1 (Prop_dsp48e1_PCIN[47]_PCOUT[47])
                                                      1.219     6.032 r  i_platform/my_emamba_ip/eMamba/MAMBA_2nd/SSM/SSM_Computation/SSM_y_compute/dIn1__2/PCOUT[47]
                         net (fo=1, routed)           0.000     6.032    i_platform/my_emamba_ip/eMamba/MAMBA_2nd/SSM/SSM_Computation/SSM_y_compute/dIn1__2_n_106
    DSP48_X1Y34          DSP48E1 (Prop_dsp48e1_PCIN[47]_PCOUT[47])
                                                      1.219     7.251 r  i_platform/my_emamba_ip/eMamba/MAMBA_2nd/SSM/SSM_Computation/SSM_y_compute/dIn1__3/PCOUT[47]
                         net (fo=1, routed)           0.000     7.251    i_platform/my_emamba_ip/eMamba/MAMBA_2nd/SSM/SSM_Computation/SSM_y_compute/dIn1__3_n_106
    DSP48_X1Y35          DSP48E1 (Prop_dsp48e1_PCIN[47]_PCOUT[47])
                                                      1.219     8.470 r  i_platform/my_emamba_ip/eMamba/MAMBA_2nd/SSM/SSM_Computation/SSM_y_compute/dIn1__4/PCOUT[47]
                         net (fo=1, routed)           0.000     8.470    i_platform/my_emamba_ip/eMamba/MAMBA_2nd/SSM/SSM_Computation/SSM_y_compute/dIn1__4_n_106
    DSP48_X1Y36          DSP48E1 (Prop_dsp48e1_PCIN[47]_P[7])
                                                      1.077     9.547 r  i_platform/my_emamba_ip/eMamba/MAMBA_2nd/SSM/SSM_Computation/SSM_y_compute/dIn1__5/P[7]
                         net (fo=2, routed)           0.848    10.395    i_platform/my_emamba_ip/eMamba/MAMBA_2nd/SSM/SSM_Computation/SSM_y_compute/saturator_dOut/P[3]
    SLICE_X22Y100        LUT2 (Prop_lut2_I0_O)        0.043    10.438 r  i_platform/my_emamba_ip/eMamba/MAMBA_2nd/SSM/SSM_Computation/SSM_y_compute/saturator_dOut/i___325_i_19/O
                         net (fo=1, routed)           0.000    10.438    i_platform/my_emamba_ip/eMamba/MAMBA_2nd/SSM/SSM_Computation/SSM_y_compute/saturator_dOut/i___325_i_19_n_0
    SLICE_X22Y100        CARRY4 (Prop_carry4_S[3]_CO[3])
                                                      0.180    10.618 r  i_platform/my_emamba_ip/eMamba/MAMBA_2nd/SSM/SSM_Computation/SSM_y_compute/saturator_dOut/i___325_i_14/CO[3]
                         net (fo=1, routed)           0.000    10.618    i_platform/my_emamba_ip/eMamba/MAMBA_2nd/SSM/SSM_Computation/SSM_y_compute/saturator_dOut/i___325_i_14_n_0
    SLICE_X22Y101        CARRY4 (Prop_carry4_CI_CO[3])
                                                      0.054    10.672 r  i_platform/my_emamba_ip/eMamba/MAMBA_2nd/SSM/SSM_Computation/SSM_y_compute/saturator_dOut/i___325_i_9/CO[3]
                         net (fo=1, routed)           0.000    10.672    i_platform/my_emamba_ip/eMamba/MAMBA_2nd/SSM/SSM_Computation/SSM_y_compute/saturator_dOut/i___325_i_9_n_0
    SLICE_X22Y102        CARRY4 (Prop_carry4_CI_CO[3])
                                                      0.054    10.726 r  i_platform/my_emamba_ip/eMamba/MAMBA_2nd/SSM/SSM_Computation/SSM_y_compute/saturator_dOut/i___325_i_4/CO[3]
                         net (fo=1, routed)           0.000    10.726    i_platform/my_emamba_ip/eMamba/MAMBA_2nd/SSM/SSM_Computation/SSM_y_compute/saturator_dOut/i___325_i_4_n_0
    SLICE_X22Y103        CARRY4 (Prop_carry4_CI_O[2])
                                                      0.112    10.838 r  i_platform/my_emamba_ip/eMamba/MAMBA_2nd/SSM/SSM_Computation/SSM_y_compute/saturator_dOut/i___325_i_2__0/O[2]
                         net (fo=1, routed)           0.434    11.272    i_platform/my_emamba_ip/eMamba/MAMBA_2nd/SSM/SSM_Computation/SSM_y_compute/saturator_dOut/lsb
    SLICE_X22Y108        LUT2 (Prop_lut2_I1_O)        0.127    11.399 r  i_platform/my_emamba_ip/eMamba/MAMBA_2nd/SSM/SSM_Computation/SSM_y_compute/saturator_dOut/i___325_i_3/O
                         net (fo=1, routed)           0.000    11.399    i_platform/my_emamba_ip/eMamba/MAMBA_2nd/SSM/SSM_Computation/SSM_y_compute/saturator_dOut/i___325_i_3_n_0
    SLICE_X22Y108        CARRY4 (Prop_carry4_S[0]_O[1])
                                                      0.217    11.616 f  i_platform/my_emamba_ip/eMamba/MAMBA_2nd/SSM/SSM_Computation/SSM_y_compute/saturator_dOut/i___325_i_1__0/O[1]
                         net (fo=3, routed)           0.467    12.083    i_platform/my_emamba_ip/eMamba/MAMBA_2nd/SSM/SSM_Computation/SSM_y_compute_n_444
    SLICE_X23Y116        LUT2 (Prop_lut2_I1_O)        0.131    12.214 r  i_platform/my_emamba_ip/eMamba/MAMBA_2nd/SSM/SSM_Computation/i___325/O
                         net (fo=1, routed)           0.363    12.577    i_platform/my_emamba_ip/eMamba/MAMBA_2nd/SSM/SSM_Computation/SSM_y_compute/saturator_dOut/dOut1_carry__0_0
    SLICE_X22Y118        CARRY4 (Prop_carry4_CYINIT_CO[3])
                                                      0.390    12.967 r  i_platform/my_emamba_ip/eMamba/MAMBA_2nd/SSM/SSM_Computation/SSM_y_compute/saturator_dOut/dOut1_carry/CO[3]
                         net (fo=1, routed)           0.000    12.967    i_platform/my_emamba_ip/eMamba/MAMBA_2nd/SSM/SSM_Computation/SSM_y_compute/saturator_dOut/dOut1_carry_n_0
    SLICE_X22Y119        CARRY4 (Prop_carry4_CI_CO[3])
                                                      0.054    13.021 f  i_platform/my_emamba_ip/eMamba/MAMBA_2nd/SSM/SSM_Computation/SSM_y_compute/saturator_dOut/dOut1_carry__0/CO[3]
                         net (fo=8, routed)           0.847    13.868    i_platform/my_emamba_ip/eMamba/MAMBA_2nd/SSM/SSM_Computation/SSM_y_compute/saturator_dOut/dOut1_carry__0_n_0
    SLICE_X22Y129        LUT3 (Prop_lut3_I1_O)        0.047    13.915 r  i_platform/my_emamba_ip/eMamba/MAMBA_2nd/SSM/SSM_Computation/SSM_y_compute/saturator_dOut/dOut[0][2]_i_1__0/O
                         net (fo=40, routed)          2.576    16.490    i_platform/my_emamba_ip/eMamba/MAMBA_2nd/SSM/SSM_Computation/output_y[2]
    SLICE_X109Y180       FDRE                                         r  i_platform/my_emamba_ip/eMamba/MAMBA_2nd/SSM/SSM_Computation/dOut_reg[11][2]/D
  -------------------------------------------------------------------    -------------------

                         (clock clk_50000000_xilinx_clock_pll_0 rise edge)
                                                     20.000    20.000 r  
    AD12                                              0.000    20.000 r  external_clk_0 (IN)
                         net (fo=0)                   0.000    20.000    i_platform/i_pll0/i_xilinx_clock_pll_0/inst/clk_in1_p
    AD12                 IBUFDS (Prop_ibufds_I_O)     0.803    20.803 r  i_platform/i_pll0/i_xilinx_clock_pll_0/inst/clkin1_ibufgds/O
                         net (fo=1, routed)           0.986    21.789    i_platform/i_pll0/i_xilinx_clock_pll_0/inst/clk_in1_xilinx_clock_pll_0
    MMCME2_ADV_X1Y1      MMCME2_ADV (Prop_mmcme2_adv_CLKIN1_CLKOUT0)
                                                     -6.759    15.030 r  i_platform/i_pll0/i_xilinx_clock_pll_0/inst/mmcm_adv_inst/CLKOUT0
                         net (fo=1, routed)           2.005    17.035    i_platform/i_pll0/i_xilinx_clock_pll_0/inst/clk_50000000_xilinx_clock_pll_0
    BUFGCTRL_X0Y0        BUFG (Prop_bufg_I_O)         0.083    17.118 r  i_platform/i_pll0/i_xilinx_clock_pll_0/inst/clkout1_buf/O
                         net (fo=75859, routed)       1.105    18.223    i_platform/my_emamba_ip/eMamba/MAMBA_2nd/SSM/SSM_Computation/clk_50000000
    SLICE_X109Y180       FDRE                                         r  i_platform/my_emamba_ip/eMamba/MAMBA_2nd/SSM/SSM_Computation/dOut_reg[11][2]/C
                         clock pessimism             -0.682    17.542    
                         clock uncertainty           -0.075    17.467    
    SLICE_X109Y180       FDRE (Setup_fdre_C_D)       -0.104    17.363    i_platform/my_emamba_ip/eMamba/MAMBA_2nd/SSM/SSM_Computation/dOut_reg[11][2]
  -------------------------------------------------------------------
                         required time                         17.363    
                         arrival time                         -16.490    
  -------------------------------------------------------------------
                         slack                                  0.872    





Min Delay Paths
--------------------------------------------------------------------------------------
Slack (MET) :             0.021ns  (arrival time - required time)
  Source:                 i_platform/my_emamba_ip/eMamba/MAMBA_1st/SSM/SSM_Preprocess/Exp_piecewise/dOut_mem_reg[29][5][1]/C
                            (rising edge-triggered cell FDSE clocked by clk_50000000_xilinx_clock_pll_0  {rise@0.000ns fall@10.000ns period=20.000ns})
  Destination:            i_platform/my_emamba_ip/eMamba/MAMBA_1st/SSM/SSM_Computation/delta_A_mem_reg[29][5][1]/D
                            (rising edge-triggered cell FDRE clocked by clk_50000000_xilinx_clock_pll_0  {rise@0.000ns fall@10.000ns period=20.000ns})
  Path Group:             clk_50000000_xilinx_clock_pll_0
  Path Type:              Hold (Min at Fast Process Corner)
  Requirement:            0.000ns  (clk_50000000_xilinx_clock_pll_0 rise@0.000ns - clk_50000000_xilinx_clock_pll_0 rise@0.000ns)
  Data Path Delay:        0.203ns  (logic 0.100ns (49.252%)  route 0.103ns (50.748%))
  Logic Levels:           0  
  Clock Path Skew:        0.139ns (DCD - SCD - CPR)
    Destination Clock Delay (DCD):    -0.538ns
    Source Clock Delay      (SCD):    -0.475ns
    Clock Pessimism Removal (CPR):    -0.203ns

    Location             Delay type                Incr(ns)  Path(ns)    Netlist Resource(s)
  -------------------------------------------------------------------    -------------------
                         (clock clk_50000000_xilinx_clock_pll_0 rise edge)
                                                      0.000     0.000 r  
    AD12                                              0.000     0.000 r  external_clk_0 (IN)
                         net (fo=0)                   0.000     0.000    i_platform/i_pll0/i_xilinx_clock_pll_0/inst/clk_in1_p
    AD12                 IBUFDS (Prop_ibufds_I_O)     0.388     0.388 r  i_platform/i_pll0/i_xilinx_clock_pll_0/inst/clkin1_ibufgds/O
                         net (fo=1, routed)           0.503     0.891    i_platform/i_pll0/i_xilinx_clock_pll_0/inst/clk_in1_xilinx_clock_pll_0
    MMCME2_ADV_X1Y1      MMCME2_ADV (Prop_mmcme2_adv_CLKIN1_CLKOUT0)
                                                     -3.040    -2.149 r  i_platform/i_pll0/i_xilinx_clock_pll_0/inst/mmcm_adv_inst/CLKOUT0
                         net (fo=1, routed)           0.940    -1.209    i_platform/i_pll0/i_xilinx_clock_pll_0/inst/clk_50000000_xilinx_clock_pll_0
    BUFGCTRL_X0Y0        BUFG (Prop_bufg_I_O)         0.026    -1.183 r  i_platform/i_pll0/i_xilinx_clock_pll_0/inst/clkout1_buf/O
                         net (fo=75859, routed)       0.708    -0.475    i_platform/my_emamba_ip/eMamba/MAMBA_1st/SSM/SSM_Preprocess/Exp_piecewise/clk_50000000
    SLICE_X97Y49         FDSE                                         r  i_platform/my_emamba_ip/eMamba/MAMBA_1st/SSM/SSM_Preprocess/Exp_piecewise/dOut_mem_reg[29][5][1]/C
  -------------------------------------------------------------------    -------------------
    SLICE_X97Y49         FDSE (Prop_fdse_C_Q)         0.100    -0.375 r  i_platform/my_emamba_ip/eMamba/MAMBA_1st/SSM/SSM_Preprocess/Exp_piecewise/dOut_mem_reg[29][5][1]/Q
                         net (fo=1, routed)           0.103    -0.272    i_platform/my_emamba_ip/eMamba/MAMBA_1st/SSM/SSM_Computation/delta_A_mem_reg[29][5][7]_0[1]
    SLICE_X97Y50         FDRE                                         r  i_platform/my_emamba_ip/eMamba/MAMBA_1st/SSM/SSM_Computation/delta_A_mem_reg[29][5][1]/D
  -------------------------------------------------------------------    -------------------

                         (clock clk_50000000_xilinx_clock_pll_0 rise edge)
                                                      0.000     0.000 r  
    AD12                                              0.000     0.000 r  external_clk_0 (IN)
                         net (fo=0)                   0.000     0.000    i_platform/i_pll0/i_xilinx_clock_pll_0/inst/clk_in1_p
    AD12                 IBUFDS (Prop_ibufds_I_O)     0.470     0.470 r  i_platform/i_pll0/i_xilinx_clock_pll_0/inst/clkin1_ibufgds/O
                         net (fo=1, routed)           0.553     1.023    i_platform/i_pll0/i_xilinx_clock_pll_0/inst/clk_in1_xilinx_clock_pll_0
    MMCME2_ADV_X1Y1      MMCME2_ADV (Prop_mmcme2_adv_CLKIN1_CLKOUT0)
                                                     -3.493    -2.470 r  i_platform/i_pll0/i_xilinx_clock_pll_0/inst/mmcm_adv_inst/CLKOUT0
                         net (fo=1, routed)           1.007    -1.463    i_platform/i_pll0/i_xilinx_clock_pll_0/inst/clk_50000000_xilinx_clock_pll_0
    BUFGCTRL_X0Y0        BUFG (Prop_bufg_I_O)         0.030    -1.433 r  i_platform/i_pll0/i_xilinx_clock_pll_0/inst/clkout1_buf/O
                         net (fo=75859, routed)       0.895    -0.538    i_platform/my_emamba_ip/eMamba/MAMBA_1st/SSM/SSM_Computation/clk_50000000
    SLICE_X97Y50         FDRE                                         r  i_platform/my_emamba_ip/eMamba/MAMBA_1st/SSM/SSM_Computation/delta_A_mem_reg[29][5][1]/C
                         clock pessimism              0.203    -0.336    
    SLICE_X97Y50         FDRE (Hold_fdre_C_D)         0.043    -0.293    i_platform/my_emamba_ip/eMamba/MAMBA_1st/SSM/SSM_Computation/delta_A_mem_reg[29][5][1]
  -------------------------------------------------------------------
                         required time                          0.293    
                         arrival time                          -0.272    
  -------------------------------------------------------------------
                         slack                                  0.021    





Pulse Width Checks
--------------------------------------------------------------------------------------
Clock Name:         clk_50000000_xilinx_clock_pll_0
Waveform(ns):       { 0.000 10.000 }
Period(ns):         20.000
Sources:            { i_platform/i_pll0/i_xilinx_clock_pll_0/inst/mmcm_adv_inst/CLKOUT0 }

Check Type        Corner  Lib Pin             Reference Pin  Required(ns)  Actual(ns)  Slack(ns)  Location         Pin
Min Period        n/a     DSP48E1/CLK         n/a            2.772         20.000      17.228     DSP48_X2Y128     i_platform/i_rtl/i_main_core/i_orca/core/X/alu/mul_gen.default_mul_gen.mul_dest_reg/CLK
Max Period        n/a     MMCME2_ADV/CLKOUT0  n/a            213.360       20.000      193.360    MMCME2_ADV_X1Y1  i_platform/i_pll0/i_xilinx_clock_pll_0/inst/mmcm_adv_inst/CLKOUT0
Low Pulse Width   Slow    RAMD64E/CLK         n/a            0.768         10.000      9.232      SLICE_X2Y322     i_platform/i_rtl/external_peri_group/i_gen_valid_uart[0].i_rvx_instance_05/i_rvx_instance_0/i_rvx_instance_1/i_rvx_instance_0/i_rvx_instance_0/rvx_signal_0_reg_0_63_0_2/RAMA/CLK
High Pulse Width  Slow    RAMD64E/CLK         n/a            0.768         10.000      9.232      SLICE_X2Y322     i_platform/i_rtl/external_peri_group/i_gen_valid_uart[0].i_rvx_instance_05/i_rvx_instance_0/i_rvx_instance_1/i_rvx_instance_0/i_rvx_instance_0/rvx_signal_0_reg_0_63_0_2/RAMA/CLK



---------------------------------------------------------------------------------------------------
From Clock:  clkfbout_xilinx_clock_pll_0
  To Clock:  clkfbout_xilinx_clock_pll_0

Setup :           NA  Failing Endpoints,  Worst Slack           NA  ,  Total Violation           NA
Hold  :           NA  Failing Endpoints,  Worst Slack           NA  ,  Total Violation           NA
PW    :            0  Failing Endpoints,  Worst Slack        3.592ns,  Total Violation        0.000ns
---------------------------------------------------------------------------------------------------


Pulse Width Checks
--------------------------------------------------------------------------------------
Clock Name:         clkfbout_xilinx_clock_pll_0
Waveform(ns):       { 0.000 2.500 }
Period(ns):         5.000
Sources:            { i_platform/i_pll0/i_xilinx_clock_pll_0/inst/mmcm_adv_inst/CLKFBOUT }

Check Type  Corner  Lib Pin             Reference Pin  Required(ns)  Actual(ns)  Slack(ns)  Location         Pin
Min Period  n/a     BUFG/I              n/a            1.408         5.000       3.591      BUFGCTRL_X0Y2    i_platform/i_pll0/i_xilinx_clock_pll_0/inst/clkf_buf/I
Max Period  n/a     MMCME2_ADV/CLKFBIN  n/a            100.000       5.000       95.000     MMCME2_ADV_X1Y1  i_platform/i_pll0/i_xilinx_clock_pll_0/inst/mmcm_adv_inst/CLKFBIN



---------------------------------------------------------------------------------------------------
From Clock:  pjtag_rclk
  To Clock:  pjtag_rclk

Setup :            0  Failing Endpoints,  Worst Slack       14.639ns,  Total Violation        0.000ns
Hold  :            0  Failing Endpoints,  Worst Slack        0.108ns,  Total Violation        0.000ns
PW    :            0  Failing Endpoints,  Worst Slack       49.600ns,  Total Violation        0.000ns
---------------------------------------------------------------------------------------------------


Max Delay Paths
--------------------------------------------------------------------------------------
Slack (MET) :             14.639ns  (required time - arrival time)
  Source:                 i_platform/i_rtl/platform_controller/i_rvx_instance_4/i_rvx_instance_0/rvx_port_09_reg/C
                            (falling edge-triggered cell FDCE clocked by pjtag_rclk  {rise@0.000ns fall@50.000ns period=100.000ns})
  Destination:            pjtag_rtdo
                            (output port clocked by pjtag_rclk  {rise@0.000ns fall@50.000ns period=100.000ns})
  Path Group:             pjtag_rclk
  Path Type:              Max at Slow Process Corner
  Requirement:            50.000ns  (pjtag_rclk rise@100.000ns - pjtag_rclk fall@50.000ns)
  Data Path Delay:        4.743ns  (logic 2.669ns (56.275%)  route 2.074ns (43.725%))
  Logic Levels:           1  (OBUF=1)
  Output Delay:           25.000ns
  Clock Path Skew:        -5.583ns (DCD - SCD + CPR)
    Destination Clock Delay (DCD):    0.000ns = ( 100.000 - 100.000 ) 
    Source Clock Delay      (SCD):    5.583ns = ( 55.583 - 50.000 ) 
    Clock Pessimism Removal (CPR):    0.000ns
  Clock Uncertainty:      0.035ns  ((TSJ^2 + TIJ^2)^1/2 + DJ) / 2 + PE
    Total System Jitter     (TSJ):    0.071ns
    Total Input Jitter      (TIJ):    0.000ns
    Discrete Jitter          (DJ):    0.000ns
    Phase Error              (PE):    0.000ns

    Location             Delay type                Incr(ns)  Path(ns)    Netlist Resource(s)
  -------------------------------------------------------------------    -------------------
                         (clock pjtag_rclk fall edge)
                                                     50.000    50.000 f  
    A17                                               0.000    50.000 f  pjtag_rtck (IN)
                         net (fo=0)                   0.000    50.000    pjtag_rtck
    A17                  IBUF (Prop_ibuf_I_O)         0.818    50.818 f  pjtag_rtck_IBUF_inst/O
                         net (fo=1, routed)           3.233    54.051    pjtag_rtck_IBUF
    BUFGCTRL_X0Y1        BUFG (Prop_bufg_I_O)         0.093    54.144 f  pjtag_rtck_IBUF_BUFG_inst/O
                         net (fo=253, routed)         1.439    55.583    i_platform/i_rtl/platform_controller/i_rvx_instance_4/i_rvx_instance_0/pjtag_rtck
    SLICE_X37Y250        FDCE                                         r  i_platform/i_rtl/platform_controller/i_rvx_instance_4/i_rvx_instance_0/rvx_port_09_reg/C  (IS_INVERTED)
  -------------------------------------------------------------------    -------------------
    SLICE_X37Y250        FDCE (Prop_fdce_C_Q)         0.228    55.811 r  i_platform/i_rtl/platform_controller/i_rvx_instance_4/i_rvx_instance_0/rvx_port_09_reg/Q
                         net (fo=1, routed)           2.074    57.885    pjtag_rtdo_OBUF
    A16                  OBUF (Prop_obuf_I_O)         2.441    60.326 r  pjtag_rtdo_OBUF_inst/O
                         net (fo=0)                   0.000    60.326    pjtag_rtdo
    A16                                                               r  pjtag_rtdo (OUT)
  -------------------------------------------------------------------    -------------------

                         (clock pjtag_rclk rise edge)
                                                    100.000   100.000 r  
                         clock pessimism              0.000   100.000    
                         clock uncertainty           -0.035    99.965    
                         output delay               -25.000    74.965    
  -------------------------------------------------------------------
                         required time                         74.965    
                         arrival time                         -60.326    
  -------------------------------------------------------------------
                         slack                                 14.639    





Min Delay Paths
--------------------------------------------------------------------------------------
Slack (MET) :             0.108ns  (arrival time - required time)
  Source:                 i_platform/i_rtl/platform_controller/i_rvx_instance_4/i_rvx_instance_3/i_rvx_instance_0/rvx_signal_0_reg[16]/C
                            (rising edge-triggered cell FDCE clocked by pjtag_rclk  {rise@0.000ns fall@50.000ns period=100.000ns})
  Destination:            i_platform/i_rtl/platform_controller/i_rvx_instance_4/i_rvx_instance_3/i_rvx_instance_0/synch_value_reg[16]/D
                            (rising edge-triggered cell FDCE clocked by pjtag_rclk  {rise@0.000ns fall@50.000ns period=100.000ns})
  Path Group:             pjtag_rclk
  Path Type:              Hold (Min at Fast Process Corner)
  Requirement:            0.000ns  (pjtag_rclk rise@0.000ns - pjtag_rclk rise@0.000ns)
  Data Path Delay:        0.155ns  (logic 0.100ns (64.566%)  route 0.055ns (35.434%))
  Logic Levels:           0  
  Clock Path Skew:        0.000ns (DCD - SCD - CPR)
    Destination Clock Delay (DCD):    3.263ns
    Source Clock Delay      (SCD):    2.488ns
    Clock Pessimism Removal (CPR):    0.776ns

    Location             Delay type                Incr(ns)  Path(ns)    Netlist Resource(s)
  -------------------------------------------------------------------    -------------------
                         (clock pjtag_rclk rise edge)
                                                      0.000     0.000 r  
    A17                                               0.000     0.000 r  pjtag_rtck (IN)
                         net (fo=0)                   0.000     0.000    pjtag_rtck
    A17                  IBUF (Prop_ibuf_I_O)         0.159     0.159 r  pjtag_rtck_IBUF_inst/O
                         net (fo=1, routed)           1.740     1.900    pjtag_rtck_IBUF
    BUFGCTRL_X0Y1        BUFG (Prop_bufg_I_O)         0.026     1.926 r  pjtag_rtck_IBUF_BUFG_inst/O
                         net (fo=253, routed)         0.562     2.488    i_platform/i_rtl/platform_controller/i_rvx_instance_4/i_rvx_instance_3/i_rvx_instance_0/pjtag_rtck
    SLICE_X49Y244        FDCE                                         r  i_platform/i_rtl/platform_controller/i_rvx_instance_4/i_rvx_instance_3/i_rvx_instance_0/rvx_signal_0_reg[16]/C
  -------------------------------------------------------------------    -------------------
    SLICE_X49Y244        FDCE (Prop_fdce_C_Q)         0.100     2.588 r  i_platform/i_rtl/platform_controller/i_rvx_instance_4/i_rvx_instance_3/i_rvx_instance_0/rvx_signal_0_reg[16]/Q
                         net (fo=1, routed)           0.055     2.643    i_platform/i_rtl/platform_controller/i_rvx_instance_4/i_rvx_instance_3/i_rvx_instance_0/rvx_signal_0_reg_n_0_[16]
    SLICE_X49Y244        FDCE                                         r  i_platform/i_rtl/platform_controller/i_rvx_instance_4/i_rvx_instance_3/i_rvx_instance_0/synch_value_reg[16]/D
  -------------------------------------------------------------------    -------------------

                         (clock pjtag_rclk rise edge)
                                                      0.000     0.000 r  
    A17                                               0.000     0.000 r  pjtag_rtck (IN)
                         net (fo=0)                   0.000     0.000    pjtag_rtck
    A17                  IBUF (Prop_ibuf_I_O)         0.408     0.408 r  pjtag_rtck_IBUF_inst/O
                         net (fo=1, routed)           2.059     2.467    pjtag_rtck_IBUF
    BUFGCTRL_X0Y1        BUFG (Prop_bufg_I_O)         0.030     2.497 r  pjtag_rtck_IBUF_BUFG_inst/O
                         net (fo=253, routed)         0.766     3.263    i_platform/i_rtl/platform_controller/i_rvx_instance_4/i_rvx_instance_3/i_rvx_instance_0/pjtag_rtck
    SLICE_X49Y244        FDCE                                         r  i_platform/i_rtl/platform_controller/i_rvx_instance_4/i_rvx_instance_3/i_rvx_instance_0/synch_value_reg[16]/C
                         clock pessimism             -0.776     2.488    
    SLICE_X49Y244        FDCE (Hold_fdce_C_D)         0.047     2.535    i_platform/i_rtl/platform_controller/i_rvx_instance_4/i_rvx_instance_3/i_rvx_instance_0/synch_value_reg[16]
  -------------------------------------------------------------------
                         required time                         -2.535    
                         arrival time                           2.643    
  -------------------------------------------------------------------
                         slack                                  0.108    





Pulse Width Checks
--------------------------------------------------------------------------------------
Clock Name:         pjtag_rclk
Waveform(ns):       { 0.000 50.000 }
Period(ns):         100.000
Sources:            { pjtag_rtck }

Check Type        Corner  Lib Pin  Reference Pin  Required(ns)  Actual(ns)  Slack(ns)  Location       Pin
Min Period        n/a     BUFG/I   n/a            1.408         100.000     98.591     BUFGCTRL_X0Y1  pjtag_rtck_IBUF_BUFG_inst/I
Low Pulse Width   Slow    FDCE/C   n/a            0.400         50.000      49.600     SLICE_X41Y250  i_platform/i_rtl/platform_controller/i_rvx_instance_4/i_rvx_instance_0/FSM_onehot_rvx_signal_14_reg[14]/C
High Pulse Width  Slow    FDCE/C   n/a            0.350         50.000      49.650     SLICE_X41Y250  i_platform/i_rtl/platform_controller/i_rvx_instance_4/i_rvx_instance_0/FSM_onehot_rvx_signal_14_reg[0]/C



---------------------------------------------------------------------------------------------------
Path Group:  **async_default**
From Clock:  clk_50000000_xilinx_clock_pll_0
  To Clock:  clk_50000000_xilinx_clock_pll_0

Setup :            0  Failing Endpoints,  Worst Slack        3.690ns,  Total Violation        0.000ns
Hold  :            0  Failing Endpoints,  Worst Slack        0.484ns,  Total Violation        0.000ns
---------------------------------------------------------------------------------------------------


Max Delay Paths
--------------------------------------------------------------------------------------
Slack (MET) :             3.690ns  (required time - arrival time)
  Source:                 i_platform/i_rtl/platform_controller/i_rvx_instance_3/rvx_signal_25_reg[1]/C
                            (rising edge-triggered cell FDCE clocked by clk_50000000_xilinx_clock_pll_0  {rise@0.000ns fall@10.000ns period=20.000ns})
  Destination:            i_platform/i_rtl/i_snim_external_peri_group_no_name/i_munoc_instance_0/i_munoc_instance_2/i_munoc_instance_2/i_gen_buffer[0].i_munoc_instance_0/rvx_signal_6_reg[0][47]/CLR
                            (recovery check against rising-edge clock clk_50000000_xilinx_clock_pll_0  {rise@0.000ns fall@10.000ns period=20.000ns})
  Path Group:             **async_default**
  Path Type:              Recovery (Max at Slow Process Corner)
  Requirement:            20.000ns  (clk_50000000_xilinx_clock_pll_0 rise@20.000ns - clk_50000000_xilinx_clock_pll_0 rise@0.000ns)
  Data Path Delay:        15.996ns  (logic 0.274ns (1.713%)  route 15.722ns (98.287%))
  Logic Levels:           1  (LUT2=1)
  Clock Path Skew:        0.008ns (DCD - SCD + CPR)
    Destination Clock Delay (DCD):    -1.480ns = ( 18.520 - 20.000 ) 
    Source Clock Delay      (SCD):    -2.139ns
    Clock Pessimism Removal (CPR):    -0.652ns
  Clock Uncertainty:      0.075ns  ((TSJ^2 + DJ^2)^1/2) / 2 + PE
    Total System Jitter     (TSJ):    0.071ns
    Discrete Jitter          (DJ):    0.132ns
    Phase Error              (PE):    0.000ns

    Location             Delay type                Incr(ns)  Path(ns)    Netlist Resource(s)
  -------------------------------------------------------------------    -------------------
                         (clock clk_50000000_xilinx_clock_pll_0 rise edge)
                                                      0.000     0.000 r  
    AD12                                              0.000     0.000 r  external_clk_0 (IN)
                         net (fo=0)                   0.000     0.000    i_platform/i_pll0/i_xilinx_clock_pll_0/inst/clk_in1_p
    AD12                 IBUFDS (Prop_ibufds_I_O)     0.906     0.906 r  i_platform/i_pll0/i_xilinx_clock_pll_0/inst/clkin1_ibufgds/O
                         net (fo=1, routed)           1.081     1.987    i_platform/i_pll0/i_xilinx_clock_pll_0/inst/clk_in1_xilinx_clock_pll_0
    MMCME2_ADV_X1Y1      MMCME2_ADV (Prop_mmcme2_adv_CLKIN1_CLKOUT0)
                                                     -7.786    -5.799 r  i_platform/i_pll0/i_xilinx_clock_pll_0/inst/mmcm_adv_inst/CLKOUT0
                         net (fo=1, routed)           2.130    -3.669    i_platform/i_pll0/i_xilinx_clock_pll_0/inst/clk_50000000_xilinx_clock_pll_0
    BUFGCTRL_X0Y0        BUFG (Prop_bufg_I_O)         0.093    -3.576 r  i_platform/i_pll0/i_xilinx_clock_pll_0/inst/clkout1_buf/O
                         net (fo=75859, routed)       1.437    -2.139    i_platform/i_rtl/platform_controller/i_rvx_instance_3/clk_50000000
    SLICE_X40Y293        FDCE                                         r  i_platform/i_rtl/platform_controller/i_rvx_instance_3/rvx_signal_25_reg[1]/C
  -------------------------------------------------------------------    -------------------
    SLICE_X40Y293        FDCE (Prop_fdce_C_Q)         0.223    -1.916 r  i_platform/i_rtl/platform_controller/i_rvx_instance_3/rvx_signal_25_reg[1]/Q
                         net (fo=3, routed)           0.517    -1.399    i_platform/i_rtl/platform_controller/i_rvx_instance_3/Q[1]
    SLICE_X40Y291        LUT2 (Prop_lut2_I0_O)        0.051    -1.348 f  i_platform/i_rtl/platform_controller/i_rvx_instance_3/rvx_port_3[56]_i_3__1/O
                         net (fo=4851, routed)       15.205    13.857    i_platform/i_rtl/i_snim_external_peri_group_no_name/i_munoc_instance_0/i_munoc_instance_2/i_munoc_instance_2/i_gen_buffer[0].i_munoc_instance_0/value_reg[0]_0
    SLICE_X12Y318        FDCE                                         f  i_platform/i_rtl/i_snim_external_peri_group_no_name/i_munoc_instance_0/i_munoc_instance_2/i_munoc_instance_2/i_gen_buffer[0].i_munoc_instance_0/rvx_signal_6_reg[0][47]/CLR
  -------------------------------------------------------------------    -------------------

                         (clock clk_50000000_xilinx_clock_pll_0 rise edge)
                                                     20.000    20.000 r  
    AD12                                              0.000    20.000 r  external_clk_0 (IN)
                         net (fo=0)                   0.000    20.000    i_platform/i_pll0/i_xilinx_clock_pll_0/inst/clk_in1_p
    AD12                 IBUFDS (Prop_ibufds_I_O)     0.803    20.803 r  i_platform/i_pll0/i_xilinx_clock_pll_0/inst/clkin1_ibufgds/O
                         net (fo=1, routed)           0.986    21.789    i_platform/i_pll0/i_xilinx_clock_pll_0/inst/clk_in1_xilinx_clock_pll_0
    MMCME2_ADV_X1Y1      MMCME2_ADV (Prop_mmcme2_adv_CLKIN1_CLKOUT0)
                                                     -6.759    15.030 r  i_platform/i_pll0/i_xilinx_clock_pll_0/inst/mmcm_adv_inst/CLKOUT0
                         net (fo=1, routed)           2.005    17.035    i_platform/i_pll0/i_xilinx_clock_pll_0/inst/clk_50000000_xilinx_clock_pll_0
    BUFGCTRL_X0Y0        BUFG (Prop_bufg_I_O)         0.083    17.118 r  i_platform/i_pll0/i_xilinx_clock_pll_0/inst/clkout1_buf/O
                         net (fo=75859, routed)       1.402    18.520    i_platform/i_rtl/i_snim_external_peri_group_no_name/i_munoc_instance_0/i_munoc_instance_2/i_munoc_instance_2/i_gen_buffer[0].i_munoc_instance_0/clk_50000000
    SLICE_X12Y318        FDCE                                         r  i_platform/i_rtl/i_snim_external_peri_group_no_name/i_munoc_instance_0/i_munoc_instance_2/i_munoc_instance_2/i_gen_buffer[0].i_munoc_instance_0/rvx_signal_6_reg[0][47]/C
                         clock pessimism             -0.652    17.869    
                         clock uncertainty           -0.075    17.794    
    SLICE_X12Y318        FDCE (Recov_fdce_C_CLR)     -0.247    17.547    i_platform/i_rtl/i_snim_external_peri_group_no_name/i_munoc_instance_0/i_munoc_instance_2/i_munoc_instance_2/i_gen_buffer[0].i_munoc_instance_0/rvx_signal_6_reg[0][47]
  -------------------------------------------------------------------
                         required time                         17.547    
                         arrival time                         -13.857    
  -------------------------------------------------------------------
                         slack                                  3.690    





Min Delay Paths
--------------------------------------------------------------------------------------
Slack (MET) :             0.484ns  (arrival time - required time)
  Source:                 i_platform/i_rtl/platform_controller/i_rvx_instance_3/rvx_signal_05_reg[5]/C
                            (rising edge-triggered cell FDPE clocked by clk_50000000_xilinx_clock_pll_0  {rise@0.000ns fall@10.000ns period=20.000ns})
  Destination:            i_platform/i_rtl/i_main_core/i_orca/core/I/single_fetch_in_flight.instruction_fifo_readdata_reg[5]/CLR
                            (removal check against rising-edge clock clk_50000000_xilinx_clock_pll_0  {rise@0.000ns fall@10.000ns period=20.000ns})
  Path Group:             **async_default**
  Path Type:              Removal (Min at Fast Process Corner)
  Requirement:            0.000ns  (clk_50000000_xilinx_clock_pll_0 rise@0.000ns - clk_50000000_xilinx_clock_pll_0 rise@0.000ns)
  Data Path Delay:        0.444ns  (logic 0.128ns (28.841%)  route 0.316ns (71.159%))
  Logic Levels:           1  (LUT2=1)
  Clock Path Skew:        0.029ns (DCD - SCD - CPR)
    Destination Clock Delay (DCD):    -0.566ns
    Source Clock Delay      (SCD):    -0.538ns
    Clock Pessimism Removal (CPR):    -0.058ns

    Location             Delay type                Incr(ns)  Path(ns)    Netlist Resource(s)
  -------------------------------------------------------------------    -------------------
                         (clock clk_50000000_xilinx_clock_pll_0 rise edge)
                                                      0.000     0.000 r  
    AD12                                              0.000     0.000 r  external_clk_0 (IN)
                         net (fo=0)                   0.000     0.000    i_platform/i_pll0/i_xilinx_clock_pll_0/inst/clk_in1_p
    AD12                 IBUFDS (Prop_ibufds_I_O)     0.388     0.388 r  i_platform/i_pll0/i_xilinx_clock_pll_0/inst/clkin1_ibufgds/O
                         net (fo=1, routed)           0.503     0.891    i_platform/i_pll0/i_xilinx_clock_pll_0/inst/clk_in1_xilinx_clock_pll_0
    MMCME2_ADV_X1Y1      MMCME2_ADV (Prop_mmcme2_adv_CLKIN1_CLKOUT0)
                                                     -3.040    -2.149 r  i_platform/i_pll0/i_xilinx_clock_pll_0/inst/mmcm_adv_inst/CLKOUT0
                         net (fo=1, routed)           0.940    -1.209    i_platform/i_pll0/i_xilinx_clock_pll_0/inst/clk_50000000_xilinx_clock_pll_0
    BUFGCTRL_X0Y0        BUFG (Prop_bufg_I_O)         0.026    -1.183 r  i_platform/i_pll0/i_xilinx_clock_pll_0/inst/clkout1_buf/O
                         net (fo=75859, routed)       0.645    -0.538    i_platform/i_rtl/platform_controller/i_rvx_instance_3/clk_50000000
    SLICE_X41Y290        FDPE                                         r  i_platform/i_rtl/platform_controller/i_rvx_instance_3/rvx_signal_05_reg[5]/C
  -------------------------------------------------------------------    -------------------
    SLICE_X41Y290        FDPE (Prop_fdpe_C_Q)         0.100    -0.438 r  i_platform/i_rtl/platform_controller/i_rvx_instance_3/rvx_signal_05_reg[5]/Q
                         net (fo=4, routed)           0.108    -0.330    i_platform/i_rtl/platform_controller/i_rvx_instance_3/rvx_signal_05_reg[6]_0[5]
    SLICE_X40Y290        LUT2 (Prop_lut2_I0_O)        0.028    -0.302 f  i_platform/i_rtl/platform_controller/i_rvx_instance_3/instruction_fifo_usedw[0]_i_5/O
                         net (fo=1794, routed)        0.208    -0.094    i_platform/i_rtl/i_main_core/i_orca/core/I/program_counter_reg[31]_0
    SLICE_X45Y291        FDCE                                         f  i_platform/i_rtl/i_main_core/i_orca/core/I/single_fetch_in_flight.instruction_fifo_readdata_reg[5]/CLR
  -------------------------------------------------------------------    -------------------

                         (clock clk_50000000_xilinx_clock_pll_0 rise edge)
                                                      0.000     0.000 r  
    AD12                                              0.000     0.000 r  external_clk_0 (IN)
                         net (fo=0)                   0.000     0.000    i_platform/i_pll0/i_xilinx_clock_pll_0/inst/clk_in1_p
    AD12                 IBUFDS (Prop_ibufds_I_O)     0.470     0.470 r  i_platform/i_pll0/i_xilinx_clock_pll_0/inst/clkin1_ibufgds/O
                         net (fo=1, routed)           0.553     1.023    i_platform/i_pll0/i_xilinx_clock_pll_0/inst/clk_in1_xilinx_clock_pll_0
    MMCME2_ADV_X1Y1      MMCME2_ADV (Prop_mmcme2_adv_CLKIN1_CLKOUT0)
                                                     -3.493    -2.470 r  i_platform/i_pll0/i_xilinx_clock_pll_0/inst/mmcm_adv_inst/CLKOUT0
                         net (fo=1, routed)           1.007    -1.463    i_platform/i_pll0/i_xilinx_clock_pll_0/inst/clk_50000000_xilinx_clock_pll_0
    BUFGCTRL_X0Y0        BUFG (Prop_bufg_I_O)         0.030    -1.433 r  i_platform/i_pll0/i_xilinx_clock_pll_0/inst/clkout1_buf/O
                         net (fo=75859, routed)       0.867    -0.566    i_platform/i_rtl/i_main_core/i_orca/core/I/clk_50000000
    SLICE_X45Y291        FDCE                                         r  i_platform/i_rtl/i_main_core/i_orca/core/I/single_fetch_in_flight.instruction_fifo_readdata_reg[5]/C
                         clock pessimism              0.058    -0.509    
    SLICE_X45Y291        FDCE (Remov_fdce_C_CLR)     -0.069    -0.578    i_platform/i_rtl/i_main_core/i_orca/core/I/single_fetch_in_flight.instruction_fifo_readdata_reg[5]
  -------------------------------------------------------------------
                         required time                          0.578    
                         arrival time                          -0.094    
  -------------------------------------------------------------------
                         slack                                  0.484    





